GowinSynthesis start
Running parser ...
Analyzing Verilog file 'C:\Users\hra\Documents\github\HRA_product\CQ_GOWIN_FPGA_Vol6\FPGA\SimplePhotoFrame\src\BusArbiter\bus_arbiter.v'
Analyzing Verilog file 'C:\Users\hra\Documents\github\HRA_product\CQ_GOWIN_FPGA_Vol6\FPGA\SimplePhotoFrame\src\Cache\cache.v'
Analyzing Verilog file 'C:\Users\hra\Documents\github\HRA_product\CQ_GOWIN_FPGA_Vol6\FPGA\SimplePhotoFrame\src\Cache\cache_line.v'
Analyzing Verilog file 'C:\Users\hra\Documents\github\HRA_product\CQ_GOWIN_FPGA_Vol6\FPGA\SimplePhotoFrame\src\Cache\cache_tag.v'
Analyzing Verilog file 'C:\Users\hra\Documents\github\HRA_product\CQ_GOWIN_FPGA_Vol6\FPGA\SimplePhotoFrame\src\DisplayController\display_address_generator.v'
Analyzing Verilog file 'C:\Users\hra\Documents\github\HRA_product\CQ_GOWIN_FPGA_Vol6\FPGA\SimplePhotoFrame\src\DisplayController\display_controller.v'
Analyzing Verilog file 'C:\Users\hra\Documents\github\HRA_product\CQ_GOWIN_FPGA_Vol6\FPGA\SimplePhotoFrame\src\DisplayController\display_preload_buffer.v'
Analyzing Verilog file 'C:\Users\hra\Documents\github\HRA_product\CQ_GOWIN_FPGA_Vol6\FPGA\SimplePhotoFrame\src\DisplayController\display_single_port_ram.v'
Analyzing Verilog file 'C:\Users\hra\Documents\github\HRA_product\CQ_GOWIN_FPGA_Vol6\FPGA\SimplePhotoFrame\src\DisplayController\display_timming_generator.v'
Analyzing Verilog file 'C:\Users\hra\Documents\github\HRA_product\CQ_GOWIN_FPGA_Vol6\FPGA\SimplePhotoFrame\src\GraphicProcessor1\graphic_processor1.v'
Analyzing Verilog file 'C:\Users\hra\Documents\github\HRA_product\CQ_GOWIN_FPGA_Vol6\FPGA\SimplePhotoFrame\src\GraphicProcessor2\graphic_processor2.v'
Analyzing Verilog file 'C:\Users\hra\Documents\github\HRA_product\CQ_GOWIN_FPGA_Vol6\FPGA\SimplePhotoFrame\src\SPI\ip_spi.v'
Analyzing Verilog file 'C:\Users\hra\Documents\github\HRA_product\CQ_GOWIN_FPGA_Vol6\FPGA\SimplePhotoFrame\src\SPI\spi.v'
Analyzing Verilog file 'C:\Users\hra\Documents\github\HRA_product\CQ_GOWIN_FPGA_Vol6\FPGA\SimplePhotoFrame\src\SdramController\ip_sdram_tangnano20k.v'
Analyzing Verilog file 'C:\Users\hra\Documents\github\HRA_product\CQ_GOWIN_FPGA_Vol6\FPGA\SimplePhotoFrame\src\SimplePhotoFrame.v'
Undeclared symbol 'bus0_flush', assumed default net type 'wire'("C:\Users\hra\Documents\github\HRA_product\CQ_GOWIN_FPGA_Vol6\FPGA\SimplePhotoFrame\src\SimplePhotoFrame.v":254)
Undeclared symbol 'bus1_flush', assumed default net type 'wire'("C:\Users\hra\Documents\github\HRA_product\CQ_GOWIN_FPGA_Vol6\FPGA\SimplePhotoFrame\src\SimplePhotoFrame.v":279)
Analyzing Verilog file 'C:\Users\hra\Documents\github\HRA_product\CQ_GOWIN_FPGA_Vol6\FPGA\SimplePhotoFrame\src\VramAccessor\vram_accessor.v'
Analyzing Verilog file 'C:\Users\hra\Documents\github\HRA_product\CQ_GOWIN_FPGA_Vol6\FPGA\SimplePhotoFrame\src\gowin_rpll\gowin_rpll.v'
Analyzing Verilog file 'C:\Users\hra\Documents\github\HRA_product\CQ_GOWIN_FPGA_Vol6\FPGA\SimplePhotoFrame\src\qspi_rom\ip_qspi_rom.v'
Analyzing Verilog file 'C:\Users\hra\Documents\github\HRA_product\CQ_GOWIN_FPGA_Vol6\FPGA\SimplePhotoFrame\src\qspi_rom\qspi.v'
Compiling module 'simple_photo_frame'("C:\Users\hra\Documents\github\HRA_product\CQ_GOWIN_FPGA_Vol6\FPGA\SimplePhotoFrame\src\SimplePhotoFrame.v":6)
WARN  (EX3780) : Using initial value of 'ff_reset_bus' since it is never assigned("C:\Users\hra\Documents\github\HRA_product\CQ_GOWIN_FPGA_Vol6\FPGA\SimplePhotoFrame\src\SimplePhotoFrame.v":48)
Compiling module 'Gowin_rPLL'("C:\Users\hra\Documents\github\HRA_product\CQ_GOWIN_FPGA_Vol6\FPGA\SimplePhotoFrame\src\gowin_rpll\gowin_rpll.v":11)
Compiling module 'ip_spi'("C:\Users\hra\Documents\github\HRA_product\CQ_GOWIN_FPGA_Vol6\FPGA\SimplePhotoFrame\src\SPI\ip_spi.v":34)
Compiling module 'spi'("C:\Users\hra\Documents\github\HRA_product\CQ_GOWIN_FPGA_Vol6\FPGA\SimplePhotoFrame\src\SPI\spi.v":38)
Compiling module 'ip_qspi_rom'("C:\Users\hra\Documents\github\HRA_product\CQ_GOWIN_FPGA_Vol6\FPGA\SimplePhotoFrame\src\qspi_rom\ip_qspi_rom.v":27)
WARN  (EX3791) : Expression size 32 truncated to fit in target size 3("C:\Users\hra\Documents\github\HRA_product\CQ_GOWIN_FPGA_Vol6\FPGA\SimplePhotoFrame\src\qspi_rom\ip_qspi_rom.v":380)
Compiling module 'qspi'("C:\Users\hra\Documents\github\HRA_product\CQ_GOWIN_FPGA_Vol6\FPGA\SimplePhotoFrame\src\qspi_rom\qspi.v":27)
Compiling module 'display_controller'("C:\Users\hra\Documents\github\HRA_product\CQ_GOWIN_FPGA_Vol6\FPGA\SimplePhotoFrame\src\DisplayController\display_controller.v":57)
Compiling module 'display_address_generator'("C:\Users\hra\Documents\github\HRA_product\CQ_GOWIN_FPGA_Vol6\FPGA\SimplePhotoFrame\src\DisplayController\display_address_generator.v":57)
WARN  (EX3791) : Expression size 20 truncated to fit in target size 18("C:\Users\hra\Documents\github\HRA_product\CQ_GOWIN_FPGA_Vol6\FPGA\SimplePhotoFrame\src\DisplayController\display_address_generator.v":249)
Compiling module 'display_preload_buffer'("C:\Users\hra\Documents\github\HRA_product\CQ_GOWIN_FPGA_Vol6\FPGA\SimplePhotoFrame\src\DisplayController\display_preload_buffer.v":57)
Compiling module 'display_single_port_ram'("C:\Users\hra\Documents\github\HRA_product\CQ_GOWIN_FPGA_Vol6\FPGA\SimplePhotoFrame\src\DisplayController\display_single_port_ram.v":57)
Extracting RAM for identifier 'ff_ram'("C:\Users\hra\Documents\github\HRA_product\CQ_GOWIN_FPGA_Vol6\FPGA\SimplePhotoFrame\src\DisplayController\display_single_port_ram.v":64)
Compiling module 'display_timming_generator'("C:\Users\hra\Documents\github\HRA_product\CQ_GOWIN_FPGA_Vol6\FPGA\SimplePhotoFrame\src\DisplayController\display_timming_generator.v":57)
Compiling module 'graphic_processor1'("C:\Users\hra\Documents\github\HRA_product\CQ_GOWIN_FPGA_Vol6\FPGA\SimplePhotoFrame\src\GraphicProcessor1\graphic_processor1.v":57)
Compiling module 'graphic_processor2'("C:\Users\hra\Documents\github\HRA_product\CQ_GOWIN_FPGA_Vol6\FPGA\SimplePhotoFrame\src\GraphicProcessor2\graphic_processor2.v":57)
Compiling module 'vram_accessor'("C:\Users\hra\Documents\github\HRA_product\CQ_GOWIN_FPGA_Vol6\FPGA\SimplePhotoFrame\src\VramAccessor\vram_accessor.v":57)
Compiling module 'bus_arbiter'("C:\Users\hra\Documents\github\HRA_product\CQ_GOWIN_FPGA_Vol6\FPGA\SimplePhotoFrame\src\BusArbiter\bus_arbiter.v":34)
Compiling module 'cache'("C:\Users\hra\Documents\github\HRA_product\CQ_GOWIN_FPGA_Vol6\FPGA\SimplePhotoFrame\src\Cache\cache.v":34)
Compiling module 'cache_line'("C:\Users\hra\Documents\github\HRA_product\CQ_GOWIN_FPGA_Vol6\FPGA\SimplePhotoFrame\src\Cache\cache_line.v":34)
Extracting RAM for identifier 'ram_instance'("C:\Users\hra\Documents\github\HRA_product\CQ_GOWIN_FPGA_Vol6\FPGA\SimplePhotoFrame\src\Cache\cache_line.v":43)
Compiling module 'cache_tag'("C:\Users\hra\Documents\github\HRA_product\CQ_GOWIN_FPGA_Vol6\FPGA\SimplePhotoFrame\src\Cache\cache_tag.v":34)
Extracting RAM for identifier 'ram_instance'("C:\Users\hra\Documents\github\HRA_product\CQ_GOWIN_FPGA_Vol6\FPGA\SimplePhotoFrame\src\Cache\cache_tag.v":43)
Compiling module 'ip_sdram'("C:\Users\hra\Documents\github\HRA_product\CQ_GOWIN_FPGA_Vol6\FPGA\SimplePhotoFrame\src\SdramController\ip_sdram_tangnano20k.v":57)
WARN  (EX3791) : Expression size 32 truncated to fit in target size 16("C:\Users\hra\Documents\github\HRA_product\CQ_GOWIN_FPGA_Vol6\FPGA\SimplePhotoFrame\src\SdramController\ip_sdram_tangnano20k.v":367)
WARN  (EX1998) : Net 'bus0_flash' does not have a driver("C:\Users\hra\Documents\github\HRA_product\CQ_GOWIN_FPGA_Vol6\FPGA\SimplePhotoFrame\src\SimplePhotoFrame.v":82)
WARN  (EX1998) : Net 'bus1_flash' does not have a driver("C:\Users\hra\Documents\github\HRA_product\CQ_GOWIN_FPGA_Vol6\FPGA\SimplePhotoFrame\src\SimplePhotoFrame.v":90)
WARN  (EX1998) : Net 'bus2_address[22]' does not have a driver("C:\Users\hra\Documents\github\HRA_product\CQ_GOWIN_FPGA_Vol6\FPGA\SimplePhotoFrame\src\SimplePhotoFrame.v":95)
WARN  (EX1998) : Net 'bus2_write' does not have a driver("C:\Users\hra\Documents\github\HRA_product\CQ_GOWIN_FPGA_Vol6\FPGA\SimplePhotoFrame\src\SimplePhotoFrame.v":96)
WARN  (EX1998) : Net 'bus2_wdata[15]' does not have a driver("C:\Users\hra\Documents\github\HRA_product\CQ_GOWIN_FPGA_Vol6\FPGA\SimplePhotoFrame\src\SimplePhotoFrame.v":97)
WARN  (EX1998) : Net 'bus2_flash' does not have a driver("C:\Users\hra\Documents\github\HRA_product\CQ_GOWIN_FPGA_Vol6\FPGA\SimplePhotoFrame\src\SimplePhotoFrame.v":98)
WARN  (EX1998) : Net 'bus2_valid' does not have a driver("C:\Users\hra\Documents\github\HRA_product\CQ_GOWIN_FPGA_Vol6\FPGA\SimplePhotoFrame\src\SimplePhotoFrame.v":99)
WARN  (EX1998) : Net 'disp_sdram_address_ready' does not have a driver("C:\Users\hra\Documents\github\HRA_product\CQ_GOWIN_FPGA_Vol6\FPGA\SimplePhotoFrame\src\SimplePhotoFrame.v":127)
WARN  (EX1998) : Net 'disp_sdram_rdata[31]' does not have a driver("C:\Users\hra\Documents\github\HRA_product\CQ_GOWIN_FPGA_Vol6\FPGA\SimplePhotoFrame\src\SimplePhotoFrame.v":128)
WARN  (EX1998) : Net 'disp_sdram_rdata_valid' does not have a driver("C:\Users\hra\Documents\github\HRA_product\CQ_GOWIN_FPGA_Vol6\FPGA\SimplePhotoFrame\src\SimplePhotoFrame.v":129)
NOTE  (EX0101) : Current top module is "simple_photo_frame"
[5%] Running netlist conversion ...
WARN  (CV0016) : Input button is unused("C:\Users\hra\Documents\github\HRA_product\CQ_GOWIN_FPGA_Vol6\FPGA\SimplePhotoFrame\src\SimplePhotoFrame.v":33)
Running device independent optimization ...
[10%] Optimizing Phase 0 completed
[15%] Optimizing Phase 1 completed
[25%] Optimizing Phase 2 completed
Running inference ...
[30%] Inferring Phase 0 completed
[40%] Inferring Phase 1 completed
[50%] Inferring Phase 2 completed
[55%] Inferring Phase 3 completed
Running technical mapping ...
[60%] Tech-Mapping Phase 0 completed
[65%] Tech-Mapping Phase 1 completed
[75%] Tech-Mapping Phase 2 completed
[80%] Tech-Mapping Phase 3 completed
[90%] Tech-Mapping Phase 4 completed
WARN  (NL0002) : The module "bus_arbiter" instantiated to "u_bus_arbiter" is swept in optimizing("C:\Users\hra\Documents\github\HRA_product\CQ_GOWIN_FPGA_Vol6\FPGA\SimplePhotoFrame\src\SimplePhotoFrame.v":356)
[95%] Generate netlist file "C:\Users\hra\Documents\github\HRA_product\CQ_GOWIN_FPGA_Vol6\FPGA\SimplePhotoFrame\impl\gwsynthesis\SimplePhotoFrame.vg" completed
[100%] Generate report file "C:\Users\hra\Documents\github\HRA_product\CQ_GOWIN_FPGA_Vol6\FPGA\SimplePhotoFrame\impl\gwsynthesis\SimplePhotoFrame_syn.rpt.html" completed
GowinSynthesis finish
