Archive member included to satisfy reference by file (symbol)

/usr/lib/gcc/arm-none-eabi/13.2.1/../../../arm-none-eabi/lib/thumb/v8-m.main+fp/softfp/libm.a(libm_a-wf_sqrt.o)
                              CMakeFiles/simple_photo_frame.dir/mnt/c/Users/hra/Documents/github/OTHERS/pico-sdk/src/rp2_common/pico_float/float_math.c.o (sqrtf)
/usr/lib/gcc/arm-none-eabi/13.2.1/../../../arm-none-eabi/lib/thumb/v8-m.main+fp/softfp/libm.a(libm_a-ef_sqrt.o)
                              /usr/lib/gcc/arm-none-eabi/13.2.1/../../../arm-none-eabi/lib/thumb/v8-m.main+fp/softfp/libm.a(libm_a-wf_sqrt.o) (__ieee754_sqrtf)
/usr/lib/gcc/arm-none-eabi/13.2.1/thumb/v8-m.main+fp/softfp/libgcc.a(_arm_addsubdf3.o)
                              CMakeFiles/simple_photo_frame.dir/mnt/c/Users/hra/Documents/github/OTHERS/pico-sdk/src/rp2_common/pico_float/float_math.c.o (__aeabi_f2d)
/usr/lib/gcc/arm-none-eabi/13.2.1/thumb/v8-m.main+fp/softfp/libgcc.a(_aeabi_ldivmod.o)
                              CMakeFiles/simple_photo_frame.dir/mnt/c/Users/hra/Documents/github/OTHERS/pico-sdk/src/common/pico_time/time.c.o (__aeabi_ldivmod)
/usr/lib/gcc/arm-none-eabi/13.2.1/thumb/v8-m.main+fp/softfp/libgcc.a(_aeabi_uldivmod.o)
                              CMakeFiles/simple_photo_frame.dir/mnt/c/Users/hra/Documents/github/OTHERS/pico-sdk/src/rp2_common/hardware_clocks/clocks.c.o (__aeabi_uldivmod)
/usr/lib/gcc/arm-none-eabi/13.2.1/thumb/v8-m.main+fp/softfp/libgcc.a(_udivmoddi4.o)
                              /usr/lib/gcc/arm-none-eabi/13.2.1/thumb/v8-m.main+fp/softfp/libgcc.a(_aeabi_ldivmod.o) (__udivmoddi4)
/usr/lib/gcc/arm-none-eabi/13.2.1/thumb/v8-m.main+fp/softfp/libgcc.a(_dvmd_tls.o)
                              /usr/lib/gcc/arm-none-eabi/13.2.1/thumb/v8-m.main+fp/softfp/libgcc.a(_aeabi_ldivmod.o) (__aeabi_ldiv0)
/usr/lib/gcc/arm-none-eabi/13.2.1/../../../arm-none-eabi/lib/thumb/v8-m.main+fp/softfp/libg.a(libc_a-rand.o)
                              CMakeFiles/simple_photo_frame.dir/simple_photo_frame.c.o (rand)
/usr/lib/gcc/arm-none-eabi/13.2.1/../../../arm-none-eabi/lib/thumb/v8-m.main+fp/softfp/libg.a(libc_a-memset.o)
                              /usr/lib/gcc/arm-none-eabi/13.2.1/../../../arm-none-eabi/lib/thumb/v8-m.main+fp/softfp/crt0.o (memset)
/usr/lib/gcc/arm-none-eabi/13.2.1/../../../arm-none-eabi/lib/thumb/v8-m.main+fp/softfp/libg.a(libc_a-strchr.o)
                              CMakeFiles/simple_photo_frame.dir/mnt/c/Users/hra/Documents/github/OTHERS/pico-sdk/lib/tinyusb/lib/fatfs/source/ff.c.o (strchr)
/usr/lib/gcc/arm-none-eabi/13.2.1/../../../arm-none-eabi/lib/thumb/v8-m.main+fp/softfp/libg.a(libc_a-calloc.o)
                              CMakeFiles/simple_photo_frame.dir/mnt/c/Users/hra/Documents/github/OTHERS/pico-sdk/src/rp2_common/pico_malloc/malloc.c.o (calloc)
/usr/lib/gcc/arm-none-eabi/13.2.1/../../../arm-none-eabi/lib/thumb/v8-m.main+fp/softfp/libg.a(libc_a-errno.o)
                              /usr/lib/gcc/arm-none-eabi/13.2.1/../../../arm-none-eabi/lib/thumb/v8-m.main+fp/softfp/libm.a(libm_a-wf_sqrt.o) (__errno)
/usr/lib/gcc/arm-none-eabi/13.2.1/../../../arm-none-eabi/lib/thumb/v8-m.main+fp/softfp/libg.a(libc_a-impure.o)
                              /usr/lib/gcc/arm-none-eabi/13.2.1/../../../arm-none-eabi/lib/thumb/v8-m.main+fp/softfp/libg.a(libc_a-rand.o) (_impure_ptr)
/usr/lib/gcc/arm-none-eabi/13.2.1/../../../arm-none-eabi/lib/thumb/v8-m.main+fp/softfp/libg.a(libc_a-callocr.o)
                              /usr/lib/gcc/arm-none-eabi/13.2.1/../../../arm-none-eabi/lib/thumb/v8-m.main+fp/softfp/libg.a(libc_a-calloc.o) (_calloc_r)
/usr/lib/gcc/arm-none-eabi/13.2.1/../../../arm-none-eabi/lib/thumb/v8-m.main+fp/softfp/libg.a(libc_a-realloc.o)
                              CMakeFiles/simple_photo_frame.dir/mnt/c/Users/hra/Documents/github/OTHERS/pico-sdk/src/rp2_common/pico_malloc/malloc.c.o (realloc)
/usr/lib/gcc/arm-none-eabi/13.2.1/../../../arm-none-eabi/lib/thumb/v8-m.main+fp/softfp/libg.a(libc_a-mallocr.o)
                              /usr/lib/gcc/arm-none-eabi/13.2.1/../../../arm-none-eabi/lib/thumb/v8-m.main+fp/softfp/libg.a(libc_a-callocr.o) (_malloc_r)
/usr/lib/gcc/arm-none-eabi/13.2.1/../../../arm-none-eabi/lib/thumb/v8-m.main+fp/softfp/libg.a(libc_a-freer.o)
                              /usr/lib/gcc/arm-none-eabi/13.2.1/../../../arm-none-eabi/lib/thumb/v8-m.main+fp/softfp/libg.a(libc_a-mallocr.o) (_free_r)
/usr/lib/gcc/arm-none-eabi/13.2.1/../../../arm-none-eabi/lib/thumb/v8-m.main+fp/softfp/libg.a(libc_a-memcmp.o)
                              CMakeFiles/simple_photo_frame.dir/mnt/c/Users/hra/Documents/github/OTHERS/pico-sdk/lib/tinyusb/lib/fatfs/source/ff.c.o (memcmp)
/usr/lib/gcc/arm-none-eabi/13.2.1/../../../arm-none-eabi/lib/thumb/v8-m.main+fp/softfp/libg.a(libc_a-malloc.o)
                              CMakeFiles/simple_photo_frame.dir/mnt/c/Users/hra/Documents/github/OTHERS/pico-sdk/src/rp2_common/pico_malloc/malloc.c.o (malloc)
[...]
Memory Configuration

Name             Origin             Length             Attributes
FLASH            0x10000000         0x00400000         xr
RAM              0x20000000         0x00080000         xrw
SCRATCH_X        0x20080000         0x00001000         xrw
SCRATCH_Y        0x20081000         0x00001000         xrw
*default*        0x00000000         0xffffffff

Linker script and memory map

LOAD /usr/lib/gcc/arm-none-eabi/13.2.1/thumb/v8-m.main+fp/softfp/crti.o
LOAD /usr/lib/gcc/arm-none-eabi/13.2.1/thumb/v8-m.main+fp/softfp/crtbegin.o
LOAD /usr/lib/gcc/arm-none-eabi/13.2.1/../../../arm-none-eabi/lib/thumb/v8-m.main+fp/softfp/crt0.o

.flash_begin    0x10000000        0x0
                0x10000000                        __flash_binary_start = .

.text           0x10000000     0x611c
                0x10000000                        __logical_binary_start = .
 *(.vectors)
 .vectors       0x10000000      0x124 CMakeFiles/simple_photo_frame.dir/mnt/c/Users/hra/Documents/github/OTHERS/pico-sdk/src/rp2_common/pico_crt0/crt0.S.o
                0x10000000                __vectors
                0x10000000                __VECTOR_TABLE
                0x10000110                isr_securefault
                0x10000110                isr_irq30
                0x10000110                __unhandled_user_irq
                0x10000110                isr_irq49
                0x10000110                isr_irq13
                0x10000110                isr_irq43
                0x10000110                isr_irq45
                0x10000110                isr_irq27
                0x10000110                isr_irq32
                0x10000110                isr_irq31
                0x10000110                isr_irq5
                0x10000110                isr_irq11
                0x10000110                isr_irq23
                0x10000110                isr_usagefault
                0x10000110                isr_irq48
                0x10000110                isr_irq35
                0x10000110                isr_irq18
                0x10000110                isr_irq50
                0x10000110                isr_irq40
                0x10000110                isr_irq28
                0x10000110                isr_irq19
                0x10000110                isr_irq36
                0x10000110                isr_irq41
                0x10000110                isr_irq0
                0x10000110                isr_irq6
                0x10000110                isr_memmanage
                0x10000110                isr_irq37
                0x10000110                isr_irq42
                0x10000110                isr_irq22
                0x10000110                isr_irq17
                0x10000110                isr_irq38
                0x10000110                isr_irq14
                0x10000110                __vectors_end
                0x10000110                __default_isrs_start
                0x10000110                isr_irq2
                0x10000110                isr_irq10
                0x10000110                isr_irq8
                0x10000110                isr_debugmonitor
                0x10000110                isr_irq24
                0x10000110                isr_irq46
                0x10000110                isr_irq1
                0x10000110                isr_irq47
                0x10000110                isr_irq51
                0x10000110                isr_irq7
                0x10000110                isr_irq21
                0x10000110                isr_irq39
                0x10000110                isr_irq20
                0x10000110                isr_irq15
                0x10000110                isr_irq25
                0x10000110                isr_irq34
                0x10000110                isr_irq4
                0x10000110                isr_busfault
                0x10000110                isr_irq16
                0x10000110                isr_irq44
                0x10000110                isr_irq29
                0x10000110                isr_irq26
                0x10000110                isr_irq33
                0x10000110                isr_irq3
                0x10000110                isr_irq12
                0x10000110                isr_irq9
                0x10000116                unhandled_user_irq_num_in_r0
                0x10000118                isr_invalid
                0x1000011a                isr_nmi
                0x1000011c                isr_hardfault
                0x1000011e                isr_svcall
                0x10000120                isr_pendsv
                0x10000122                isr_systick
                0x10000124                __default_isrs_end
 *(.binary_info_header)
 .binary_info_header
                0x10000124       0x14 CMakeFiles/simple_photo_frame.dir/mnt/c/Users/hra/Documents/github/OTHERS/pico-sdk/src/rp2_common/pico_crt0/crt0.S.o
                0x10000138                        __binary_info_header_end = .
 *(.embedded_block)
 .embedded_block
                0x10000138       0x14 CMakeFiles/simple_photo_frame.dir/mnt/c/Users/hra/Documents/github/OTHERS/pico-sdk/src/rp2_common/pico_crt0/crt0.S.o
                0x1000014c                        __embedded_block_end = .
 *(.reset)
 .reset         0x1000014c       0x98 CMakeFiles/simple_photo_frame.dir/mnt/c/Users/hra/Documents/github/OTHERS/pico-sdk/src/rp2_common/pico_crt0/crt0.S.o
                0x1000014c                _entry_point
 *(.init)
 .init          0x100001e4        0x4 /usr/lib/gcc/arm-none-eabi/13.2.1/thumb/v8-m.main+fp/softfp/crti.o
                0x100001e4                _init
 *libgcc.a:cmse_nonsecure_call.o()
 *(EXCLUDE_FILE(*libm.a: *libc.a:*lib_a-mem*.o *libgcc.a:) .text*)
 .text          0x100001e8       0x8c /usr/lib/gcc/arm-none-eabi/13.2.1/thumb/v8-m.main+fp/softfp/crtbegin.o
 .text.startup.main
                0x10000274      0x11c CMakeFiles/simple_photo_frame.dir/simple_photo_frame.c.o
                0x10000274                main
 .text.fpga_io_init
                0x10000390       0x7c CMakeFiles/simple_photo_frame.dir/fpga_io.c.o
                0x10000390                fpga_io_init
 .text.fpga_outport
                0x1000040c       0x6c CMakeFiles/simple_photo_frame.dir/fpga_io.c.o
                0x1000040c                fpga_outport
 .text.display_enable
                0x10000478        0x8 CMakeFiles/simple_photo_frame.dir/display_controller.c.o
                0x10000478                display_enable
 .text.display_set_fill_color
                0x10000480        0x8 CMakeFiles/simple_photo_frame.dir/display_controller.c.o
                0x10000480                display_set_fill_color
 .text.graphic1_fill_rectangle
                0x10000488       0x50 CMakeFiles/simple_photo_frame.dir/display_controller.c.o
                0x10000488                graphic1_fill_rectangle
 .text.gpio_set_function
                0x100004d8       0x3c CMakeFiles/simple_photo_frame.dir/mnt/c/Users/hra/Documents/github/OTHERS/pico-sdk/src/rp2_common/hardware_gpio/gpio.c.o
                0x100004d8                gpio_set_function
 .text.gpio_init
                0x10000514       0x48 CMakeFiles/simple_photo_frame.dir/mnt/c/Users/hra/Documents/github/OTHERS/pico-sdk/src/rp2_common/hardware_gpio/gpio.c.o
                0x10000514                gpio_init
 .text.panic    0x1000055c       0x30 CMakeFiles/simple_photo_frame.dir/mnt/c/Users/hra/Documents/github/OTHERS/pico-sdk/src/rp2_common/pico_platform_panic/panic.c.o
                0x1000055c                panic
 .text.hw_claim_or_assert
                0x1000058c       0x58 CMakeFiles/simple_photo_frame.dir/mnt/c/Users/hra/Documents/github/OTHERS/pico-sdk/src/common/hardware_claim/claim.c.o
                0x1000058c                hw_claim_or_assert
 .text.hw_claim_unused_from_range
                0x100005e4       0x9c CMakeFiles/simple_photo_frame.dir/mnt/c/Users/hra/Documents/github/OTHERS/pico-sdk/src/common/hardware_claim/claim.c.o
                0x100005e4                hw_claim_unused_from_range
 .text.next_striped_spin_lock_num
                0x10000680       0x18 CMakeFiles/simple_photo_frame.dir/mnt/c/Users/hra/Documents/github/OTHERS/pico-sdk/src/rp2_common/hardware_sync/sync.c.o
                0x10000680                next_striped_spin_lock_num
 .text.spin_lock_claim_unused
                0x10000698       0x20 CMakeFiles/simple_photo_frame.dir/mnt/c/Users/hra/Documents/github/OTHERS/pico-sdk/src/rp2_common/hardware_sync/sync.c.o
                0x10000698                spin_lock_claim_unused
 .text.spinlock_set_extexclall
                0x100006b8       0x10 CMakeFiles/simple_photo_frame.dir/mnt/c/Users/hra/Documents/github/OTHERS/pico-sdk/src/rp2_common/hardware_sync_spin_lock/sync_spin_lock.c.o
 .text.spin_locks_reset
                0x100006c8       0x18 CMakeFiles/simple_photo_frame.dir/mnt/c/Users/hra/Documents/github/OTHERS/pico-sdk/src/rp2_common/hardware_sync_spin_lock/sync_spin_lock.c.o
                0x100006c8                spin_locks_reset
 .text.runtime_init_per_core_irq_priorities
                0x100006e0       0x40 CMakeFiles/simple_photo_frame.dir/mnt/c/Users/hra/Documents/github/OTHERS/pico-sdk/src/rp2_common/hardware_irq/irq.c.o
                0x100006e0                runtime_init_per_core_irq_priorities
 .text.irq_set_enabled
                0x10000720       0x2c CMakeFiles/simple_photo_frame.dir/mnt/c/Users/hra/Documents/github/OTHERS/pico-sdk/src/rp2_common/hardware_irq/irq.c.o
                0x10000720                irq_set_enabled
 .text.irq_is_enabled
                0x1000074c       0x20 CMakeFiles/simple_photo_frame.dir/mnt/c/Users/hra/Documents/github/OTHERS/pico-sdk/src/rp2_common/hardware_irq/irq.c.o
                0x1000074c                irq_is_enabled
 .text.irq_set_pending
                0x1000076c       0x18 CMakeFiles/simple_photo_frame.dir/mnt/c/Users/hra/Documents/github/OTHERS/pico-sdk/src/rp2_common/hardware_irq/irq.c.o
                0x1000076c                irq_set_pending
 .text.irq_has_shared_handler
                0x10000784       0x20 CMakeFiles/simple_photo_frame.dir/mnt/c/Users/hra/Documents/github/OTHERS/pico-sdk/src/rp2_common/hardware_irq/irq.c.o
                0x10000784                irq_has_shared_handler
 .text.irq_set_exclusive_handler
                0x100007a4       0x60 CMakeFiles/simple_photo_frame.dir/mnt/c/Users/hra/Documents/github/OTHERS/pico-sdk/src/rp2_common/hardware_irq/irq.c.o
                0x100007a4                irq_set_exclusive_handler
 .text.irq_add_shared_handler
                0x10000804      0x1e8 CMakeFiles/simple_photo_frame.dir/mnt/c/Users/hra/Documents/github/OTHERS/pico-sdk/src/rp2_common/hardware_irq/irq.c.o
                0x10000804                irq_add_shared_handler
 .text.irq_add_tail_to_free_list
                0x100009ec       0xbc CMakeFiles/simple_photo_frame.dir/mnt/c/Users/hra/Documents/github/OTHERS/pico-sdk/src/rp2_common/hardware_irq/irq.c.o
                0x100009ec                irq_add_tail_to_free_list
 .text.user_irq_claim_unused
                0x10000aa8       0x28 CMakeFiles/simple_photo_frame.dir/mnt/c/Users/hra/Documents/github/OTHERS/pico-sdk/src/rp2_common/hardware_irq/irq.c.o
                0x10000aa8                user_irq_claim_unused
 .text.lock_init
                0x10000ad0        0xc CMakeFiles/simple_photo_frame.dir/mnt/c/Users/hra/Documents/github/OTHERS/pico-sdk/src/common/pico_sync/lock_core.c.o
                0x10000ad0                lock_init
 .text.runtime_init_mutex
                0x10000adc       0x4c CMakeFiles/simple_photo_frame.dir/mnt/c/Users/hra/Documents/github/OTHERS/pico-sdk/src/common/pico_sync/mutex.c.o
                0x10000adc                runtime_init_mutex
 .text.mutex_init
                0x10000b28       0x1c CMakeFiles/simple_photo_frame.dir/mnt/c/Users/hra/Documents/github/OTHERS/pico-sdk/src/common/pico_sync/mutex.c.o
                0x10000b28                mutex_init
 .text.critical_section_init
                0x10000b44       0x1c CMakeFiles/simple_photo_frame.dir/mnt/c/Users/hra/Documents/github/OTHERS/pico-sdk/src/common/pico_sync/critical_section.c.o
                0x10000b44                critical_section_init
 .text.critical_section_init_with_lock_num
                0x10000b60       0x10 CMakeFiles/simple_photo_frame.dir/mnt/c/Users/hra/Documents/github/OTHERS/pico-sdk/src/common/pico_sync/critical_section.c.o
                0x10000b60                critical_section_init_with_lock_num
 .text.sleep_until_callback
                0x10000b70       0x3c CMakeFiles/simple_photo_frame.dir/mnt/c/Users/hra/Documents/github/OTHERS/pico-sdk/src/common/pico_time/time.c.o
 *fill*         0x10000bac        0x4 
 .text.alarm_pool_irq_handler
                0x10000bb0      0x2f0 CMakeFiles/simple_photo_frame.dir/mnt/c/Users/hra/Documents/github/OTHERS/pico-sdk/src/common/pico_time/time.c.o
 .text.runtime_init_default_alarm_pool
                0x10000ea0      0x100 CMakeFiles/simple_photo_frame.dir/mnt/c/Users/hra/Documents/github/OTHERS/pico-sdk/src/common/pico_time/time.c.o
                0x10000ea0                runtime_init_default_alarm_pool
 .text.alarm_pool_get_default
                0x10000fa0        0x8 CMakeFiles/simple_photo_frame.dir/mnt/c/Users/hra/Documents/github/OTHERS/pico-sdk/src/common/pico_time/time.c.o
                0x10000fa0                alarm_pool_get_default
 .text.alarm_pool_add_alarm_at
                0x10000fa8       0xdc CMakeFiles/simple_photo_frame.dir/mnt/c/Users/hra/Documents/github/OTHERS/pico-sdk/src/common/pico_time/time.c.o
                0x10000fa8                alarm_pool_add_alarm_at
 .text.alarm_pool_add_alarm_at_force_in_context
                0x10001084       0xc8 CMakeFiles/simple_photo_frame.dir/mnt/c/Users/hra/Documents/github/OTHERS/pico-sdk/src/common/pico_time/time.c.o
                0x10001084                alarm_pool_add_alarm_at_force_in_context
 .text.alarm_pool_cancel_alarm
                0x1000114c       0x80 CMakeFiles/simple_photo_frame.dir/mnt/c/Users/hra/Documents/github/OTHERS/pico-sdk/src/common/pico_time/time.c.o
                0x1000114c                alarm_pool_cancel_alarm
 .text.alarm_pool_core_num
                0x100011cc        0x4 CMakeFiles/simple_photo_frame.dir/mnt/c/Users/hra/Documents/github/OTHERS/pico-sdk/src/common/pico_time/time.c.o
                0x100011cc                alarm_pool_core_num
 .text.sleep_until
                0x100011d0       0xbc CMakeFiles/simple_photo_frame.dir/mnt/c/Users/hra/Documents/github/OTHERS/pico-sdk/src/common/pico_time/time.c.o
                0x100011d0                sleep_until
 .text.sleep_ms
                0x1000128c       0x2c CMakeFiles/simple_photo_frame.dir/mnt/c/Users/hra/Documents/github/OTHERS/pico-sdk/src/common/pico_time/time.c.o
                0x1000128c                sleep_ms
 .text.best_effort_wfe_or_timeout
                0x100012b8       0xbc CMakeFiles/simple_photo_frame.dir/mnt/c/Users/hra/Documents/github/OTHERS/pico-sdk/src/common/pico_time/time.c.o
                0x100012b8                best_effort_wfe_or_timeout
 .text.timer_hardware_alarm_claim
                0x10001374       0x24 CMakeFiles/simple_photo_frame.dir/mnt/c/Users/hra/Documents/github/OTHERS/pico-sdk/src/rp2_common/hardware_timer/timer.c.o
                0x10001374                timer_hardware_alarm_claim
 .text.timer_time_us_64
                0x10001398       0x10 CMakeFiles/simple_photo_frame.dir/mnt/c/Users/hra/Documents/github/OTHERS/pico-sdk/src/rp2_common/hardware_timer/timer.c.o
                0x10001398                timer_time_us_64
 .text.time_us_64
                0x100013a8       0x14 CMakeFiles/simple_photo_frame.dir/mnt/c/Users/hra/Documents/github/OTHERS/pico-sdk/src/rp2_common/hardware_timer/timer.c.o
                0x100013a8                time_us_64
 .text.busy_wait_until
                0x100013bc       0x24 CMakeFiles/simple_photo_frame.dir/mnt/c/Users/hra/Documents/github/OTHERS/pico-sdk/src/rp2_common/hardware_timer/timer.c.o
                0x100013bc                busy_wait_until
 .text.clock_configure_undivided
                0x100013e0       0xd0 CMakeFiles/simple_photo_frame.dir/mnt/c/Users/hra/Documents/github/OTHERS/pico-sdk/src/rp2_common/hardware_clocks/clocks.c.o
                0x100013e0                clock_configure_undivided
 .text.clock_get_hz
                0x100014b0        0xc CMakeFiles/simple_photo_frame.dir/mnt/c/Users/hra/Documents/github/OTHERS/pico-sdk/src/rp2_common/hardware_clocks/clocks.c.o
                0x100014b0                clock_get_hz
 .text.pll_init
                0x100014bc       0x8c CMakeFiles/simple_photo_frame.dir/mnt/c/Users/hra/Documents/github/OTHERS/pico-sdk/src/rp2_common/hardware_pll/pll.c.o
                0x100014bc                pll_init
 .text.watchdog_reboot
                0x10001548       0x98 CMakeFiles/simple_photo_frame.dir/mnt/c/Users/hra/Documents/github/OTHERS/pico-sdk/src/rp2_common/hardware_watchdog/watchdog.c.o
                0x10001548                watchdog_reboot
 .text.tick_start
                0x100015e0       0x18 CMakeFiles/simple_photo_frame.dir/mnt/c/Users/hra/Documents/github/OTHERS/pico-sdk/src/rp2_common/hardware_ticks/ticks.c.o
                0x100015e0                tick_start
 .text.rom_reboot.constprop.0.isra.0
                0x100015f8       0x34 CMakeFiles/simple_photo_frame.dir/mnt/c/Users/hra/Documents/github/OTHERS/pico-sdk/src/rp2_common/pico_bootrom/bootrom.c.o
 .text.rom_func_lookup
                0x1000162c       0x18 CMakeFiles/simple_photo_frame.dir/mnt/c/Users/hra/Documents/github/OTHERS/pico-sdk/src/rp2_common/pico_bootrom/bootrom.c.o
                0x1000162c                rom_func_lookup
 .text.rom_reset_usb_boot_extra
                0x10001644       0x1c CMakeFiles/simple_photo_frame.dir/mnt/c/Users/hra/Documents/github/OTHERS/pico-sdk/src/rp2_common/pico_bootrom/bootrom.c.o
                0x10001644                rom_reset_usb_boot_extra
 .text.runtime_init_bootrom_locking_enable
                0x10001660       0x14 CMakeFiles/simple_photo_frame.dir/mnt/c/Users/hra/Documents/github/OTHERS/pico-sdk/src/rp2_common/pico_bootrom/bootrom_lock.c.o
                0x10001660                runtime_init_bootrom_locking_enable
 .text.runtime_init_boot_locks_reset
                0x10001674       0x1c CMakeFiles/simple_photo_frame.dir/mnt/c/Users/hra/Documents/github/OTHERS/pico-sdk/src/rp2_common/hardware_boot_lock/boot_lock.c.o
                0x10001674                runtime_init_boot_locks_reset
 .text.xosc_init
                0x10001690       0x30 CMakeFiles/simple_photo_frame.dir/mnt/c/Users/hra/Documents/github/OTHERS/pico-sdk/src/rp2_common/hardware_xosc/xosc.c.o
                0x10001690                xosc_init
 .text.first_per_core_initializer
                0x100016c0        0x4 CMakeFiles/simple_photo_frame.dir/mnt/c/Users/hra/Documents/github/OTHERS/pico-sdk/src/rp2_common/pico_runtime/runtime.c.o
 .text.hard_assertion_failure
                0x100016c4        0xc CMakeFiles/simple_photo_frame.dir/mnt/c/Users/hra/Documents/github/OTHERS/pico-sdk/src/rp2_common/pico_runtime/runtime.c.o
                0x100016c4                hard_assertion_failure
 .text.runtime_run_initializers
                0x100016d0       0x20 CMakeFiles/simple_photo_frame.dir/mnt/c/Users/hra/Documents/github/OTHERS/pico-sdk/src/rp2_common/pico_runtime/runtime.c.o
                0x100016d0                runtime_run_initializers
 .text.runtime_init_early_resets
                0x100016f0       0x34 CMakeFiles/simple_photo_frame.dir/mnt/c/Users/hra/Documents/github/OTHERS/pico-sdk/src/rp2_common/pico_runtime_init/runtime_init.c.o
                0x100016f0                runtime_init_early_resets
 .text.runtime_init_usb_power_down
                0x10001724       0x1c CMakeFiles/simple_photo_frame.dir/mnt/c/Users/hra/Documents/github/OTHERS/pico-sdk/src/rp2_common/pico_runtime_init/runtime_init.c.o
                0x10001724                runtime_init_usb_power_down
 .text.runtime_init_per_core_enable_coprocessors
                0x10001740       0x1c CMakeFiles/simple_photo_frame.dir/mnt/c/Users/hra/Documents/github/OTHERS/pico-sdk/src/rp2_common/pico_runtime_init/runtime_init.c.o
                0x10001740                runtime_init_per_core_enable_coprocessors
 .text.runtime_init_post_clock_resets
                0x1000175c       0x20 CMakeFiles/simple_photo_frame.dir/mnt/c/Users/hra/Documents/github/OTHERS/pico-sdk/src/rp2_common/pico_runtime_init/runtime_init.c.o
                0x1000175c                runtime_init_post_clock_resets
 .text.runtime_init_bootrom_reset
                0x1000177c       0x14 CMakeFiles/simple_photo_frame.dir/mnt/c/Users/hra/Documents/github/OTHERS/pico-sdk/src/rp2_common/pico_runtime_init/runtime_init.c.o
                0x1000177c                runtime_init_bootrom_reset
 .text.runtime_init_per_core_bootrom_reset
                0x10001790       0x14 CMakeFiles/simple_photo_frame.dir/mnt/c/Users/hra/Documents/github/OTHERS/pico-sdk/src/rp2_common/pico_runtime_init/runtime_init.c.o
                0x10001790                runtime_init_per_core_bootrom_reset
 .text.runtime_init_spin_locks_reset
                0x100017a4        0x4 CMakeFiles/simple_photo_frame.dir/mnt/c/Users/hra/Documents/github/OTHERS/pico-sdk/src/rp2_common/pico_runtime_init/runtime_init.c.o
                0x100017a4                runtime_init_spin_locks_reset
 .text.runtime_init_install_ram_vector_table
                0x100017a8       0x68 CMakeFiles/simple_photo_frame.dir/mnt/c/Users/hra/Documents/github/OTHERS/pico-sdk/src/rp2_common/pico_runtime_init/runtime_init.c.o
                0x100017a8                runtime_init_install_ram_vector_table
 .text.runtime_init_clocks
                0x10001810       0xdc CMakeFiles/simple_photo_frame.dir/mnt/c/Users/hra/Documents/github/OTHERS/pico-sdk/src/rp2_common/pico_runtime_init/runtime_init_clocks.c.o
                0x10001810                runtime_init_clocks
 .text.__rp2350_dcp_engaged_state_save_restore
                0x100018ec       0x3a CMakeFiles/simple_photo_frame.dir/mnt/c/Users/hra/Documents/github/OTHERS/pico-sdk/src/rp2_common/pico_double/double_aeabi_dcp.S.o
 *fill*         0x10001926        0x2 
 .text.__wrap___aeabi_dadd
                0x10001928       0x28 CMakeFiles/simple_photo_frame.dir/mnt/c/Users/hra/Documents/github/OTHERS/pico-sdk/src/rp2_common/pico_double/double_aeabi_dcp.S.o
                0x10001930                __wrap___aeabi_dadd
 .text.__wrap___aeabi_dsub
                0x10001950       0x28 CMakeFiles/simple_photo_frame.dir/mnt/c/Users/hra/Documents/github/OTHERS/pico-sdk/src/rp2_common/pico_double/double_aeabi_dcp.S.o
                0x10001958                __wrap___aeabi_dsub
 .text.__wrap___aeabi_dmul
                0x10001978       0x4c CMakeFiles/simple_photo_frame.dir/mnt/c/Users/hra/Documents/github/OTHERS/pico-sdk/src/rp2_common/pico_double/double_aeabi_dcp.S.o
                0x10001980                __wrap___aeabi_dmul
 .text.__wrap___aeabi_ddiv
                0x100019c4       0x9c CMakeFiles/simple_photo_frame.dir/mnt/c/Users/hra/Documents/github/OTHERS/pico-sdk/src/rp2_common/pico_double/double_aeabi_dcp.S.o
                0x100019cc                __wrap___aeabi_ddiv
 .text.__wrap___aeabi_i2d
                0x10001a60       0x24 CMakeFiles/simple_photo_frame.dir/mnt/c/Users/hra/Documents/github/OTHERS/pico-sdk/src/rp2_common/pico_double/double_aeabi_dcp.S.o
                0x10001a68                __wrap___aeabi_i2d
                0x10001a68                int2double
 .text.__wrap___aeabi_ui2d
                0x10001a84       0x24 CMakeFiles/simple_photo_frame.dir/mnt/c/Users/hra/Documents/github/OTHERS/pico-sdk/src/rp2_common/pico_double/double_aeabi_dcp.S.o
                0x10001a8c                __wrap___aeabi_ui2d
                0x10001a8c                uint2double
 .text.__wrap___aeabi_d2iz
                0x10001aa8       0x24 CMakeFiles/simple_photo_frame.dir/mnt/c/Users/hra/Documents/github/OTHERS/pico-sdk/src/rp2_common/pico_double/double_aeabi_dcp.S.o
                0x10001ab0                __wrap___aeabi_d2iz
                0x10001ab0                double2int_z
 .text.__wrap___aeabi_d2uiz
                0x10001acc       0x24 CMakeFiles/simple_photo_frame.dir/mnt/c/Users/hra/Documents/github/OTHERS/pico-sdk/src/rp2_common/pico_double/double_aeabi_dcp.S.o
                0x10001ad4                double2uint_z
                0x10001ad4                double2uint
                0x10001ad4                __wrap___aeabi_d2uiz
 .text.__wrap___aeabi_dcmpun
                0x10001af0       0x24 CMakeFiles/simple_photo_frame.dir/mnt/c/Users/hra/Documents/github/OTHERS/pico-sdk/src/rp2_common/pico_double/double_aeabi_dcp.S.o
                0x10001af8                __wrap___aeabi_dcmpun
 .text.__wrap___aeabi_dcmplt
                0x10001b14       0x28 CMakeFiles/simple_photo_frame.dir/mnt/c/Users/hra/Documents/github/OTHERS/pico-sdk/src/rp2_common/pico_double/double_aeabi_dcp.S.o
                0x10001b1c                __wrap___aeabi_dcmplt
 .text.__wrap___aeabi_dcmpge
                0x10001b3c       0x28 CMakeFiles/simple_photo_frame.dir/mnt/c/Users/hra/Documents/github/OTHERS/pico-sdk/src/rp2_common/pico_double/double_aeabi_dcp.S.o
                0x10001b44                __wrap___aeabi_dcmpge
 .text.__wrap___aeabi_dcmpgt
                0x10001b64       0x28 CMakeFiles/simple_photo_frame.dir/mnt/c/Users/hra/Documents/github/OTHERS/pico-sdk/src/rp2_common/pico_double/double_aeabi_dcp.S.o
                0x10001b6c                __wrap___aeabi_dcmpgt
 .text._out_null
                0x10001b8c        0x4 CMakeFiles/simple_photo_frame.dir/mnt/c/Users/hra/Documents/github/OTHERS/pico-sdk/src/rp2_common/pico_printf/printf.c.o
 .text._out_rev
                0x10001b90       0x9c CMakeFiles/simple_photo_frame.dir/mnt/c/Users/hra/Documents/github/OTHERS/pico-sdk/src/rp2_common/pico_printf/printf.c.o
 .text._ntoa_format
                0x10001c2c      0x2a4 CMakeFiles/simple_photo_frame.dir/mnt/c/Users/hra/Documents/github/OTHERS/pico-sdk/src/rp2_common/pico_printf/printf.c.o
 .text._out_char
                0x10001ed0        0x8 CMakeFiles/simple_photo_frame.dir/mnt/c/Users/hra/Documents/github/OTHERS/pico-sdk/src/rp2_common/pico_printf/printf.c.o
 .text._out_fct
                0x10001ed8        0xc CMakeFiles/simple_photo_frame.dir/mnt/c/Users/hra/Documents/github/OTHERS/pico-sdk/src/rp2_common/pico_printf/printf.c.o
 *fill*         0x10001ee4        0x4 
 .text._etoa    0x10001ee8      0x460 CMakeFiles/simple_photo_frame.dir/mnt/c/Users/hra/Documents/github/OTHERS/pico-sdk/src/rp2_common/pico_printf/printf.c.o
 .text._ftoa    0x10002348      0x3f4 CMakeFiles/simple_photo_frame.dir/mnt/c/Users/hra/Documents/github/OTHERS/pico-sdk/src/rp2_common/pico_printf/printf.c.o
 .text._vsnprintf
                0x1000273c      0x9e8 CMakeFiles/simple_photo_frame.dir/mnt/c/Users/hra/Documents/github/OTHERS/pico-sdk/src/rp2_common/pico_printf/printf.c.o
 .text.vfctprintf
                0x10003124       0x28 CMakeFiles/simple_photo_frame.dir/mnt/c/Users/hra/Documents/github/OTHERS/pico-sdk/src/rp2_common/pico_printf/printf.c.o
                0x10003124                vfctprintf
 .text.weak_raw_vprintf
                0x1000314c       0x30 CMakeFiles/simple_photo_frame.dir/mnt/c/Users/hra/Documents/github/OTHERS/pico-sdk/src/rp2_common/pico_printf/printf.c.o
                0x1000314c                weak_raw_vprintf
 .text._exit    0x1000317c        0x4 CMakeFiles/simple_photo_frame.dir/mnt/c/Users/hra/Documents/github/OTHERS/pico-sdk/src/rp2_common/pico_clib_interface/newlib_interface.c.o
                0x1000317c                _exit
 .text.exit     0x10003180        0x8 CMakeFiles/simple_photo_frame.dir/mnt/c/Users/hra/Documents/github/OTHERS/pico-sdk/src/rp2_common/pico_clib_interface/newlib_interface.c.o
                0x10003180                exit
 .text.runtime_init
                0x10003188       0x24 CMakeFiles/simple_photo_frame.dir/mnt/c/Users/hra/Documents/github/OTHERS/pico-sdk/src/rp2_common/pico_clib_interface/newlib_interface.c.o
                0x10003188                runtime_init
 .text.stdio_out_chars_no_crlf
                0x100031ac        0x8 CMakeFiles/simple_photo_frame.dir/mnt/c/Users/hra/Documents/github/OTHERS/pico-sdk/src/rp2_common/pico_stdio/stdio.c.o
 .text.stdio_out_chars_crlf
                0x100031b4       0xac CMakeFiles/simple_photo_frame.dir/mnt/c/Users/hra/Documents/github/OTHERS/pico-sdk/src/rp2_common/pico_stdio/stdio.c.o
 .text.stdio_buffered_printer
                0x10003260       0x60 CMakeFiles/simple_photo_frame.dir/mnt/c/Users/hra/Documents/github/OTHERS/pico-sdk/src/rp2_common/pico_stdio/stdio.c.o
 .text.stdio_put_string
                0x100032c0       0xf0 CMakeFiles/simple_photo_frame.dir/mnt/c/Users/hra/Documents/github/OTHERS/pico-sdk/src/rp2_common/pico_stdio/stdio.c.o
                0x100032c0                stdio_put_string
 .text.stdio_set_driver_enabled
                0x100033b0       0x30 CMakeFiles/simple_photo_frame.dir/mnt/c/Users/hra/Documents/github/OTHERS/pico-sdk/src/rp2_common/pico_stdio/stdio.c.o
                0x100033b0                stdio_set_driver_enabled
 .text.stdio_init_all
                0x100033e0        0x4 CMakeFiles/simple_photo_frame.dir/mnt/c/Users/hra/Documents/github/OTHERS/pico-sdk/src/rp2_common/pico_stdio/stdio.c.o
                0x100033e0                stdio_init_all
 .text.__wrap_putchar
                0x100033e4       0x84 CMakeFiles/simple_photo_frame.dir/mnt/c/Users/hra/Documents/github/OTHERS/pico-sdk/src/rp2_common/pico_stdio/stdio.c.o
                0x100033e4                stdio_putchar
                0x100033e4                __wrap_putchar
 .text.__wrap_puts
                0x10003468       0x3c CMakeFiles/simple_photo_frame.dir/mnt/c/Users/hra/Documents/github/OTHERS/pico-sdk/src/rp2_common/pico_stdio/stdio.c.o
                0x10003468                __wrap_puts
                0x10003468                stdio_puts
 .text.__wrap_vprintf
                0x100034a4       0xc8 CMakeFiles/simple_photo_frame.dir/mnt/c/Users/hra/Documents/github/OTHERS/pico-sdk/src/rp2_common/pico_stdio/stdio.c.o
                0x100034a4                __wrap_vprintf
                0x100034a4                stdio_vprintf
 .text.__wrap_printf
                0x1000356c       0x1c CMakeFiles/simple_photo_frame.dir/mnt/c/Users/hra/Documents/github/OTHERS/pico-sdk/src/rp2_common/pico_stdio/stdio.c.o
                0x1000356c                stdio_printf
                0x1000356c                __wrap_printf
 .text.resetd_init
                0x10003588        0x4 CMakeFiles/simple_photo_frame.dir/mnt/c/Users/hra/Documents/github/OTHERS/pico-sdk/src/rp2_common/pico_stdio_usb/reset_interface.c.o
 .text.resetd_reset
                0x1000358c        0xc CMakeFiles/simple_photo_frame.dir/mnt/c/Users/hra/Documents/github/OTHERS/pico-sdk/src/rp2_common/pico_stdio_usb/reset_interface.c.o
 .text.resetd_open
                0x10003598       0x28 CMakeFiles/simple_photo_frame.dir/mnt/c/Users/hra/Documents/github/OTHERS/pico-sdk/src/rp2_common/pico_stdio_usb/reset_interface.c.o
 .text.resetd_xfer_cb
                0x100035c0        0x4 CMakeFiles/simple_photo_frame.dir/mnt/c/Users/hra/Documents/github/OTHERS/pico-sdk/src/rp2_common/pico_stdio_usb/reset_interface.c.o
 .text.resetd_control_xfer_cb
                0x100035c4       0x50 CMakeFiles/simple_photo_frame.dir/mnt/c/Users/hra/Documents/github/OTHERS/pico-sdk/src/rp2_common/pico_stdio_usb/reset_interface.c.o
 .text.tud_descriptor_bos_cb
                0x10003614        0x8 CMakeFiles/simple_photo_frame.dir/mnt/c/Users/hra/Documents/github/OTHERS/pico-sdk/src/rp2_common/pico_stdio_usb/reset_interface.c.o
                0x10003614                tud_descriptor_bos_cb
 .text.tud_vendor_control_xfer_cb
                0x1000361c       0x28 CMakeFiles/simple_photo_frame.dir/mnt/c/Users/hra/Documents/github/OTHERS/pico-sdk/src/rp2_common/pico_stdio_usb/reset_interface.c.o
                0x1000361c                tud_vendor_control_xfer_cb
 .text.usbd_app_driver_get_cb
                0x10003644       0x10 CMakeFiles/simple_photo_frame.dir/mnt/c/Users/hra/Documents/github/OTHERS/pico-sdk/src/rp2_common/pico_stdio_usb/reset_interface.c.o
                0x10003644                usbd_app_driver_get_cb
 .text.tud_cdc_line_coding_cb
                0x10003654       0x18 CMakeFiles/simple_photo_frame.dir/mnt/c/Users/hra/Documents/github/OTHERS/pico-sdk/src/rp2_common/pico_stdio_usb/reset_interface.c.o
                0x10003654                tud_cdc_line_coding_cb
 .text.stdio_usb_set_chars_available_callback
                0x1000366c       0x14 CMakeFiles/simple_photo_frame.dir/mnt/c/Users/hra/Documents/github/OTHERS/pico-sdk/src/rp2_common/pico_stdio_usb/stdio_usb.c.o
                0x1000366c                stdio_usb_set_chars_available_callback
 .text.timer_task
                0x10003680       0x70 CMakeFiles/simple_photo_frame.dir/mnt/c/Users/hra/Documents/github/OTHERS/pico-sdk/src/rp2_common/pico_stdio_usb/stdio_usb.c.o
 .text.usb_irq  0x100036f0        0xc CMakeFiles/simple_photo_frame.dir/mnt/c/Users/hra/Documents/github/OTHERS/pico-sdk/src/rp2_common/pico_stdio_usb/stdio_usb.c.o
 .text.stdio_usb_in_chars
                0x100036fc       0x88 CMakeFiles/simple_photo_frame.dir/mnt/c/Users/hra/Documents/github/OTHERS/pico-sdk/src/rp2_common/pico_stdio_usb/stdio_usb.c.o
                0x100036fc                stdio_usb_in_chars
 .text.stdio_usb_out_flush
                0x10003784       0x54 CMakeFiles/simple_photo_frame.dir/mnt/c/Users/hra/Documents/github/OTHERS/pico-sdk/src/rp2_common/pico_stdio_usb/stdio_usb.c.o
 .text.stdio_usb_out_chars
                0x100037d8       0xf4 CMakeFiles/simple_photo_frame.dir/mnt/c/Users/hra/Documents/github/OTHERS/pico-sdk/src/rp2_common/pico_stdio_usb/stdio_usb.c.o
 .text.low_priority_worker_irq
                0x100038cc       0xd8 CMakeFiles/simple_photo_frame.dir/mnt/c/Users/hra/Documents/github/OTHERS/pico-sdk/src/rp2_common/pico_stdio_usb/stdio_usb.c.o
 .text.stdio_usb_init
                0x100039a4       0xe8 CMakeFiles/simple_photo_frame.dir/mnt/c/Users/hra/Documents/github/OTHERS/pico-sdk/src/rp2_common/pico_stdio_usb/stdio_usb.c.o
                0x100039a4                stdio_usb_init
 .text.tud_descriptor_device_cb
                0x10003a8c        0x8 CMakeFiles/simple_photo_frame.dir/mnt/c/Users/hra/Documents/github/OTHERS/pico-sdk/src/rp2_common/pico_stdio_usb/stdio_usb_descriptors.c.o
                0x10003a8c                tud_descriptor_device_cb
 .text.tud_descriptor_configuration_cb
                0x10003a94        0x8 CMakeFiles/simple_photo_frame.dir/mnt/c/Users/hra/Documents/github/OTHERS/pico-sdk/src/rp2_common/pico_stdio_usb/stdio_usb_descriptors.c.o
                0x10003a94                tud_descriptor_configuration_cb
 .text.tud_descriptor_string_cb
                0x10003a9c       0x70 CMakeFiles/simple_photo_frame.dir/mnt/c/Users/hra/Documents/github/OTHERS/pico-sdk/src/rp2_common/pico_stdio_usb/stdio_usb_descriptors.c.o
                0x10003a9c                tud_descriptor_string_cb
 .text.startup._retrieve_unique_id_on_boot
                0x10003b0c       0x30 CMakeFiles/simple_photo_frame.dir/mnt/c/Users/hra/Documents/github/OTHERS/pico-sdk/src/rp2_common/pico_unique_id/unique_id.c.o
 .text.pico_get_unique_board_id_string
                0x10003b3c      0x184 CMakeFiles/simple_photo_frame.dir/mnt/c/Users/hra/Documents/github/OTHERS/pico-sdk/src/rp2_common/pico_unique_id/unique_id.c.o
                0x10003b3c                pico_get_unique_board_id_string
 .text.dcd_init
                0x10003cc0       0x90 CMakeFiles/simple_photo_frame.dir/mnt/c/Users/hra/Documents/github/OTHERS/pico-sdk/lib/tinyusb/src/portable/raspberrypi/rp2040/dcd_rp2040.c.o
                0x10003cc0                dcd_init
 .text.dcd_int_enable
                0x10003d50        0x8 CMakeFiles/simple_photo_frame.dir/mnt/c/Users/hra/Documents/github/OTHERS/pico-sdk/lib/tinyusb/src/portable/raspberrypi/rp2040/dcd_rp2040.c.o
                0x10003d50                dcd_int_enable
 .text.dcd_set_address
                0x10003d58       0x10 CMakeFiles/simple_photo_frame.dir/mnt/c/Users/hra/Documents/github/OTHERS/pico-sdk/lib/tinyusb/src/portable/raspberrypi/rp2040/dcd_rp2040.c.o
                0x10003d58                dcd_set_address
 .text.dcd_sof_enable
                0x10003d68       0x1c CMakeFiles/simple_photo_frame.dir/mnt/c/Users/hra/Documents/github/OTHERS/pico-sdk/lib/tinyusb/src/portable/raspberrypi/rp2040/dcd_rp2040.c.o
                0x10003d68                dcd_sof_enable
 .text.dcd_edpt0_status_complete
                0x10003d84       0x1c CMakeFiles/simple_photo_frame.dir/mnt/c/Users/hra/Documents/github/OTHERS/pico-sdk/lib/tinyusb/src/portable/raspberrypi/rp2040/dcd_rp2040.c.o
                0x10003d84                dcd_edpt0_status_complete
 .text.dcd_edpt_open
                0x10003da0      0x108 CMakeFiles/simple_photo_frame.dir/mnt/c/Users/hra/Documents/github/OTHERS/pico-sdk/lib/tinyusb/src/portable/raspberrypi/rp2040/dcd_rp2040.c.o
                0x10003da0                dcd_edpt_open
 .text.dcd_edpt_close_all
                0x10003ea8        0x4 CMakeFiles/simple_photo_frame.dir/mnt/c/Users/hra/Documents/github/OTHERS/pico-sdk/lib/tinyusb/src/portable/raspberrypi/rp2040/dcd_rp2040.c.o
                0x10003ea8                dcd_edpt_close_all
 .text.dcd_edpt_xfer
                0x10003eac       0x28 CMakeFiles/simple_photo_frame.dir/mnt/c/Users/hra/Documents/github/OTHERS/pico-sdk/lib/tinyusb/src/portable/raspberrypi/rp2040/dcd_rp2040.c.o
                0x10003eac                dcd_edpt_xfer
 .text.dcd_edpt_stall
                0x10003ed4       0x2c CMakeFiles/simple_photo_frame.dir/mnt/c/Users/hra/Documents/github/OTHERS/pico-sdk/lib/tinyusb/src/portable/raspberrypi/rp2040/dcd_rp2040.c.o
                0x10003ed4                dcd_edpt_stall
 .text.dcd_edpt_clear_stall
                0x10003f00       0x2c CMakeFiles/simple_photo_frame.dir/mnt/c/Users/hra/Documents/github/OTHERS/pico-sdk/lib/tinyusb/src/portable/raspberrypi/rp2040/dcd_rp2040.c.o
                0x10003f00                dcd_edpt_clear_stall
 .text.rp2040_usb_init
                0x10003f2c       0x40 CMakeFiles/simple_photo_frame.dir/mnt/c/Users/hra/Documents/github/OTHERS/pico-sdk/lib/tinyusb/src/portable/raspberrypi/rp2040/rp2040_usb.c.o
                0x10003f2c                rp2040_usb_init
 .text.hw_endpoint_xfer_start
                0x10003f6c       0x40 CMakeFiles/simple_photo_frame.dir/mnt/c/Users/hra/Documents/github/OTHERS/pico-sdk/lib/tinyusb/src/portable/raspberrypi/rp2040/rp2040_usb.c.o
                0x10003f6c                hw_endpoint_xfer_start
 .text.configuration_reset
                0x10003fac       0x8c CMakeFiles/simple_photo_frame.dir/mnt/c/Users/hra/Documents/github/OTHERS/pico-sdk/lib/tinyusb/src/device/usbd.c.o
 .text.tud_event_hook_cb
                0x10004038        0x4 CMakeFiles/simple_photo_frame.dir/mnt/c/Users/hra/Documents/github/OTHERS/pico-sdk/lib/tinyusb/src/device/usbd.c.o
                0x10004038                tud_event_hook_cb
 .text.tud_sof_cb
                0x1000403c        0x4 CMakeFiles/simple_photo_frame.dir/mnt/c/Users/hra/Documents/github/OTHERS/pico-sdk/lib/tinyusb/src/device/usbd.c.o
                0x1000403c                tud_sof_cb
 .text.tud_descriptor_device_qualifier_cb
                0x10004040        0x4 CMakeFiles/simple_photo_frame.dir/mnt/c/Users/hra/Documents/github/OTHERS/pico-sdk/lib/tinyusb/src/device/usbd.c.o
                0x10004040                tud_descriptor_device_qualifier_cb
 .text.tud_descriptor_other_speed_configuration_cb
                0x10004044        0x4 CMakeFiles/simple_photo_frame.dir/mnt/c/Users/hra/Documents/github/OTHERS/pico-sdk/lib/tinyusb/src/device/usbd.c.o
                0x10004044                tud_descriptor_other_speed_configuration_cb
 .text.tud_mount_cb
                0x10004048        0x4 CMakeFiles/simple_photo_frame.dir/mnt/c/Users/hra/Documents/github/OTHERS/pico-sdk/lib/tinyusb/src/device/usbd.c.o
                0x10004048                tud_mount_cb
 .text.tud_umount_cb
                0x1000404c        0x4 CMakeFiles/simple_photo_frame.dir/mnt/c/Users/hra/Documents/github/OTHERS/pico-sdk/lib/tinyusb/src/device/usbd.c.o
                0x1000404c                tud_umount_cb
 .text.tud_suspend_cb
                0x10004050        0x4 CMakeFiles/simple_photo_frame.dir/mnt/c/Users/hra/Documents/github/OTHERS/pico-sdk/lib/tinyusb/src/device/usbd.c.o
                0x10004050                tud_suspend_cb
 .text.tud_resume_cb
                0x10004054        0x4 CMakeFiles/simple_photo_frame.dir/mnt/c/Users/hra/Documents/github/OTHERS/pico-sdk/lib/tinyusb/src/device/usbd.c.o
                0x10004054                tud_resume_cb
 .text.tud_mounted
                0x10004058       0x10 CMakeFiles/simple_photo_frame.dir/mnt/c/Users/hra/Documents/github/OTHERS/pico-sdk/lib/tinyusb/src/device/usbd.c.o
                0x10004058                tud_mounted
 .text.tud_suspended
                0x10004068       0x10 CMakeFiles/simple_photo_frame.dir/mnt/c/Users/hra/Documents/github/OTHERS/pico-sdk/lib/tinyusb/src/device/usbd.c.o
                0x10004068                tud_suspended
 .text.tud_rhport_init
                0x10004078       0xf8 CMakeFiles/simple_photo_frame.dir/mnt/c/Users/hra/Documents/github/OTHERS/pico-sdk/lib/tinyusb/src/device/usbd.c.o
                0x10004078                tud_rhport_init
 .text.tud_task_ext
                0x10004170      0x784 CMakeFiles/simple_photo_frame.dir/mnt/c/Users/hra/Documents/github/OTHERS/pico-sdk/lib/tinyusb/src/device/usbd.c.o
                0x10004170                tud_task_ext
 .text.usbd_open_edpt_pair
                0x100048f4       0x9c CMakeFiles/simple_photo_frame.dir/mnt/c/Users/hra/Documents/github/OTHERS/pico-sdk/lib/tinyusb/src/device/usbd.c.o
                0x100048f4                usbd_open_edpt_pair
 .text.usbd_edpt_open
                0x10004990       0x44 CMakeFiles/simple_photo_frame.dir/mnt/c/Users/hra/Documents/github/OTHERS/pico-sdk/lib/tinyusb/src/device/usbd.c.o
                0x10004990                usbd_edpt_open
 .text.usbd_edpt_claim
                0x100049d4       0x24 CMakeFiles/simple_photo_frame.dir/mnt/c/Users/hra/Documents/github/OTHERS/pico-sdk/lib/tinyusb/src/device/usbd.c.o
                0x100049d4                usbd_edpt_claim
 .text.usbd_edpt_release
                0x100049f8       0x24 CMakeFiles/simple_photo_frame.dir/mnt/c/Users/hra/Documents/github/OTHERS/pico-sdk/lib/tinyusb/src/device/usbd.c.o
                0x100049f8                usbd_edpt_release
 .text.usbd_edpt_xfer
                0x10004a1c       0x70 CMakeFiles/simple_photo_frame.dir/mnt/c/Users/hra/Documents/github/OTHERS/pico-sdk/lib/tinyusb/src/device/usbd.c.o
                0x10004a1c                usbd_edpt_xfer
 .text.tud_control_status
                0x10004a8c       0x34 CMakeFiles/simple_photo_frame.dir/mnt/c/Users/hra/Documents/github/OTHERS/pico-sdk/lib/tinyusb/src/device/usbd_control.c.o
                0x10004a8c                tud_control_status
 .text.tud_control_xfer
                0x10004ac0       0xac CMakeFiles/simple_photo_frame.dir/mnt/c/Users/hra/Documents/github/OTHERS/pico-sdk/lib/tinyusb/src/device/usbd_control.c.o
                0x10004ac0                tud_control_xfer
 .text.usbd_control_reset
                0x10004b6c       0x14 CMakeFiles/simple_photo_frame.dir/mnt/c/Users/hra/Documents/github/OTHERS/pico-sdk/lib/tinyusb/src/device/usbd_control.c.o
                0x10004b6c                usbd_control_reset
 .text.usbd_control_set_complete_callback
                0x10004b80        0xc CMakeFiles/simple_photo_frame.dir/mnt/c/Users/hra/Documents/github/OTHERS/pico-sdk/lib/tinyusb/src/device/usbd_control.c.o
                0x10004b80                usbd_control_set_complete_callback
 .text.usbd_control_set_request
                0x10004b8c       0x1c CMakeFiles/simple_photo_frame.dir/mnt/c/Users/hra/Documents/github/OTHERS/pico-sdk/lib/tinyusb/src/device/usbd_control.c.o
                0x10004b8c                usbd_control_set_request
 .text.usbd_control_xfer_cb
                0x10004ba8       0xfc CMakeFiles/simple_photo_frame.dir/mnt/c/Users/hra/Documents/github/OTHERS/pico-sdk/lib/tinyusb/src/device/usbd_control.c.o
                0x10004ba8                usbd_control_xfer_cb
 .text._prep_out_transaction.isra.0
                0x10004ca4       0x74 CMakeFiles/simple_photo_frame.dir/mnt/c/Users/hra/Documents/github/OTHERS/pico-sdk/lib/tinyusb/src/class/cdc/cdc_device.c.o
 .text.tud_cdc_n_connected
                0x10004d18       0x2c CMakeFiles/simple_photo_frame.dir/mnt/c/Users/hra/Documents/github/OTHERS/pico-sdk/lib/tinyusb/src/class/cdc/cdc_device.c.o
                0x10004d18                tud_cdc_n_connected
 .text.tud_cdc_n_available
                0x10004d44       0x18 CMakeFiles/simple_photo_frame.dir/mnt/c/Users/hra/Documents/github/OTHERS/pico-sdk/lib/tinyusb/src/class/cdc/cdc_device.c.o
                0x10004d44                tud_cdc_n_available
 .text.tud_cdc_n_read
                0x10004d5c       0x8c CMakeFiles/simple_photo_frame.dir/mnt/c/Users/hra/Documents/github/OTHERS/pico-sdk/lib/tinyusb/src/class/cdc/cdc_device.c.o
                0x10004d5c                tud_cdc_n_read
 .text.tud_cdc_n_write_flush
                0x10004de8       0x8c CMakeFiles/simple_photo_frame.dir/mnt/c/Users/hra/Documents/github/OTHERS/pico-sdk/lib/tinyusb/src/class/cdc/cdc_device.c.o
                0x10004de8                tud_cdc_n_write_flush
 .text.tud_cdc_n_write
                0x10004e74       0x44 CMakeFiles/simple_photo_frame.dir/mnt/c/Users/hra/Documents/github/OTHERS/pico-sdk/lib/tinyusb/src/class/cdc/cdc_device.c.o
                0x10004e74                tud_cdc_n_write
 .text.tud_cdc_n_write_available
                0x10004eb8       0x18 CMakeFiles/simple_photo_frame.dir/mnt/c/Users/hra/Documents/github/OTHERS/pico-sdk/lib/tinyusb/src/class/cdc/cdc_device.c.o
                0x10004eb8                tud_cdc_n_write_available
 .text.cdcd_init
                0x10004ed0       0x70 CMakeFiles/simple_photo_frame.dir/mnt/c/Users/hra/Documents/github/OTHERS/pico-sdk/lib/tinyusb/src/class/cdc/cdc_device.c.o
                0x10004ed0                cdcd_init
 .text.cdcd_deinit
                0x10004f40       0x2c CMakeFiles/simple_photo_frame.dir/mnt/c/Users/hra/Documents/github/OTHERS/pico-sdk/lib/tinyusb/src/class/cdc/cdc_device.c.o
                0x10004f40                cdcd_deinit
 .text.cdcd_reset
                0x10004f6c       0x4c CMakeFiles/simple_photo_frame.dir/mnt/c/Users/hra/Documents/github/OTHERS/pico-sdk/lib/tinyusb/src/class/cdc/cdc_device.c.o
                0x10004f6c                cdcd_reset
 .text.cdcd_open
                0x10004fb8       0xbc CMakeFiles/simple_photo_frame.dir/mnt/c/Users/hra/Documents/github/OTHERS/pico-sdk/lib/tinyusb/src/class/cdc/cdc_device.c.o
                0x10004fb8                cdcd_open
 .text.cdcd_control_xfer_cb
                0x10005074       0xc0 CMakeFiles/simple_photo_frame.dir/mnt/c/Users/hra/Documents/github/OTHERS/pico-sdk/lib/tinyusb/src/class/cdc/cdc_device.c.o
                0x10005074                cdcd_control_xfer_cb
 .text.cdcd_xfer_cb
                0x10005134       0xfc CMakeFiles/simple_photo_frame.dir/mnt/c/Users/hra/Documents/github/OTHERS/pico-sdk/lib/tinyusb/src/class/cdc/cdc_device.c.o
                0x10005134                cdcd_xfer_cb
 .text.vendord_init
                0x10005230       0x5c CMakeFiles/simple_photo_frame.dir/mnt/c/Users/hra/Documents/github/OTHERS/pico-sdk/lib/tinyusb/src/class/vendor/vendor_device.c.o
                0x10005230                vendord_init
 .text.vendord_deinit
                0x1000528c       0x1c CMakeFiles/simple_photo_frame.dir/mnt/c/Users/hra/Documents/github/OTHERS/pico-sdk/lib/tinyusb/src/class/vendor/vendor_device.c.o
                0x1000528c                vendord_deinit
 .text.vendord_reset
                0x100052a8       0x24 CMakeFiles/simple_photo_frame.dir/mnt/c/Users/hra/Documents/github/OTHERS/pico-sdk/lib/tinyusb/src/class/vendor/vendor_device.c.o
                0x100052a8                vendord_reset
 .text.vendord_open
                0x100052cc      0x104 CMakeFiles/simple_photo_frame.dir/mnt/c/Users/hra/Documents/github/OTHERS/pico-sdk/lib/tinyusb/src/class/vendor/vendor_device.c.o
                0x100052cc                vendord_open
 .text.vendord_xfer_cb
                0x100053d0       0x88 CMakeFiles/simple_photo_frame.dir/mnt/c/Users/hra/Documents/github/OTHERS/pico-sdk/lib/tinyusb/src/class/vendor/vendor_device.c.o
                0x100053d0                vendord_xfer_cb
 .text.tusb_rhport_init
                0x10005458       0x60 CMakeFiles/simple_photo_frame.dir/mnt/c/Users/hra/Documents/github/OTHERS/pico-sdk/lib/tinyusb/src/tusb.c.o
                0x10005458                tusb_rhport_init
 .text.tu_edpt_claim
                0x100054b8       0x54 CMakeFiles/simple_photo_frame.dir/mnt/c/Users/hra/Documents/github/OTHERS/pico-sdk/lib/tinyusb/src/tusb.c.o
                0x100054b8                tu_edpt_claim
 .text.tu_edpt_release
                0x1000550c       0x38 CMakeFiles/simple_photo_frame.dir/mnt/c/Users/hra/Documents/github/OTHERS/pico-sdk/lib/tinyusb/src/tusb.c.o
                0x1000550c                tu_edpt_release
 .text.tu_edpt_validate
                0x10005544       0x64 CMakeFiles/simple_photo_frame.dir/mnt/c/Users/hra/Documents/github/OTHERS/pico-sdk/lib/tinyusb/src/tusb.c.o
                0x10005544                tu_edpt_validate
 .text.tu_edpt_bind_driver
                0x100055a8       0x58 CMakeFiles/simple_photo_frame.dir/mnt/c/Users/hra/Documents/github/OTHERS/pico-sdk/lib/tinyusb/src/tusb.c.o
                0x100055a8                tu_edpt_bind_driver
 .text.tu_edpt_stream_init
                0x10005600       0x58 CMakeFiles/simple_photo_frame.dir/mnt/c/Users/hra/Documents/github/OTHERS/pico-sdk/lib/tinyusb/src/tusb.c.o
                0x10005600                tu_edpt_stream_init
 .text.tu_edpt_stream_deinit
                0x10005658        0x4 CMakeFiles/simple_photo_frame.dir/mnt/c/Users/hra/Documents/github/OTHERS/pico-sdk/lib/tinyusb/src/tusb.c.o
                0x10005658                tu_edpt_stream_deinit
 .text.tu_edpt_stream_write_zlp_if_needed
                0x1000565c       0x68 CMakeFiles/simple_photo_frame.dir/mnt/c/Users/hra/Documents/github/OTHERS/pico-sdk/lib/tinyusb/src/tusb.c.o
                0x1000565c                tu_edpt_stream_write_zlp_if_needed
 .text.tu_edpt_stream_write_xfer
                0x100056c4       0x70 CMakeFiles/simple_photo_frame.dir/mnt/c/Users/hra/Documents/github/OTHERS/pico-sdk/lib/tinyusb/src/tusb.c.o
                0x100056c4                tu_edpt_stream_write_xfer
 .text.tu_edpt_stream_read_xfer
                0x10005734       0xd0 CMakeFiles/simple_photo_frame.dir/mnt/c/Users/hra/Documents/github/OTHERS/pico-sdk/lib/tinyusb/src/tusb.c.o
                0x10005734                tu_edpt_stream_read_xfer
 .text.tu_fifo_config
                0x10005804       0x60 CMakeFiles/simple_photo_frame.dir/mnt/c/Users/hra/Documents/github/OTHERS/pico-sdk/lib/tinyusb/src/common/tusb_fifo.c.o
                0x10005804                tu_fifo_config
 .text.tu_fifo_count
                0x10005864       0x20 CMakeFiles/simple_photo_frame.dir/mnt/c/Users/hra/Documents/github/OTHERS/pico-sdk/lib/tinyusb/src/common/tusb_fifo.c.o
                0x10005864                tu_fifo_count
 .text.tu_fifo_empty
                0x10005884       0x14 CMakeFiles/simple_photo_frame.dir/mnt/c/Users/hra/Documents/github/OTHERS/pico-sdk/lib/tinyusb/src/common/tusb_fifo.c.o
                0x10005884                tu_fifo_empty
 .text.tu_fifo_remaining
                0x10005898       0x24 CMakeFiles/simple_photo_frame.dir/mnt/c/Users/hra/Documents/github/OTHERS/pico-sdk/lib/tinyusb/src/common/tusb_fifo.c.o
                0x10005898                tu_fifo_remaining
 .text.tu_fifo_read
                0x100058bc       0x94 CMakeFiles/simple_photo_frame.dir/mnt/c/Users/hra/Documents/github/OTHERS/pico-sdk/lib/tinyusb/src/common/tusb_fifo.c.o
                0x100058bc                tu_fifo_read
 .text.tu_fifo_read_n
                0x10005950       0xd8 CMakeFiles/simple_photo_frame.dir/mnt/c/Users/hra/Documents/github/OTHERS/pico-sdk/lib/tinyusb/src/common/tusb_fifo.c.o
                0x10005950                tu_fifo_read_n
 .text.tu_fifo_write
                0x10005a28       0xa0 CMakeFiles/simple_photo_frame.dir/mnt/c/Users/hra/Documents/github/OTHERS/pico-sdk/lib/tinyusb/src/common/tusb_fifo.c.o
                0x10005a28                tu_fifo_write
 .text.tu_fifo_write_n
                0x10005ac8      0x158 CMakeFiles/simple_photo_frame.dir/mnt/c/Users/hra/Documents/github/OTHERS/pico-sdk/lib/tinyusb/src/common/tusb_fifo.c.o
                0x10005ac8                tu_fifo_write_n
 .text.tu_fifo_clear
                0x10005c20       0x38 CMakeFiles/simple_photo_frame.dir/mnt/c/Users/hra/Documents/github/OTHERS/pico-sdk/lib/tinyusb/src/common/tusb_fifo.c.o
                0x10005c20                tu_fifo_clear
 .text.tu_fifo_set_overwritable
                0x10005c58       0x3c CMakeFiles/simple_photo_frame.dir/mnt/c/Users/hra/Documents/github/OTHERS/pico-sdk/lib/tinyusb/src/common/tusb_fifo.c.o
                0x10005c58                tu_fifo_set_overwritable
 .text.spi_init
                0x10005c94       0xf4 CMakeFiles/simple_photo_frame.dir/mnt/c/Users/hra/Documents/github/OTHERS/pico-sdk/src/rp2_common/hardware_spi/spi.c.o
                0x10005c94                spi_init
 .text          0x10005d88       0x50 /usr/lib/gcc/arm-none-eabi/13.2.1/../../../arm-none-eabi/lib/thumb/v8-m.main+fp/softfp/libg.a(libc_a-rand.o)
                0x10005d88                srand
                0x10005d98                rand
 .text          0x10005dd8       0xa4 /usr/lib/gcc/arm-none-eabi/13.2.1/../../../arm-none-eabi/lib/thumb/v8-m.main+fp/softfp/libg.a(libc_a-memset.o)
                0x10005dd8                memset
 .text          0x10005e7c       0xec /usr/lib/gcc/arm-none-eabi/13.2.1/../../../arm-none-eabi/lib/thumb/v8-m.main+fp/softfp/libg.a(libc_a-memcpy.o)
                0x10005e7c                memcpy
 .text          0x10005f68        0xc /usr/lib/gcc/arm-none-eabi/13.2.1/../../../arm-none-eabi/lib/thumb/v8-m.main+fp/softfp/libg.a(libc_a-atexit.o)
                0x10005f68                atexit
 .text          0x10005f74       0x5c /usr/lib/gcc/arm-none-eabi/13.2.1/../../../arm-none-eabi/lib/thumb/v8-m.main+fp/softfp/libg.a(libc_a-strlen-stub.o)
                0x10005f74                strlen
 .text          0x10005fd0       0x28 /usr/lib/gcc/arm-none-eabi/13.2.1/../../../arm-none-eabi/lib/thumb/v8-m.main+fp/softfp/libg.a(libc_a-fini.o)
                0x10005fd0                __libc_fini_array
 .text          0x10005ff8       0x64 /usr/lib/gcc/arm-none-eabi/13.2.1/../../../arm-none-eabi/lib/thumb/v8-m.main+fp/softfp/libg.a(libc_a-__atexit.o)
                0x10005ff8                __register_exitproc
 .text.startup  0x1000605c       0x14 /usr/lib/gcc/arm-none-eabi/13.2.1/../../../arm-none-eabi/lib/thumb/v8-m.main+fp/softfp/libg.a(libc_a-__call_atexit.o)
 *(.fini)
 .fini          0x10006070        0x4 /usr/lib/gcc/arm-none-eabi/13.2.1/thumb/v8-m.main+fp/softfp/crti.o
                0x10006070                _fini
 *fill*         0x10006074        0x4 
 .fini.__stub   0x10006078       0x58 linker stubs
 *crtbegin.o(.ctors)
 *crtbegin?.o(.ctors)
 *(EXCLUDE_FILE(*crtend.o *crtend?.o) .ctors)
 *(SORT_BY_NAME(.ctors.*))
 *(.ctors)
 *crtbegin.o(.dtors)
 *crtbegin?.o(.dtors)
 *(EXCLUDE_FILE(*crtend.o *crtend?.o) .dtors)
 *(SORT_BY_NAME(.dtors.*))
 *(.dtors)
                0x100060d0                        . = ALIGN (0x4)
                0x100060d0                        PROVIDE (__preinit_array_start = .)
 *(SORT_BY_NAME(.preinit_array.*))
 .preinit_array.00050
                0x100060d0        0x4 CMakeFiles/simple_photo_frame.dir/mnt/c/Users/hra/Documents/github/OTHERS/pico-sdk/src/rp2_common/pico_runtime_init/runtime_init.c.o
                0x100060d0                __pre_init_runtime_init_bootrom_reset
 .preinit_array.00100
                0x100060d4        0x4 CMakeFiles/simple_photo_frame.dir/mnt/c/Users/hra/Documents/github/OTHERS/pico-sdk/src/rp2_common/pico_runtime_init/runtime_init.c.o
                0x100060d4                __pre_init_runtime_init_early_resets
 .preinit_array.00101
                0x100060d8        0x4 CMakeFiles/simple_photo_frame.dir/mnt/c/Users/hra/Documents/github/OTHERS/pico-sdk/src/rp2_common/pico_runtime_init/runtime_init.c.o
                0x100060d8                __pre_init_runtime_init_usb_power_down
 .preinit_array.00500
                0x100060dc        0x4 CMakeFiles/simple_photo_frame.dir/mnt/c/Users/hra/Documents/github/OTHERS/pico-sdk/src/rp2_common/pico_runtime_init/runtime_init.c.o
                0x100060dc                __pre_init_runtime_init_clocks
 .preinit_array.00600
                0x100060e0        0x4 CMakeFiles/simple_photo_frame.dir/mnt/c/Users/hra/Documents/github/OTHERS/pico-sdk/src/rp2_common/pico_runtime_init/runtime_init.c.o
                0x100060e0                __pre_init_runtime_init_post_clock_resets
 .preinit_array.01000
                0x100060e4        0x4 CMakeFiles/simple_photo_frame.dir/mnt/c/Users/hra/Documents/github/OTHERS/pico-sdk/src/rp2_common/hardware_boot_lock/boot_lock.c.o
                0x100060e4                __pre_init_runtime_init_boot_locks_reset
 .preinit_array.01000
                0x100060e8        0x4 CMakeFiles/simple_photo_frame.dir/mnt/c/Users/hra/Documents/github/OTHERS/pico-sdk/src/rp2_common/pico_runtime_init/runtime_init.c.o
                0x100060e8                __pre_init_runtime_init_spin_locks_reset
 .preinit_array.01010
                0x100060ec        0x4 CMakeFiles/simple_photo_frame.dir/mnt/c/Users/hra/Documents/github/OTHERS/pico-sdk/src/rp2_common/pico_bootrom/bootrom_lock.c.o
                0x100060ec                __pre_init_runtime_init_bootrom_locking_enable
 .preinit_array.01100
                0x100060f0        0x4 CMakeFiles/simple_photo_frame.dir/mnt/c/Users/hra/Documents/github/OTHERS/pico-sdk/src/common/pico_sync/mutex.c.o
                0x100060f0                __pre_init_runtime_init_mutex
 .preinit_array.10080
                0x100060f4        0x4 CMakeFiles/simple_photo_frame.dir/mnt/c/Users/hra/Documents/github/OTHERS/pico-sdk/src/rp2_common/pico_runtime_init/runtime_init.c.o
                0x100060f4                __pre_init_runtime_init_install_ram_vector_table
 .preinit_array.11000
                0x100060f8        0x4 CMakeFiles/simple_photo_frame.dir/mnt/c/Users/hra/Documents/github/OTHERS/pico-sdk/src/common/pico_time/time.c.o
                0x100060f8                __pre_init_runtime_init_default_alarm_pool
 .preinit_array.YYYYY
                0x100060fc        0x4 CMakeFiles/simple_photo_frame.dir/mnt/c/Users/hra/Documents/github/OTHERS/pico-sdk/src/rp2_common/pico_runtime/runtime.c.o
                0x100060fc                __pre_init_first_per_core_initializer
 .preinit_array.ZZZZZ.00051
                0x10006100        0x4 CMakeFiles/simple_photo_frame.dir/mnt/c/Users/hra/Documents/github/OTHERS/pico-sdk/src/rp2_common/pico_runtime_init/runtime_init.c.o
                0x10006100                __pre_init_runtime_init_per_core_bootrom_reset
 .preinit_array.ZZZZZ.00200
                0x10006104        0x4 CMakeFiles/simple_photo_frame.dir/mnt/c/Users/hra/Documents/github/OTHERS/pico-sdk/src/rp2_common/pico_runtime_init/runtime_init.c.o
                0x10006104                __pre_init_runtime_init_per_core_enable_coprocessors
 .preinit_array.ZZZZZ.01000
                0x10006108        0x4 CMakeFiles/simple_photo_frame.dir/mnt/c/Users/hra/Documents/github/OTHERS/pico-sdk/src/rp2_common/hardware_sync_spin_lock/sync_spin_lock.c.o
                0x10006108                __pre_init_spinlock_set_extexclall
 .preinit_array.ZZZZZ.01200
                0x1000610c        0x4 CMakeFiles/simple_photo_frame.dir/mnt/c/Users/hra/Documents/github/OTHERS/pico-sdk/src/rp2_common/hardware_irq/irq.c.o
                0x1000610c                __pre_init_runtime_init_per_core_irq_priorities
 *(.preinit_array)
                0x10006110                        PROVIDE (__preinit_array_end = .)
                0x10006110                        . = ALIGN (0x4)
                0x10006110                        PROVIDE (__init_array_start = .)
 *(SORT_BY_NAME(.init_array.*))
 .init_array.00000
                0x10006110        0x4 /usr/lib/gcc/arm-none-eabi/13.2.1/../../../arm-none-eabi/lib/thumb/v8-m.main+fp/softfp/libg.a(libc_a-__call_atexit.o)
 .init_array.01000
                0x10006114        0x4 CMakeFiles/simple_photo_frame.dir/mnt/c/Users/hra/Documents/github/OTHERS/pico-sdk/src/rp2_common/pico_unique_id/unique_id.c.o
 *(.init_array)
 .init_array    0x10006118        0x4 /usr/lib/gcc/arm-none-eabi/13.2.1/thumb/v8-m.main+fp/softfp/crtbegin.o
                0x1000611c                        PROVIDE (__init_array_end = .)
                0x1000611c                        . = ALIGN (0x4)
                0x1000611c                        PROVIDE (__fini_array_start = .)
 *(SORT_BY_NAME(.fini_array.*))
 *(.fini_array)
                0x1000611c                        PROVIDE (__fini_array_end = .)
 *(.eh_frame*)
 .eh_frame      0x1000611c        0x0 /usr/lib/gcc/arm-none-eabi/13.2.1/thumb/v8-m.main+fp/softfp/crtbegin.o
                0x1000611c                        . = ALIGN (0x4)

.glue_7         0x1000611c        0x0
 .glue_7        0x1000611c        0x0 linker stubs

.glue_7t        0x1000611c        0x0
 .glue_7t       0x1000611c        0x0 linker stubs

.vfp11_veneer   0x1000611c        0x0
 .vfp11_veneer  0x1000611c        0x0 linker stubs

.v4_bx          0x1000611c        0x0
 .v4_bx         0x1000611c        0x0 linker stubs

.iplt           0x1000611c        0x0
 .iplt          0x1000611c        0x0 /usr/lib/gcc/arm-none-eabi/13.2.1/thumb/v8-m.main+fp/softfp/crtbegin.o

.boot2          0x1000611c        0x0
                0x1000611c                        __boot2_start__ = .
 *(.boot2)
                0x1000611c                        __boot2_end__ = .
                0x00000001                        ASSERT (((__boot2_end__ - __boot2_start__) <= 0x100), ERROR: Pico second stage bootloader must be no more than 256 bytes in size)

.rodata         0x10006120      0x404
 *(EXCLUDE_FILE(*libm.a: *libc.a:*lib_a-mem*.o *libgcc.a:) .rodata*)
 .rodata.main.str1.4
                0x10006120      0x1a4 CMakeFiles/simple_photo_frame.dir/simple_photo_frame.c.o
                                 0x2b (size before relaxing)
 .rodata.panic.str1.4
                0x100062c4       0x12 CMakeFiles/simple_photo_frame.dir/mnt/c/Users/hra/Documents/github/OTHERS/pico-sdk/src/rp2_common/pico_platform_panic/panic.c.o
 .rodata.spin_lock_claim_unused.str1.4
                0x100062c4       0x1b CMakeFiles/simple_photo_frame.dir/mnt/c/Users/hra/Documents/github/OTHERS/pico-sdk/src/rp2_common/hardware_sync/sync.c.o
 .rodata.user_irq_claim_unused.str1.4
                0x100062c4       0x1b CMakeFiles/simple_photo_frame.dir/mnt/c/Users/hra/Documents/github/OTHERS/pico-sdk/src/rp2_common/hardware_irq/irq.c.o
 .rodata.timer_hardware_alarm_claim.str1.4
                0x100062c4       0x22 CMakeFiles/simple_photo_frame.dir/mnt/c/Users/hra/Documents/github/OTHERS/pico-sdk/src/rp2_common/hardware_timer/timer.c.o
 .rodata.hard_assertion_failure.str1.4
                0x100062c4        0xc CMakeFiles/simple_photo_frame.dir/mnt/c/Users/hra/Documents/github/OTHERS/pico-sdk/src/rp2_common/pico_runtime/runtime.c.o
 .rodata.str1.4
                0x100062c4       0x48 CMakeFiles/simple_photo_frame.dir/mnt/c/Users/hra/Documents/github/OTHERS/pico-sdk/src/rp2_common/pico_standard_binary_info/standard_binary_info.c.o
 .rodata.__bi_84
                0x100062c4        0xc CMakeFiles/simple_photo_frame.dir/mnt/c/Users/hra/Documents/github/OTHERS/pico-sdk/src/rp2_common/pico_standard_binary_info/standard_binary_info.c.o
 .rodata.__bi_78
                0x100062d0        0xc CMakeFiles/simple_photo_frame.dir/mnt/c/Users/hra/Documents/github/OTHERS/pico-sdk/src/rp2_common/pico_standard_binary_info/standard_binary_info.c.o
 .rodata.__bi_54
                0x100062dc        0xc CMakeFiles/simple_photo_frame.dir/mnt/c/Users/hra/Documents/github/OTHERS/pico-sdk/src/rp2_common/pico_standard_binary_info/standard_binary_info.c.o
 .rodata.__bi_48
                0x100062e8        0xc CMakeFiles/simple_photo_frame.dir/mnt/c/Users/hra/Documents/github/OTHERS/pico-sdk/src/rp2_common/pico_standard_binary_info/standard_binary_info.c.o
 .rodata.__bi_42
                0x100062f4        0xc CMakeFiles/simple_photo_frame.dir/mnt/c/Users/hra/Documents/github/OTHERS/pico-sdk/src/rp2_common/pico_standard_binary_info/standard_binary_info.c.o
 .rodata.__bi_34
                0x10006300        0xc CMakeFiles/simple_photo_frame.dir/mnt/c/Users/hra/Documents/github/OTHERS/pico-sdk/src/rp2_common/pico_standard_binary_info/standard_binary_info.c.o
 .rodata.__bi_26
                0x1000630c        0xc CMakeFiles/simple_photo_frame.dir/mnt/c/Users/hra/Documents/github/OTHERS/pico-sdk/src/rp2_common/pico_standard_binary_info/standard_binary_info.c.o
 .rodata._ftoa.str1.4
                0x10006318       0x15 CMakeFiles/simple_photo_frame.dir/mnt/c/Users/hra/Documents/github/OTHERS/pico-sdk/src/rp2_common/pico_printf/printf.c.o
 .rodata.pow10.0
                0x10006318       0x50 CMakeFiles/simple_photo_frame.dir/mnt/c/Users/hra/Documents/github/OTHERS/pico-sdk/src/rp2_common/pico_printf/printf.c.o
 .rodata.crlf_str.0
                0x10006368        0x2 CMakeFiles/simple_photo_frame.dir/mnt/c/Users/hra/Documents/github/OTHERS/pico-sdk/src/rp2_common/pico_stdio/stdio.c.o
 *fill*         0x1000636a        0x2 
 .rodata._resetd_driver
                0x1000636c       0x20 CMakeFiles/simple_photo_frame.dir/mnt/c/Users/hra/Documents/github/OTHERS/pico-sdk/src/rp2_common/pico_stdio_usb/reset_interface.c.o
 .rodata.desc_ms_os_20
                0x1000638c       0xa6 CMakeFiles/simple_photo_frame.dir/mnt/c/Users/hra/Documents/github/OTHERS/pico-sdk/src/rp2_common/pico_stdio_usb/reset_interface.c.o
 *fill*         0x10006432        0x2 
 .rodata.desc_bos
                0x10006434       0x21 CMakeFiles/simple_photo_frame.dir/mnt/c/Users/hra/Documents/github/OTHERS/pico-sdk/src/rp2_common/pico_stdio_usb/reset_interface.c.o
                0x10006434                desc_bos
 .rodata.str1.4
                0x10006455       0x13 CMakeFiles/simple_photo_frame.dir/mnt/c/Users/hra/Documents/github/OTHERS/pico-sdk/src/rp2_common/pico_stdio_usb/stdio_usb.c.o
 *fill*         0x10006455        0x3 
 .rodata.__bi_202.0
                0x10006458        0xc CMakeFiles/simple_photo_frame.dir/mnt/c/Users/hra/Documents/github/OTHERS/pico-sdk/src/rp2_common/pico_stdio_usb/stdio_usb.c.o
 .rodata.str1.4
                0x10006464       0x2a CMakeFiles/simple_photo_frame.dir/mnt/c/Users/hra/Documents/github/OTHERS/pico-sdk/src/rp2_common/pico_stdio_usb/stdio_usb_descriptors.c.o
 .rodata.usbd_desc_str
                0x10006464       0x18 CMakeFiles/simple_photo_frame.dir/mnt/c/Users/hra/Documents/github/OTHERS/pico-sdk/src/rp2_common/pico_stdio_usb/stdio_usb_descriptors.c.o
 .rodata.usbd_desc_cfg
                0x1000647c       0x54 CMakeFiles/simple_photo_frame.dir/mnt/c/Users/hra/Documents/github/OTHERS/pico-sdk/src/rp2_common/pico_stdio_usb/stdio_usb_descriptors.c.o
 .rodata.usbd_desc_device
                0x100064d0       0x12 CMakeFiles/simple_photo_frame.dir/mnt/c/Users/hra/Documents/github/OTHERS/pico-sdk/src/rp2_common/pico_stdio_usb/stdio_usb_descriptors.c.o
 .rodata.str1.4
                0x100064e2       0x14 CMakeFiles/simple_photo_frame.dir/mnt/c/Users/hra/Documents/github/OTHERS/pico-sdk/lib/tinyusb/src/portable/raspberrypi/rp2040/dcd_rp2040.c.o
 .rodata.str1.4
                0x100064e2       0x48 CMakeFiles/simple_photo_frame.dir/mnt/c/Users/hra/Documents/github/OTHERS/pico-sdk/lib/tinyusb/src/portable/raspberrypi/rp2040/rp2040_usb.c.o
 *fill*         0x100064e2        0x2 
 .rodata._usbd_driver
                0x100064e4       0x40 CMakeFiles/simple_photo_frame.dir/mnt/c/Users/hra/Documents/github/OTHERS/pico-sdk/lib/tinyusb/src/device/usbd.c.o
 *(.srodata*)
                0x10006524                        . = ALIGN (0x4)
 *(SORT_BY_ALIGNMENT(SORT_BY_NAME(.flashdata*)))
                0x10006524                        . = ALIGN (0x4)

.ARM.extab
 *(.ARM.extab* .gnu.linkonce.armextab.*)
                0x10006524                        __exidx_start = .

.ARM.exidx      0x10006524        0x8
 *(.ARM.exidx* .gnu.linkonce.armexidx.*)
 .ARM.exidx     0x10006524        0x8 /usr/lib/gcc/arm-none-eabi/13.2.1/../../../arm-none-eabi/lib/thumb/v8-m.main+fp/softfp/libg.a(libc_a-memcpy.o)
 .ARM.exidx     0x1000652c        0x0 /usr/lib/gcc/arm-none-eabi/13.2.1/thumb/v8-m.main+fp/softfp/libgcc.a(_udivmoddi4.o)
                                  0x8 (size before relaxing)
                0x1000652c                        __exidx_end = .
                0x1000652c                        . = ALIGN (0x4)
                0x1000652c                        __binary_info_start = .

.binary_info    0x1000652c       0x20
 *(.binary_info.keep.*)
 .binary_info.keep.__bi_ptr84
                0x1000652c        0x4 CMakeFiles/simple_photo_frame.dir/mnt/c/Users/hra/Documents/github/OTHERS/pico-sdk/src/rp2_common/pico_standard_binary_info/standard_binary_info.c.o
 .binary_info.keep.__bi_ptr78
                0x10006530        0x4 CMakeFiles/simple_photo_frame.dir/mnt/c/Users/hra/Documents/github/OTHERS/pico-sdk/src/rp2_common/pico_standard_binary_info/standard_binary_info.c.o
 .binary_info.keep.__bi_ptr54
                0x10006534        0x4 CMakeFiles/simple_photo_frame.dir/mnt/c/Users/hra/Documents/github/OTHERS/pico-sdk/src/rp2_common/pico_standard_binary_info/standard_binary_info.c.o
 .binary_info.keep.__bi_ptr48
                0x10006538        0x4 CMakeFiles/simple_photo_frame.dir/mnt/c/Users/hra/Documents/github/OTHERS/pico-sdk/src/rp2_common/pico_standard_binary_info/standard_binary_info.c.o
 .binary_info.keep.__bi_ptr42
                0x1000653c        0x4 CMakeFiles/simple_photo_frame.dir/mnt/c/Users/hra/Documents/github/OTHERS/pico-sdk/src/rp2_common/pico_standard_binary_info/standard_binary_info.c.o
 .binary_info.keep.__bi_ptr34
                0x10006540        0x4 CMakeFiles/simple_photo_frame.dir/mnt/c/Users/hra/Documents/github/OTHERS/pico-sdk/src/rp2_common/pico_standard_binary_info/standard_binary_info.c.o
 .binary_info.keep.__bi_ptr26
                0x10006544        0x4 CMakeFiles/simple_photo_frame.dir/mnt/c/Users/hra/Documents/github/OTHERS/pico-sdk/src/rp2_common/pico_standard_binary_info/standard_binary_info.c.o
 *(.binary_info.*)
 .binary_info.__bi_ptr202
                0x10006548        0x4 CMakeFiles/simple_photo_frame.dir/mnt/c/Users/hra/Documents/github/OTHERS/pico-sdk/src/rp2_common/pico_stdio_usb/stdio_usb.c.o
                0x1000654c                        __binary_info_end = .
                0x1000654c                        . = ALIGN (0x4)

.ram_vector_table
                0x20000000      0x110
 *(.ram_vector_table)
 .ram_vector_table
                0x20000000      0x110 CMakeFiles/simple_photo_frame.dir/mnt/c/Users/hra/Documents/github/OTHERS/pico-sdk/src/rp2_common/pico_runtime_init/runtime_init.c.o
                0x20000000                ram_vector_table

.uninitialized_data
                0x20000110        0x0
                0x20000110                        . = ALIGN (0x4)
 *(.uninitialized_data*)

.data           0x20000110     0x1288 load address 0x1000654c
                0x20000110                        __data_start__ = .
 *(vtable)
 *(.time_critical*)
 .time_critical.mutex_try_enter
                0x20000110       0x50 CMakeFiles/simple_photo_frame.dir/mnt/c/Users/hra/Documents/github/OTHERS/pico-sdk/src/common/pico_sync/mutex.c.o
                0x20000110                mutex_try_enter
 .time_critical.mutex_enter_block_until
                0x20000160       0x70 CMakeFiles/simple_photo_frame.dir/mnt/c/Users/hra/Documents/github/OTHERS/pico-sdk/src/common/pico_sync/mutex.c.o
                0x20000160                mutex_enter_block_until
 .time_critical.mutex_try_enter_block_until
                0x200001d0       0x6c CMakeFiles/simple_photo_frame.dir/mnt/c/Users/hra/Documents/github/OTHERS/pico-sdk/src/common/pico_sync/mutex.c.o
                0x200001d0                mutex_try_enter_block_until
 .time_critical.mutex_enter_timeout_ms
                0x2000023c       0x38 CMakeFiles/simple_photo_frame.dir/mnt/c/Users/hra/Documents/github/OTHERS/pico-sdk/src/common/pico_sync/mutex.c.o
                0x2000023c                mutex_enter_timeout_ms
 .time_critical.mutex_exit
                0x20000274       0x3c CMakeFiles/simple_photo_frame.dir/mnt/c/Users/hra/Documents/github/OTHERS/pico-sdk/src/common/pico_sync/mutex.c.o
                0x20000274                mutex_exit
 .time_critical.reset_non_control_endpoints
                0x200002b0       0x64 CMakeFiles/simple_photo_frame.dir/mnt/c/Users/hra/Documents/github/OTHERS/pico-sdk/lib/tinyusb/src/portable/raspberrypi/rp2040/dcd_rp2040.c.o
 .time_critical.hw_handle_buff_status
                0x20000314       0x94 CMakeFiles/simple_photo_frame.dir/mnt/c/Users/hra/Documents/github/OTHERS/pico-sdk/lib/tinyusb/src/portable/raspberrypi/rp2040/dcd_rp2040.c.o
 .time_critical.dcd_rp2040_irq
                0x200003a8      0x510 CMakeFiles/simple_photo_frame.dir/mnt/c/Users/hra/Documents/github/OTHERS/pico-sdk/lib/tinyusb/src/portable/raspberrypi/rp2040/dcd_rp2040.c.o
 .time_critical.prepare_ep_buffer
                0x200008b8       0xd0 CMakeFiles/simple_photo_frame.dir/mnt/c/Users/hra/Documents/github/OTHERS/pico-sdk/lib/tinyusb/src/portable/raspberrypi/rp2040/rp2040_usb.c.o
 .time_critical.sync_ep_buffer
                0x20000988       0xb8 CMakeFiles/simple_photo_frame.dir/mnt/c/Users/hra/Documents/github/OTHERS/pico-sdk/lib/tinyusb/src/portable/raspberrypi/rp2040/rp2040_usb.c.o
 .time_critical._hw_endpoint_xfer_sync
                0x20000a40       0x2c CMakeFiles/simple_photo_frame.dir/mnt/c/Users/hra/Documents/github/OTHERS/pico-sdk/lib/tinyusb/src/portable/raspberrypi/rp2040/rp2040_usb.c.o
 .time_critical.e15_is_bulkin_ep
                0x20000a6c       0x28 CMakeFiles/simple_photo_frame.dir/mnt/c/Users/hra/Documents/github/OTHERS/pico-sdk/lib/tinyusb/src/portable/raspberrypi/rp2040/rp2040_usb.c.o
 .time_critical.e15_is_critical_frame_period
                0x20000a94       0x28 CMakeFiles/simple_photo_frame.dir/mnt/c/Users/hra/Documents/github/OTHERS/pico-sdk/lib/tinyusb/src/portable/raspberrypi/rp2040/rp2040_usb.c.o
 .time_critical.hw_endpoint_reset_transfer
                0x20000abc        0xc CMakeFiles/simple_photo_frame.dir/mnt/c/Users/hra/Documents/github/OTHERS/pico-sdk/lib/tinyusb/src/portable/raspberrypi/rp2040/rp2040_usb.c.o
                0x20000abc                hw_endpoint_reset_transfer
 .time_critical._hw_endpoint_buffer_control_update32
                0x20000ac8       0x44 CMakeFiles/simple_photo_frame.dir/mnt/c/Users/hra/Documents/github/OTHERS/pico-sdk/lib/tinyusb/src/portable/raspberrypi/rp2040/rp2040_usb.c.o
                0x20000ac8                _hw_endpoint_buffer_control_update32
 .time_critical.hw_endpoint_start_next_buffer
                0x20000b0c       0x64 CMakeFiles/simple_photo_frame.dir/mnt/c/Users/hra/Documents/github/OTHERS/pico-sdk/lib/tinyusb/src/portable/raspberrypi/rp2040/rp2040_usb.c.o
                0x20000b0c                hw_endpoint_start_next_buffer
 .time_critical.hw_endpoint_xfer_continue
                0x20000b70       0x3c CMakeFiles/simple_photo_frame.dir/mnt/c/Users/hra/Documents/github/OTHERS/pico-sdk/lib/tinyusb/src/portable/raspberrypi/rp2040/rp2040_usb.c.o
                0x20000b70                hw_endpoint_xfer_continue
 .time_critical.tinyusb
                0x20000bac      0x224 CMakeFiles/simple_photo_frame.dir/mnt/c/Users/hra/Documents/github/OTHERS/pico-sdk/lib/tinyusb/src/device/usbd.c.o
                0x20000bac                dcd_event_handler
 .time_critical.spi_write_blocking
                0x20000dd0       0x90 CMakeFiles/simple_photo_frame.dir/mnt/c/Users/hra/Documents/github/OTHERS/pico-sdk/src/rp2_common/hardware_spi/spi.c.o
                0x20000dd0                spi_write_blocking
 *(.text*)
 .text          0x20000e60       0x30 /usr/lib/gcc/arm-none-eabi/13.2.1/thumb/v8-m.main+fp/softfp/libgcc.a(_aeabi_uldivmod.o)
                0x20000e60                __aeabi_uldivmod
 .text          0x20000e90      0x300 /usr/lib/gcc/arm-none-eabi/13.2.1/thumb/v8-m.main+fp/softfp/libgcc.a(_udivmoddi4.o)
                0x20000e90                __udivmoddi4
 .text          0x20001190        0x4 /usr/lib/gcc/arm-none-eabi/13.2.1/thumb/v8-m.main+fp/softfp/libgcc.a(_dvmd_tls.o)
                0x20001190                __aeabi_ldiv0
                0x20001190                __aeabi_idiv0
 *fill*         0x20001194        0x4 
 .text.__stub   0x20001198       0x30 linker stubs
                0x200011c8                        . = ALIGN (0x4)
 *(.rodata*)
                0x200011c8                        . = ALIGN (0x4)
 *(.data*)
 .data.striped_spin_lock_num
                0x200011c8        0x1 CMakeFiles/simple_photo_frame.dir/mnt/c/Users/hra/Documents/github/OTHERS/pico-sdk/src/rp2_common/hardware_sync/sync.c.o
 *fill*         0x200011c9        0x3 
 .data          0x200011cc       0x48 CMakeFiles/simple_photo_frame.dir/mnt/c/Users/hra/Documents/github/OTHERS/pico-sdk/src/rp2_common/hardware_irq/irq_handler_chain.S.o
                0x200011cc                irq_handler_chain_slots
                0x200011fc                irq_handler_chain_first_slot
                0x20001206                irq_handler_chain_remove_tail
 .data.default_alarm_pool
                0x20001214       0x18 CMakeFiles/simple_photo_frame.dir/mnt/c/Users/hra/Documents/github/OTHERS/pico-sdk/src/common/pico_time/time.c.o
 .data.stdio_usb
                0x2000122c       0x18 CMakeFiles/simple_photo_frame.dir/mnt/c/Users/hra/Documents/github/OTHERS/pico-sdk/src/rp2_common/pico_stdio_usb/stdio_usb.c.o
                0x2000122c                stdio_usb
 .data._usbd_qdef
                0x20001244       0x1c CMakeFiles/simple_photo_frame.dir/mnt/c/Users/hra/Documents/github/OTHERS/pico-sdk/lib/tinyusb/src/device/usbd.c.o
                0x20001244                _usbd_qdef
 .data._usbd_rhport
                0x20001260        0x1 CMakeFiles/simple_photo_frame.dir/mnt/c/Users/hra/Documents/github/OTHERS/pico-sdk/lib/tinyusb/src/device/usbd.c.o
 *fill*         0x20001261        0x7 
 .data          0x20001268      0x128 /usr/lib/gcc/arm-none-eabi/13.2.1/../../../arm-none-eabi/lib/thumb/v8-m.main+fp/softfp/libg.a(libc_a-impure.o)
                0x20001268                _impure_ptr
                0x20001270                _impure_data
 *(.sdata*)
                0x20001390                        . = ALIGN (0x4)
 *(.after_data.*)
                0x20001390                        . = ALIGN (0x4)
                0x20001390                        PROVIDE (__mutex_array_start = .)
 *(SORT_BY_NAME(.mutex_array.*))
 *(.mutex_array)
 .mutex_array   0x20001390        0x8 CMakeFiles/simple_photo_frame.dir/mnt/c/Users/hra/Documents/github/OTHERS/pico-sdk/src/rp2_common/pico_stdio/stdio.c.o
                0x20001398                        PROVIDE (__mutex_array_end = .)
 *(.jcr)
                0x20001398                        . = ALIGN (0x4)

.tm_clone_table
                0x20001398        0x0 load address 0x100077d4
 .tm_clone_table
                0x20001398        0x0 /usr/lib/gcc/arm-none-eabi/13.2.1/thumb/v8-m.main+fp/softfp/crtbegin.o
 .tm_clone_table
                0x20001398        0x0 /usr/lib/gcc/arm-none-eabi/13.2.1/thumb/v8-m.main+fp/softfp/crtend.o

.igot.plt       0x20001398        0x0 load address 0x100077d4
 .igot.plt      0x20001398        0x0 /usr/lib/gcc/arm-none-eabi/13.2.1/thumb/v8-m.main+fp/softfp/crtbegin.o

.tdata          0x20001398        0x0 load address 0x100077d4
                0x20001398                        . = ALIGN (0x4)
 *(.tdata .tdata.* .gnu.linkonce.td.*)
                0x20001398                        __tdata_end = .
                0x20001398                        PROVIDE (__data_end__ = .)
                0x1000654c                        __etext = LOADADDR (.data)

.tbss           0x20001398        0x0 load address 0x100077d4
                0x20001398                        . = ALIGN (0x4)
                0x20001398                        __bss_start__ = .
                0x20001398                        __tls_base = .
 *(.tbss .tbss.* .gnu.linkonce.tb.*)
 *(.tcommon)
                0x20001398                        __tls_end = .

.bss            0x20001398      0xefc load address 0x100077d4
                0x20001398                        . = ALIGN (0x4)
                0x20001398                        __tbss_end = .
 *(SORT_BY_ALIGNMENT(SORT_BY_NAME(.bss*)))
 .bss._cdcd_itf
                0x20001398       0xc8 CMakeFiles/simple_photo_frame.dir/mnt/c/Users/hra/Documents/github/OTHERS/pico-sdk/lib/tinyusb/src/class/cdc/cdc_device.c.o
 .bss.default_alarm_pool_entries
                0x20001460      0x180 CMakeFiles/simple_photo_frame.dir/mnt/c/Users/hra/Documents/github/OTHERS/pico-sdk/src/common/pico_time/time.c.o
 .bss.last_avail_time.1
                0x200015e0        0x8 CMakeFiles/simple_photo_frame.dir/mnt/c/Users/hra/Documents/github/OTHERS/pico-sdk/src/rp2_common/pico_stdio_usb/stdio_usb.c.o
 .bss           0x200015e8       0x1c /usr/lib/gcc/arm-none-eabi/13.2.1/thumb/v8-m.main+fp/softfp/crtbegin.o
 .bss           0x20001604      0x13c /usr/lib/gcc/arm-none-eabi/13.2.1/../../../arm-none-eabi/lib/thumb/v8-m.main+fp/softfp/libg.a(libc_a-findfp.o)
                0x20001604                __sf
                0x2000173c                __stdio_exit_handler
 .bss           0x20001740      0x190 /usr/lib/gcc/arm-none-eabi/13.2.1/../../../arm-none-eabi/lib/thumb/v8-m.main+fp/softfp/libg.a(libc_a-__atexit.o)
                0x20001740                __atexit0
 .bss           0x200018d0        0x4 /usr/lib/gcc/arm-none-eabi/13.2.1/../../../arm-none-eabi/lib/thumb/v8-m.main+fp/softfp/libg.a(libc_a-__call_atexit.o)
                0x200018d0                __atexit
 .bss._app_driver
                0x200018d4        0x4 CMakeFiles/simple_photo_frame.dir/mnt/c/Users/hra/Documents/github/OTHERS/pico-sdk/lib/tinyusb/src/device/usbd.c.o
 .bss._cdcd_epbuf
                0x200018d8       0x80 CMakeFiles/simple_photo_frame.dir/mnt/c/Users/hra/Documents/github/OTHERS/pico-sdk/lib/tinyusb/src/class/cdc/cdc_device.c.o
 .bss._cdcd_fifo_cfg
                0x20001958        0x1 CMakeFiles/simple_photo_frame.dir/mnt/c/Users/hra/Documents/github/OTHERS/pico-sdk/lib/tinyusb/src/class/cdc/cdc_device.c.o
 *fill*         0x20001959        0x3 
 .bss._ctrl_epbuf
                0x2000195c       0x40 CMakeFiles/simple_photo_frame.dir/mnt/c/Users/hra/Documents/github/OTHERS/pico-sdk/lib/tinyusb/src/device/usbd_control.c.o
 .bss._ctrl_xfer
                0x2000199c       0x14 CMakeFiles/simple_photo_frame.dir/mnt/c/Users/hra/Documents/github/OTHERS/pico-sdk/lib/tinyusb/src/device/usbd_control.c.o
 .bss._sw_spin_locks
                0x200019b0       0x20 CMakeFiles/simple_photo_frame.dir/mnt/c/Users/hra/Documents/github/OTHERS/pico-sdk/src/rp2_common/hardware_sync_spin_lock/sync_spin_lock.c.o
                0x200019b0                _sw_spin_locks
 .bss._tusb_rhport_role
                0x200019d0        0x2 CMakeFiles/simple_photo_frame.dir/mnt/c/Users/hra/Documents/github/OTHERS/pico-sdk/lib/tinyusb/src/tusb.c.o
                0x200019d0                _tusb_rhport_role
 *fill*         0x200019d2        0x2 
 .bss._ubsd_mutexdef
                0x200019d4        0x8 CMakeFiles/simple_photo_frame.dir/mnt/c/Users/hra/Documents/github/OTHERS/pico-sdk/lib/tinyusb/src/device/usbd.c.o
 .bss._usbd_dev
                0x200019dc       0x54 CMakeFiles/simple_photo_frame.dir/mnt/c/Users/hra/Documents/github/OTHERS/pico-sdk/lib/tinyusb/src/device/usbd.c.o
 .bss._usbd_mutex
                0x20001a30        0x4 CMakeFiles/simple_photo_frame.dir/mnt/c/Users/hra/Documents/github/OTHERS/pico-sdk/lib/tinyusb/src/device/usbd.c.o
 .bss._usbd_q   0x20001a34        0x4 CMakeFiles/simple_photo_frame.dir/mnt/c/Users/hra/Documents/github/OTHERS/pico-sdk/lib/tinyusb/src/device/usbd.c.o
 .bss._usbd_qdef_buf
                0x20001a38       0xc0 CMakeFiles/simple_photo_frame.dir/mnt/c/Users/hra/Documents/github/OTHERS/pico-sdk/lib/tinyusb/src/device/usbd.c.o
                0x20001a38                _usbd_qdef_buf
 .bss._vendord_epbuf
                0x20001af8       0x80 CMakeFiles/simple_photo_frame.dir/mnt/c/Users/hra/Documents/github/OTHERS/pico-sdk/lib/tinyusb/src/class/vendor/vendor_device.c.o
 .bss._vendord_itf
                0x20001b78      0x24c CMakeFiles/simple_photo_frame.dir/mnt/c/Users/hra/Documents/github/OTHERS/pico-sdk/lib/tinyusb/src/class/vendor/vendor_device.c.o
 .bss.chars_available_callback
                0x20001dc4        0x4 CMakeFiles/simple_photo_frame.dir/mnt/c/Users/hra/Documents/github/OTHERS/pico-sdk/src/rp2_common/pico_stdio_usb/stdio_usb.c.o
 .bss.chars_available_param
                0x20001dc8        0x4 CMakeFiles/simple_photo_frame.dir/mnt/c/Users/hra/Documents/github/OTHERS/pico-sdk/src/rp2_common/pico_stdio_usb/stdio_usb.c.o
 .bss.claimed   0x20001dcc        0x4 CMakeFiles/simple_photo_frame.dir/mnt/c/Users/hra/Documents/github/OTHERS/pico-sdk/src/rp2_common/hardware_sync/sync.c.o
 .bss.claimed   0x20001dd0        0x2 CMakeFiles/simple_photo_frame.dir/mnt/c/Users/hra/Documents/github/OTHERS/pico-sdk/src/rp2_common/hardware_timer/timer.c.o
 *fill*         0x20001dd2        0x2 
 .bss.configured_freq
                0x20001dd4       0x28 CMakeFiles/simple_photo_frame.dir/mnt/c/Users/hra/Documents/github/OTHERS/pico-sdk/src/rp2_common/hardware_clocks/clocks.c.o
 .bss.desc_str.0
                0x20001dfc       0x28 CMakeFiles/simple_photo_frame.dir/mnt/c/Users/hra/Documents/github/OTHERS/pico-sdk/src/rp2_common/pico_stdio_usb/stdio_usb_descriptors.c.o
 .bss.drivers   0x20001e24        0x4 CMakeFiles/simple_photo_frame.dir/mnt/c/Users/hra/Documents/github/OTHERS/pico-sdk/src/rp2_common/pico_stdio/stdio.c.o
 .bss.e15_last_sof
                0x20001e28        0x4 CMakeFiles/simple_photo_frame.dir/mnt/c/Users/hra/Documents/github/OTHERS/pico-sdk/lib/tinyusb/src/portable/raspberrypi/rp2040/rp2040_usb.c.o
                0x20001e28                e15_last_sof
 .bss.filter    0x20001e2c        0x4 CMakeFiles/simple_photo_frame.dir/mnt/c/Users/hra/Documents/github/OTHERS/pico-sdk/src/rp2_common/pico_stdio/stdio.c.o
 .bss.hw_endpoints
                0x20001e30      0x400 CMakeFiles/simple_photo_frame.dir/mnt/c/Users/hra/Documents/github/OTHERS/pico-sdk/lib/tinyusb/src/portable/raspberrypi/rp2040/dcd_rp2040.c.o
 .bss.lazy_vsnprintf
                0x20002230        0x4 CMakeFiles/simple_photo_frame.dir/mnt/c/Users/hra/Documents/github/OTHERS/pico-sdk/src/rp2_common/pico_printf/printf.c.o
 .bss.load_value
                0x20002234        0x4 CMakeFiles/simple_photo_frame.dir/mnt/c/Users/hra/Documents/github/OTHERS/pico-sdk/src/rp2_common/hardware_watchdog/watchdog.c.o
 .bss.next_buffer_ptr
                0x20002238        0x4 CMakeFiles/simple_photo_frame.dir/mnt/c/Users/hra/Documents/github/OTHERS/pico-sdk/lib/tinyusb/src/portable/raspberrypi/rp2040/dcd_rp2040.c.o
 .bss.one_shot_timer_crit_sec
                0x2000223c        0x8 CMakeFiles/simple_photo_frame.dir/mnt/c/Users/hra/Documents/github/OTHERS/pico-sdk/src/rp2_common/pico_stdio_usb/stdio_usb.c.o
 .bss.pools     0x20002244       0x20 CMakeFiles/simple_photo_frame.dir/mnt/c/Users/hra/Documents/github/OTHERS/pico-sdk/src/common/pico_time/time.c.o
 .bss.retrieved_id
                0x20002264        0x8 CMakeFiles/simple_photo_frame.dir/mnt/c/Users/hra/Documents/github/OTHERS/pico-sdk/src/rp2_common/pico_unique_id/unique_id.c.o
 .bss.sleep_notifier
                0x2000226c        0x4 CMakeFiles/simple_photo_frame.dir/mnt/c/Users/hra/Documents/github/OTHERS/pico-sdk/src/common/pico_time/time.c.o
 .bss.stdio_usb_mutex
                0x20002270        0x8 CMakeFiles/simple_photo_frame.dir/mnt/c/Users/hra/Documents/github/OTHERS/pico-sdk/src/rp2_common/pico_stdio_usb/stdio_usb.c.o
 .bss.usbd_serial_str
                0x20002278       0x11 CMakeFiles/simple_photo_frame.dir/mnt/c/Users/hra/Documents/github/OTHERS/pico-sdk/src/rp2_common/pico_stdio_usb/stdio_usb_descriptors.c.o
 .bss._app_driver_count
                0x20002289        0x1 CMakeFiles/simple_photo_frame.dir/mnt/c/Users/hra/Documents/github/OTHERS/pico-sdk/lib/tinyusb/src/device/usbd.c.o
 .bss._sof_enable
                0x2000228a        0x1 CMakeFiles/simple_photo_frame.dir/mnt/c/Users/hra/Documents/github/OTHERS/pico-sdk/lib/tinyusb/src/portable/raspberrypi/rp2040/dcd_rp2040.c.o
 .bss._usbd_queued_setup
                0x2000228b        0x1 CMakeFiles/simple_photo_frame.dir/mnt/c/Users/hra/Documents/github/OTHERS/pico-sdk/lib/tinyusb/src/device/usbd.c.o
 .bss.irq_handler_chain_free_slot_head
                0x2000228c        0x1 CMakeFiles/simple_photo_frame.dir/mnt/c/Users/hra/Documents/github/OTHERS/pico-sdk/src/rp2_common/hardware_irq/irq.c.o
 .bss.itf_num   0x2000228d        0x1 CMakeFiles/simple_photo_frame.dir/mnt/c/Users/hra/Documents/github/OTHERS/pico-sdk/src/rp2_common/pico_stdio_usb/reset_interface.c.o
 .bss.low_priority_irq_num
                0x2000228e        0x1 CMakeFiles/simple_photo_frame.dir/mnt/c/Users/hra/Documents/github/OTHERS/pico-sdk/src/rp2_common/pico_stdio_usb/stdio_usb.c.o
 .bss.one_shot_timer_pending
                0x2000228f        0x1 CMakeFiles/simple_photo_frame.dir/mnt/c/Users/hra/Documents/github/OTHERS/pico-sdk/src/rp2_common/pico_stdio_usb/stdio_usb.c.o
 .bss.user_irq_claimed
                0x20002290        0x1 CMakeFiles/simple_photo_frame.dir/mnt/c/Users/hra/Documents/github/OTHERS/pico-sdk/src/rp2_common/hardware_irq/irq.c.o
 *(COMMON)
                [!provide]                        PROVIDE (__global_pointer$ = (. + 0x800))
 *(.sbss*)
                0x20002294                        . = ALIGN (0x4)
 *fill*         0x20002291        0x3 
                0x20002294                        __bss_end__ = .

.heap           0x20002294      0x800 load address 0x100077d4
                0x20002294                        __end__ = .
                0x20002294                        end = __end__
 *(.heap*)
 .heap          0x20002294      0x800 CMakeFiles/simple_photo_frame.dir/mnt/c/Users/hra/Documents/github/OTHERS/pico-sdk/src/rp2_common/pico_crt0/crt0.S.o
                0x20080000                        __HeapLimit = (ORIGIN (RAM) + LENGTH (RAM))

.scratch_x      0x20080000        0x0 load address 0x100077d4
                0x20080000                        __scratch_x_start__ = .
 *(.scratch_x.*)
                0x20080000                        . = ALIGN (0x4)
                0x20080000                        __scratch_x_end__ = .
                0x100077d4                        __scratch_x_source__ = LOADADDR (.scratch_x)

.scratch_y      0x20081000        0x0 load address 0x100077d4
                0x20081000                        __scratch_y_start__ = .
 *(.scratch_y.*)
                0x20081000                        . = ALIGN (0x4)
                0x20081000                        __scratch_y_end__ = .
                0x100077d4                        __scratch_y_source__ = LOADADDR (.scratch_y)

.stack1_dummy
 *(.stack1*)

.stack_dummy    0x20081000      0x800
 *(.stack*)
 .stack         0x20081000      0x800 CMakeFiles/simple_photo_frame.dir/mnt/c/Users/hra/Documents/github/OTHERS/pico-sdk/src/rp2_common/pico_crt0/crt0.S.o

.flash_end      0x100077d4       0x14
 *(.embedded_end_block*)
 .embedded_end_block
                0x100077d4       0x14 CMakeFiles/simple_photo_frame.dir/mnt/c/Users/hra/Documents/github/OTHERS/pico-sdk/src/rp2_common/pico_crt0/crt0.S.o
                0x100077e8                        PROVIDE (__flash_binary_end = .)
                0x20080000                        __StackLimit = (ORIGIN (RAM) + LENGTH (RAM))
                0x20081000                        __StackOneTop = (ORIGIN (SCRATCH_X) + LENGTH (SCRATCH_X))
                0x20082000                        __StackTop = (ORIGIN (SCRATCH_Y) + LENGTH (SCRATCH_Y))
                0x20081000                        __StackOneBottom = (__StackOneTop - SIZEOF (.stack1_dummy))
                0x20081800                        __StackBottom = (__StackTop - SIZEOF (.stack_dummy))
                0x20082000                        PROVIDE (__stack = __StackTop)
                [!provide]                        PROVIDE (__heap_start = __end__)
                [!provide]                        PROVIDE (__heap_end = __HeapLimit)
                [!provide]                        PROVIDE (__tls_align = MAX (ALIGNOF (.tdata), ALIGNOF (.tbss)))
                [!provide]                        PROVIDE (__tls_size_align = (((__tls_size + __tls_align) - 0x1) & ~ ((__tls_align - 0x1))))
                [!provide]                        PROVIDE (__arm32_tls_tcb_offset = MAX (0x8, __tls_align))
                [!provide]                        PROVIDE (_end = __end__)
                [!provide]                        PROVIDE (__llvm_libc_heap_limit = __HeapLimit)
                0x00000001                        ASSERT ((__StackLimit >= __HeapLimit), region RAM overflowed)
                0x00000001                        ASSERT (((__binary_info_header_end - __logical_binary_start) <= 0x400), Binary info must be in first 1024 bytes of the binary)
                0x00000001                        ASSERT (((__embedded_block_end - __logical_binary_start) <= 0x1000), Embedded block must be in first 4096 bytes of the binary)
LOAD CMakeFiles/simple_photo_frame.dir/simple_photo_frame.c.o
LOAD CMakeFiles/simple_photo_frame.dir/sdcard.c.o
LOAD CMakeFiles/simple_photo_frame.dir/fpga_io.c.o