Archive member included to satisfy reference by file (symbol)

/usr/lib/gcc/arm-none-eabi/13.2.1/../../../arm-none-eabi/lib/thumb/v8-m.main+fp/softfp/libm.a(libm_a-wf_sqrt.o)
                              CMakeFiles/simple_photo_frame_test.dir/mnt/c/Users/hra/Documents/github/OTHERS/pico-sdk/src/rp2_common/pico_float/float_math.c.o (sqrtf)
/usr/lib/gcc/arm-none-eabi/13.2.1/../../../arm-none-eabi/lib/thumb/v8-m.main+fp/softfp/libm.a(libm_a-ef_sqrt.o)
                              /usr/lib/gcc/arm-none-eabi/13.2.1/../../../arm-none-eabi/lib/thumb/v8-m.main+fp/softfp/libm.a(libm_a-wf_sqrt.o) (__ieee754_sqrtf)
/usr/lib/gcc/arm-none-eabi/13.2.1/thumb/v8-m.main+fp/softfp/libgcc.a(_arm_addsubdf3.o)
                              CMakeFiles/simple_photo_frame_test.dir/mnt/c/Users/hra/Documents/github/OTHERS/pico-sdk/src/rp2_common/pico_float/float_math.c.o (__aeabi_f2d)
/usr/lib/gcc/arm-none-eabi/13.2.1/thumb/v8-m.main+fp/softfp/libgcc.a(_aeabi_ldivmod.o)
                              CMakeFiles/simple_photo_frame_test.dir/mnt/c/Users/hra/Documents/github/OTHERS/pico-sdk/src/common/pico_time/time.c.o (__aeabi_ldivmod)
/usr/lib/gcc/arm-none-eabi/13.2.1/thumb/v8-m.main+fp/softfp/libgcc.a(_aeabi_uldivmod.o)
                              CMakeFiles/simple_photo_frame_test.dir/mnt/c/Users/hra/Documents/github/OTHERS/pico-sdk/src/rp2_common/hardware_clocks/clocks.c.o (__aeabi_uldivmod)
/usr/lib/gcc/arm-none-eabi/13.2.1/thumb/v8-m.main+fp/softfp/libgcc.a(_udivmoddi4.o)
                              /usr/lib/gcc/arm-none-eabi/13.2.1/thumb/v8-m.main+fp/softfp/libgcc.a(_aeabi_ldivmod.o) (__udivmoddi4)
/usr/lib/gcc/arm-none-eabi/13.2.1/thumb/v8-m.main+fp/softfp/libgcc.a(_dvmd_tls.o)
                              /usr/lib/gcc/arm-none-eabi/13.2.1/thumb/v8-m.main+fp/softfp/libgcc.a(_aeabi_ldivmod.o) (__aeabi_ldiv0)
/usr/lib/gcc/arm-none-eabi/13.2.1/../../../arm-none-eabi/lib/thumb/v8-m.main+fp/softfp/libg.a(libc_a-rand.o)
                              CMakeFiles/simple_photo_frame_test.dir/simple_photo_frame_test.c.o (rand)
/usr/lib/gcc/arm-none-eabi/13.2.1/../../../arm-none-eabi/lib/thumb/v8-m.main+fp/softfp/libg.a(libc_a-memset.o)
                              /usr/lib/gcc/arm-none-eabi/13.2.1/../../../arm-none-eabi/lib/thumb/v8-m.main+fp/softfp/crt0.o (memset)
/usr/lib/gcc/arm-none-eabi/13.2.1/../../../arm-none-eabi/lib/thumb/v8-m.main+fp/softfp/libg.a(libc_a-strchr.o)
                              CMakeFiles/simple_photo_frame_test.dir/mnt/c/Users/hra/Documents/github/OTHERS/pico-sdk/lib/tinyusb/lib/fatfs/source/ff.c.o (strchr)
/usr/lib/gcc/arm-none-eabi/13.2.1/../../../arm-none-eabi/lib/thumb/v8-m.main+fp/softfp/libg.a(libc_a-strncmp.o)
                              CMakeFiles/simple_photo_frame_test.dir/mnt/c/Users/hra/Documents/github/OTHERS/pico-sdk/lib/cyw43-driver/src/cyw43_ll.c.o (strncmp)
/usr/lib/gcc/arm-none-eabi/13.2.1/../../../arm-none-eabi/lib/thumb/v8-m.main+fp/softfp/libg.a(libc_a-memmove.o)
                              CMakeFiles/simple_photo_frame_test.dir/mnt/c/Users/hra/Documents/github/OTHERS/pico-sdk/lib/cyw43-driver/src/cyw43_ll.c.o (memmove)
/usr/lib/gcc/arm-none-eabi/13.2.1/../../../arm-none-eabi/lib/thumb/v8-m.main+fp/softfp/libg.a(libc_a-calloc.o)
                              CMakeFiles/simple_photo_frame_test.dir/mnt/c/Users/hra/Documents/github/OTHERS/pico-sdk/src/rp2_common/pico_malloc/malloc.c.o (calloc)
/usr/lib/gcc/arm-none-eabi/13.2.1/../../../arm-none-eabi/lib/thumb/v8-m.main+fp/softfp/libg.a(libc_a-errno.o)
                              /usr/lib/gcc/arm-none-eabi/13.2.1/../../../arm-none-eabi/lib/thumb/v8-m.main+fp/softfp/libm.a(libm_a-wf_sqrt.o) (__errno)
/usr/lib/gcc/arm-none-eabi/13.2.1/../../../arm-none-eabi/lib/thumb/v8-m.main+fp/softfp/libg.a(libc_a-impure.o)
                              /usr/lib/gcc/arm-none-eabi/13.2.1/../../../arm-none-eabi/lib/thumb/v8-m.main+fp/softfp/libg.a(libc_a-rand.o) (_impure_ptr)
/usr/lib/gcc/arm-none-eabi/13.2.1/../../../arm-none-eabi/lib/thumb/v8-m.main+fp/softfp/libg.a(libc_a-callocr.o)
                              /usr/lib/gcc/arm-none-eabi/13.2.1/../../../arm-none-eabi/lib/thumb/v8-m.main+fp/softfp/libg.a(libc_a-calloc.o) (_calloc_r)
/usr/lib/gcc/arm-none-eabi/13.2.1/../../../arm-none-eabi/lib/thumb/v8-m.main+fp/softfp/libg.a(libc_a-realloc.o)
                              CMakeFiles/simple_photo_frame_test.dir/mnt/c/Users/hra/Documents/github/OTHERS/pico-sdk/src/rp2_common/pico_malloc/malloc.c.o (realloc)
/usr/lib/gcc/arm-none-eabi/13.2.1/../../../arm-none-eabi/lib/thumb/v8-m.main+fp/softfp/libg.a(libc_a-mallocr.o)
                              /usr/lib/gcc/arm-none-eabi/13.2.1/../../../arm-none-eabi/lib/thumb/v8-m.main+fp/softfp/libg.a(libc_a-callocr.o) (_malloc_r)
/usr/lib/gcc/arm-none-eabi/13.2.1/../../../arm-none-eabi/lib/thumb/v8-m.main+fp/softfp/libg.a(libc_a-freer.o)
                              /usr/lib/gcc/arm-none-eabi/13.2.1/../../../arm-none-eabi/lib/thumb/v8-m.main+fp/softfp/libg.a(libc_a-mallocr.o) (_free_r)
[...]
Memory Configuration

Name             Origin             Length             Attributes
FLASH            0x10000000         0x00400000         xr
RAM              0x20000000         0x00080000         xrw
SCRATCH_X        0x20080000         0x00001000         xrw
SCRATCH_Y        0x20081000         0x00001000         xrw
*default*        0x00000000         0xffffffff

Linker script and memory map

LOAD /usr/lib/gcc/arm-none-eabi/13.2.1/thumb/v8-m.main+fp/softfp/crti.o
LOAD /usr/lib/gcc/arm-none-eabi/13.2.1/thumb/v8-m.main+fp/softfp/crtbegin.o
LOAD /usr/lib/gcc/arm-none-eabi/13.2.1/../../../arm-none-eabi/lib/thumb/v8-m.main+fp/softfp/crt0.o

.flash_begin    0x10000000        0x0
                0x10000000                        __flash_binary_start = .

.text           0x10000000     0xc9dc
                0x10000000                        __logical_binary_start = .
 *(.vectors)
 .vectors       0x10000000      0x124 CMakeFiles/simple_photo_frame_test.dir/mnt/c/Users/hra/Documents/github/OTHERS/pico-sdk/src/rp2_common/pico_crt0/crt0.S.o
                0x10000000                __vectors
                0x10000000                __VECTOR_TABLE
                0x10000110                isr_securefault
                0x10000110                isr_irq30
                0x10000110                __unhandled_user_irq
                0x10000110                isr_irq49
                0x10000110                isr_irq13
                0x10000110                isr_irq43
                0x10000110                isr_irq45
                0x10000110                isr_irq27
                0x10000110                isr_irq32
                0x10000110                isr_irq31
                0x10000110                isr_irq5
                0x10000110                isr_irq11
                0x10000110                isr_irq23
                0x10000110                isr_usagefault
                0x10000110                isr_irq48
                0x10000110                isr_irq35
                0x10000110                isr_irq18
                0x10000110                isr_irq50
                0x10000110                isr_irq40
                0x10000110                isr_irq28
                0x10000110                isr_irq19
                0x10000110                isr_irq36
                0x10000110                isr_irq41
                0x10000110                isr_irq0
                0x10000110                isr_irq6
                0x10000110                isr_memmanage
                0x10000110                isr_irq37
                0x10000110                isr_irq42
                0x10000110                isr_irq22
                0x10000110                isr_irq17
                0x10000110                isr_irq38
                0x10000110                isr_irq14
                0x10000110                __vectors_end
                0x10000110                __default_isrs_start
                0x10000110                isr_irq2
                0x10000110                isr_irq10
                0x10000110                isr_irq8
                0x10000110                isr_debugmonitor
                0x10000110                isr_irq24
                0x10000110                isr_irq46
                0x10000110                isr_irq1
                0x10000110                isr_irq47
                0x10000110                isr_irq51
                0x10000110                isr_irq7
                0x10000110                isr_irq21
                0x10000110                isr_irq39
                0x10000110                isr_irq20
                0x10000110                isr_irq15
                0x10000110                isr_irq25
                0x10000110                isr_irq34
                0x10000110                isr_irq4
                0x10000110                isr_busfault
                0x10000110                isr_irq16
                0x10000110                isr_irq44
                0x10000110                isr_irq29
                0x10000110                isr_irq26
                0x10000110                isr_irq33
                0x10000110                isr_irq3
                0x10000110                isr_irq12
                0x10000110                isr_irq9
                0x10000116                unhandled_user_irq_num_in_r0
                0x10000118                isr_invalid
                0x1000011a                isr_nmi
                0x1000011c                isr_hardfault
                0x1000011e                isr_svcall
                0x10000120                isr_pendsv
                0x10000122                isr_systick
                0x10000124                __default_isrs_end
 *(.binary_info_header)
 .binary_info_header
                0x10000124       0x14 CMakeFiles/simple_photo_frame_test.dir/mnt/c/Users/hra/Documents/github/OTHERS/pico-sdk/src/rp2_common/pico_crt0/crt0.S.o
                0x10000138                        __binary_info_header_end = .
 *(.embedded_block)
 .embedded_block
                0x10000138       0x14 CMakeFiles/simple_photo_frame_test.dir/mnt/c/Users/hra/Documents/github/OTHERS/pico-sdk/src/rp2_common/pico_crt0/crt0.S.o
                0x1000014c                        __embedded_block_end = .
 *(.reset)
 .reset         0x1000014c       0x98 CMakeFiles/simple_photo_frame_test.dir/mnt/c/Users/hra/Documents/github/OTHERS/pico-sdk/src/rp2_common/pico_crt0/crt0.S.o
                0x1000014c                _entry_point
 *(.init)
 .init          0x100001e4        0x4 /usr/lib/gcc/arm-none-eabi/13.2.1/thumb/v8-m.main+fp/softfp/crti.o
                0x100001e4                _init
 *libgcc.a:cmse_nonsecure_call.o()
 *(EXCLUDE_FILE(*libm.a: *libc.a:*lib_a-mem*.o *libgcc.a:) .text*)
 .text          0x100001e8       0x8c /usr/lib/gcc/arm-none-eabi/13.2.1/thumb/v8-m.main+fp/softfp/crtbegin.o
 .text.boxfill_test
                0x10000274       0xcc CMakeFiles/simple_photo_frame_test.dir/simple_photo_frame_test.c.o
                0x10000274                boxfill_test
 .text.resizer_test
                0x10000340       0xac CMakeFiles/simple_photo_frame_test.dir/simple_photo_frame_test.c.o
                0x10000340                resizer_test
 .text.startup.main
                0x100003ec      0x200 CMakeFiles/simple_photo_frame_test.dir/simple_photo_frame_test.c.o
                0x100003ec                main
 .text.lcd_printf
                0x100005ec      0x2e4 CMakeFiles/simple_photo_frame_test.dir/lcd_console.c.o
                0x100005ec                lcd_printf
 .text.sd_rcvr_datablock
                0x100008d0       0xbc CMakeFiles/simple_photo_frame_test.dir/sdcard.c.o
 .text.sd_select_card
                0x1000098c       0xb8 CMakeFiles/simple_photo_frame_test.dir/sdcard.c.o
 .text.sd_send_cmd
                0x10000a44      0x15c CMakeFiles/simple_photo_frame_test.dir/sdcard.c.o
 .text.disk_initialize
                0x10000ba0      0x398 CMakeFiles/simple_photo_frame_test.dir/sdcard.c.o
                0x10000ba0                disk_initialize
 .text.disk_status
                0x10000f38       0x14 CMakeFiles/simple_photo_frame_test.dir/sdcard.c.o
                0x10000f38                disk_status
 .text.disk_read
                0x10000f4c       0xb8 CMakeFiles/simple_photo_frame_test.dir/sdcard.c.o
                0x10000f4c                disk_read
 .text.disk_write
                0x10001004        0x4 CMakeFiles/simple_photo_frame_test.dir/sdcard.c.o
                0x10001004                disk_write
 .text.sdcard_init_and_mount
                0x10001008       0x64 CMakeFiles/simple_photo_frame_test.dir/sdcard.c.o
                0x10001008                sdcard_init_and_mount
 .text.sdcard_print_root_directory
                0x1000106c       0x80 CMakeFiles/simple_photo_frame_test.dir/sdcard.c.o
                0x1000106c                sdcard_print_root_directory
 .text.fpga_wait_ready.isra.0
                0x100010ec       0xa8 CMakeFiles/simple_photo_frame_test.dir/fpga_io.c.o
 .text.fpga_io_init
                0x10001194      0x108 CMakeFiles/simple_photo_frame_test.dir/fpga_io.c.o
                0x10001194                fpga_io_init
 .text.fpga_outport
                0x1000129c       0x70 CMakeFiles/simple_photo_frame_test.dir/fpga_io.c.o
                0x1000129c                fpga_outport
 .text.fpga_inport
                0x1000130c      0x118 CMakeFiles/simple_photo_frame_test.dir/fpga_io.c.o
                0x1000130c                fpga_inport
 .text.vram_set_address
                0x10001424       0x1c CMakeFiles/simple_photo_frame_test.dir/vram_accessor.c.o
                0x10001424                vram_set_address
 .text.vram_burst_write
                0x10001440        0x8 CMakeFiles/simple_photo_frame_test.dir/vram_accessor.c.o
                0x10001440                vram_burst_write
 .text.vram_burst_read
                0x10001448        0x8 CMakeFiles/simple_photo_frame_test.dir/vram_accessor.c.o
                0x10001448                vram_burst_read
 .text.vram_flush
                0x10001450        0x8 CMakeFiles/simple_photo_frame_test.dir/vram_accessor.c.o
                0x10001450                vram_flush
 .text.display_enable
                0x10001458        0x8 CMakeFiles/simple_photo_frame_test.dir/display_controller.c.o
                0x10001458                display_enable
 .text.display_wait_complete
                0x10001460       0xc0 CMakeFiles/simple_photo_frame_test.dir/display_controller.c.o
                0x10001460                display_wait_complete
 .text.display_wait_frame_sync
                0x10001520       0x74 CMakeFiles/simple_photo_frame_test.dir/display_controller.c.o
                0x10001520                display_wait_frame_sync
 .text.display_set_frame_address
                0x10001594       0x1c CMakeFiles/simple_photo_frame_test.dir/display_controller.c.o
                0x10001594                display_set_frame_address
 .text.graphic1_set_frame_address
                0x100015b0       0x1c CMakeFiles/simple_photo_frame_test.dir/display_controller.c.o
                0x100015b0                graphic1_set_frame_address
 .text.graphic2_set_source_frame_address
                0x100015cc       0x1c CMakeFiles/simple_photo_frame_test.dir/display_controller.c.o
                0x100015cc                graphic2_set_source_frame_address
 .text.graphic2_set_destination_frame_address
                0x100015e8       0x1c CMakeFiles/simple_photo_frame_test.dir/display_controller.c.o
                0x100015e8                graphic2_set_destination_frame_address
 .text.graphic1_fill_rectangle
                0x10001604       0xc0 CMakeFiles/simple_photo_frame_test.dir/display_controller.c.o
                0x10001604                graphic1_fill_rectangle
 .text.graphic2_block_copy
                0x100016c4       0xe8 CMakeFiles/simple_photo_frame_test.dir/display_controller.c.o
                0x100016c4                graphic2_block_copy
 .text.button_init
                0x100017ac       0x80 CMakeFiles/simple_photo_frame_test.dir/button.c.o
                0x100017ac                button_init
 .text.button_get
                0x1000182c       0x54 CMakeFiles/simple_photo_frame_test.dir/button.c.o
                0x1000182c                button_get
 .text.get_fileinfo
                0x10001880      0x224 CMakeFiles/simple_photo_frame_test.dir/mnt/c/Users/hra/Documents/github/OTHERS/pico-sdk/lib/tinyusb/lib/fatfs/source/ff.c.o
 .text.move_window
                0x10001aa4       0x64 CMakeFiles/simple_photo_frame_test.dir/mnt/c/Users/hra/Documents/github/OTHERS/pico-sdk/lib/tinyusb/lib/fatfs/source/ff.c.o
 .text.get_fat.isra.0
                0x10001b08       0xac CMakeFiles/simple_photo_frame_test.dir/mnt/c/Users/hra/Documents/github/OTHERS/pico-sdk/lib/tinyusb/lib/fatfs/source/ff.c.o
 .text.dir_next.constprop.0
                0x10001bb4       0x84 CMakeFiles/simple_photo_frame_test.dir/mnt/c/Users/hra/Documents/github/OTHERS/pico-sdk/lib/tinyusb/lib/fatfs/source/ff.c.o
 .text.check_fs
                0x10001c38       0xe8 CMakeFiles/simple_photo_frame_test.dir/mnt/c/Users/hra/Documents/github/OTHERS/pico-sdk/lib/tinyusb/lib/fatfs/source/ff.c.o
 .text.mount_volume
                0x10001d20      0x278 CMakeFiles/simple_photo_frame_test.dir/mnt/c/Users/hra/Documents/github/OTHERS/pico-sdk/lib/tinyusb/lib/fatfs/source/ff.c.o
 .text.dir_read.constprop.0
                0x10001f98      0x3b8 CMakeFiles/simple_photo_frame_test.dir/mnt/c/Users/hra/Documents/github/OTHERS/pico-sdk/lib/tinyusb/lib/fatfs/source/ff.c.o
 .text.dir_sdi.constprop.0
                0x10002350      0x10c CMakeFiles/simple_photo_frame_test.dir/mnt/c/Users/hra/Documents/github/OTHERS/pico-sdk/lib/tinyusb/lib/fatfs/source/ff.c.o
 .text.dir_find
                0x1000245c      0x2d4 CMakeFiles/simple_photo_frame_test.dir/mnt/c/Users/hra/Documents/github/OTHERS/pico-sdk/lib/tinyusb/lib/fatfs/source/ff.c.o
 .text.follow_path
                0x10002730      0x3c8 CMakeFiles/simple_photo_frame_test.dir/mnt/c/Users/hra/Documents/github/OTHERS/pico-sdk/lib/tinyusb/lib/fatfs/source/ff.c.o
 .text.f_mount  0x10002af8       0x80 CMakeFiles/simple_photo_frame_test.dir/mnt/c/Users/hra/Documents/github/OTHERS/pico-sdk/lib/tinyusb/lib/fatfs/source/ff.c.o
                0x10002af8                f_mount
 .text.f_opendir
                0x10002b78       0x70 CMakeFiles/simple_photo_frame_test.dir/mnt/c/Users/hra/Documents/github/OTHERS/pico-sdk/lib/tinyusb/lib/fatfs/source/ff.c.o
                0x10002b78                f_opendir
 .text.f_closedir
                0x10002be8       0x30 CMakeFiles/simple_photo_frame_test.dir/mnt/c/Users/hra/Documents/github/OTHERS/pico-sdk/lib/tinyusb/lib/fatfs/source/ff.c.o
                0x10002be8                f_closedir
 .text.f_readdir
                0x10002c18       0x58 CMakeFiles/simple_photo_frame_test.dir/mnt/c/Users/hra/Documents/github/OTHERS/pico-sdk/lib/tinyusb/lib/fatfs/source/ff.c.o
                0x10002c18                f_readdir
 .text.ff_uni2oem
                0x10002c70       0x38 CMakeFiles/simple_photo_frame_test.dir/mnt/c/Users/hra/Documents/github/OTHERS/pico-sdk/lib/tinyusb/lib/fatfs/source/ffunicode.c.o
                0x10002c70                ff_uni2oem
 .text.ff_oem2uni
                0x10002ca8       0x28 CMakeFiles/simple_photo_frame_test.dir/mnt/c/Users/hra/Documents/github/OTHERS/pico-sdk/lib/tinyusb/lib/fatfs/source/ffunicode.c.o
                0x10002ca8                ff_oem2uni
 .text.ff_wtoupper
                0x10002cd0       0xa8 CMakeFiles/simple_photo_frame_test.dir/mnt/c/Users/hra/Documents/github/OTHERS/pico-sdk/lib/tinyusb/lib/fatfs/source/ffunicode.c.o
                0x10002cd0                ff_wtoupper
 .text.gpio_set_function
                0x10002d78       0x3c CMakeFiles/simple_photo_frame_test.dir/mnt/c/Users/hra/Documents/github/OTHERS/pico-sdk/src/rp2_common/hardware_gpio/gpio.c.o
                0x10002d78                gpio_set_function
 .text.gpio_set_pulls
                0x10002db4       0x28 CMakeFiles/simple_photo_frame_test.dir/mnt/c/Users/hra/Documents/github/OTHERS/pico-sdk/src/rp2_common/hardware_gpio/gpio.c.o
                0x10002db4                gpio_set_pulls
 .text.gpio_set_input_hysteresis_enabled
                0x10002ddc       0x20 CMakeFiles/simple_photo_frame_test.dir/mnt/c/Users/hra/Documents/github/OTHERS/pico-sdk/src/rp2_common/hardware_gpio/gpio.c.o
                0x10002ddc                gpio_set_input_hysteresis_enabled
 .text.gpio_set_irq_enabled
                0x10002dfc       0x50 CMakeFiles/simple_photo_frame_test.dir/mnt/c/Users/hra/Documents/github/OTHERS/pico-sdk/src/rp2_common/hardware_gpio/gpio.c.o
                0x10002dfc                gpio_set_irq_enabled
 .text.gpio_add_raw_irq_handler_with_order_priority_masked
                0x10002e4c       0x44 CMakeFiles/simple_photo_frame_test.dir/mnt/c/Users/hra/Documents/github/OTHERS/pico-sdk/src/rp2_common/hardware_gpio/gpio.c.o
                0x10002e4c                gpio_add_raw_irq_handler_with_order_priority_masked
 .text.gpio_remove_raw_irq_handler_masked
                0x10002e90       0x24 CMakeFiles/simple_photo_frame_test.dir/mnt/c/Users/hra/Documents/github/OTHERS/pico-sdk/src/rp2_common/hardware_gpio/gpio.c.o
                0x10002e90                gpio_remove_raw_irq_handler_masked
 .text.gpio_init
                0x10002eb4       0x48 CMakeFiles/simple_photo_frame_test.dir/mnt/c/Users/hra/Documents/github/OTHERS/pico-sdk/src/rp2_common/hardware_gpio/gpio.c.o
                0x10002eb4                gpio_init
 .text.panic    0x10002efc       0x30 CMakeFiles/simple_photo_frame_test.dir/mnt/c/Users/hra/Documents/github/OTHERS/pico-sdk/src/rp2_common/pico_platform_panic/panic.c.o
                0x10002efc                panic
 .text.hw_claim_lock
                0x10002f2c       0x24 CMakeFiles/simple_photo_frame_test.dir/mnt/c/Users/hra/Documents/github/OTHERS/pico-sdk/src/common/hardware_claim/claim.c.o
                0x10002f2c                hw_claim_lock
 .text.hw_claim_unlock
                0x10002f50       0x14 CMakeFiles/simple_photo_frame_test.dir/mnt/c/Users/hra/Documents/github/OTHERS/pico-sdk/src/common/hardware_claim/claim.c.o
                0x10002f50                hw_claim_unlock
 .text.hw_claim_or_assert
                0x10002f64       0x58 CMakeFiles/simple_photo_frame_test.dir/mnt/c/Users/hra/Documents/github/OTHERS/pico-sdk/src/common/hardware_claim/claim.c.o
                0x10002f64                hw_claim_or_assert
 .text.hw_claim_unused_from_range
                0x10002fbc       0x9c CMakeFiles/simple_photo_frame_test.dir/mnt/c/Users/hra/Documents/github/OTHERS/pico-sdk/src/common/hardware_claim/claim.c.o
                0x10002fbc                hw_claim_unused_from_range
 .text.hw_claim_clear
                0x10003058       0x50 CMakeFiles/simple_photo_frame_test.dir/mnt/c/Users/hra/Documents/github/OTHERS/pico-sdk/src/common/hardware_claim/claim.c.o
                0x10003058                hw_claim_clear
 .text.next_striped_spin_lock_num
                0x100030a8       0x18 CMakeFiles/simple_photo_frame_test.dir/mnt/c/Users/hra/Documents/github/OTHERS/pico-sdk/src/rp2_common/hardware_sync/sync.c.o
                0x100030a8                next_striped_spin_lock_num
 .text.spin_lock_claim_unused
                0x100030c0       0x20 CMakeFiles/simple_photo_frame_test.dir/mnt/c/Users/hra/Documents/github/OTHERS/pico-sdk/src/rp2_common/hardware_sync/sync.c.o
                0x100030c0                spin_lock_claim_unused
 .text.spinlock_set_extexclall
                0x100030e0       0x10 CMakeFiles/simple_photo_frame_test.dir/mnt/c/Users/hra/Documents/github/OTHERS/pico-sdk/src/rp2_common/hardware_sync_spin_lock/sync_spin_lock.c.o
 .text.spin_locks_reset
                0x100030f0       0x18 CMakeFiles/simple_photo_frame_test.dir/mnt/c/Users/hra/Documents/github/OTHERS/pico-sdk/src/rp2_common/hardware_sync_spin_lock/sync_spin_lock.c.o
                0x100030f0                spin_locks_reset
 .text.runtime_init_per_core_irq_priorities
                0x10003108       0x40 CMakeFiles/simple_photo_frame_test.dir/mnt/c/Users/hra/Documents/github/OTHERS/pico-sdk/src/rp2_common/hardware_irq/irq.c.o
                0x10003108                runtime_init_per_core_irq_priorities
 .text.irq_set_enabled
                0x10003148       0x2c CMakeFiles/simple_photo_frame_test.dir/mnt/c/Users/hra/Documents/github/OTHERS/pico-sdk/src/rp2_common/hardware_irq/irq.c.o
                0x10003148                irq_set_enabled
 .text.irq_is_enabled
                0x10003174       0x20 CMakeFiles/simple_photo_frame_test.dir/mnt/c/Users/hra/Documents/github/OTHERS/pico-sdk/src/rp2_common/hardware_irq/irq.c.o
                0x10003174                irq_is_enabled
 .text.irq_set_pending
                0x10003194       0x18 CMakeFiles/simple_photo_frame_test.dir/mnt/c/Users/hra/Documents/github/OTHERS/pico-sdk/src/rp2_common/hardware_irq/irq.c.o
                0x10003194                irq_set_pending
 .text.irq_has_shared_handler
                0x100031ac       0x20 CMakeFiles/simple_photo_frame_test.dir/mnt/c/Users/hra/Documents/github/OTHERS/pico-sdk/src/rp2_common/hardware_irq/irq.c.o
                0x100031ac                irq_has_shared_handler
 .text.irq_set_exclusive_handler
                0x100031cc       0x60 CMakeFiles/simple_photo_frame_test.dir/mnt/c/Users/hra/Documents/github/OTHERS/pico-sdk/src/rp2_common/hardware_irq/irq.c.o
                0x100031cc                irq_set_exclusive_handler
 .text.irq_add_shared_handler
                0x1000322c      0x1e8 CMakeFiles/simple_photo_frame_test.dir/mnt/c/Users/hra/Documents/github/OTHERS/pico-sdk/src/rp2_common/hardware_irq/irq.c.o
                0x1000322c                irq_add_shared_handler
 .text.irq_remove_handler
                0x10003414      0x1fc CMakeFiles/simple_photo_frame_test.dir/mnt/c/Users/hra/Documents/github/OTHERS/pico-sdk/src/rp2_common/hardware_irq/irq.c.o
                0x10003414                irq_remove_handler
 .text.irq_set_priority
                0x10003610       0x28 CMakeFiles/simple_photo_frame_test.dir/mnt/c/Users/hra/Documents/github/OTHERS/pico-sdk/src/rp2_common/hardware_irq/irq.c.o
                0x10003610                irq_set_priority
 .text.irq_add_tail_to_free_list
                0x10003638       0xbc CMakeFiles/simple_photo_frame_test.dir/mnt/c/Users/hra/Documents/github/OTHERS/pico-sdk/src/rp2_common/hardware_irq/irq.c.o
                0x10003638                irq_add_tail_to_free_list
 .text.user_irq_unclaim
                0x100036f4       0x10 CMakeFiles/simple_photo_frame_test.dir/mnt/c/Users/hra/Documents/github/OTHERS/pico-sdk/src/rp2_common/hardware_irq/irq.c.o
                0x100036f4                user_irq_unclaim
 .text.user_irq_claim_unused
                0x10003704       0x28 CMakeFiles/simple_photo_frame_test.dir/mnt/c/Users/hra/Documents/github/OTHERS/pico-sdk/src/rp2_common/hardware_irq/irq.c.o
                0x10003704                user_irq_claim_unused
 .text.sem_init
                0x1000372c       0x20 CMakeFiles/simple_photo_frame_test.dir/mnt/c/Users/hra/Documents/github/OTHERS/pico-sdk/src/common/pico_sync/sem.c.o
                0x1000372c                sem_init
 .text.lock_init
                0x1000374c        0xc CMakeFiles/simple_photo_frame_test.dir/mnt/c/Users/hra/Documents/github/OTHERS/pico-sdk/src/common/pico_sync/lock_core.c.o
                0x1000374c                lock_init
 .text.runtime_init_mutex
                0x10003758       0x4c CMakeFiles/simple_photo_frame_test.dir/mnt/c/Users/hra/Documents/github/OTHERS/pico-sdk/src/common/pico_sync/mutex.c.o
                0x10003758                runtime_init_mutex
 .text.mutex_init
                0x100037a4       0x1c CMakeFiles/simple_photo_frame_test.dir/mnt/c/Users/hra/Documents/github/OTHERS/pico-sdk/src/common/pico_sync/mutex.c.o
                0x100037a4                mutex_init
 .text.recursive_mutex_init
                0x100037c0       0x1c CMakeFiles/simple_photo_frame_test.dir/mnt/c/Users/hra/Documents/github/OTHERS/pico-sdk/src/common/pico_sync/mutex.c.o
                0x100037c0                recursive_mutex_init
 .text.critical_section_init
                0x100037dc       0x1c CMakeFiles/simple_photo_frame_test.dir/mnt/c/Users/hra/Documents/github/OTHERS/pico-sdk/src/common/pico_sync/critical_section.c.o
                0x100037dc                critical_section_init
 .text.critical_section_init_with_lock_num
                0x100037f8       0x10 CMakeFiles/simple_photo_frame_test.dir/mnt/c/Users/hra/Documents/github/OTHERS/pico-sdk/src/common/pico_sync/critical_section.c.o
                0x100037f8                critical_section_init_with_lock_num
 .text.sleep_until_callback
                0x10003808       0x3c CMakeFiles/simple_photo_frame_test.dir/mnt/c/Users/hra/Documents/github/OTHERS/pico-sdk/src/common/pico_time/time.c.o
 *fill*         0x10003844        0x4 
 .text.alarm_pool_irq_handler
                0x10003848      0x2f0 CMakeFiles/simple_photo_frame_test.dir/mnt/c/Users/hra/Documents/github/OTHERS/pico-sdk/src/common/pico_time/time.c.o
 .text.runtime_init_default_alarm_pool
                0x10003b38      0x100 CMakeFiles/simple_photo_frame_test.dir/mnt/c/Users/hra/Documents/github/OTHERS/pico-sdk/src/common/pico_time/time.c.o
                0x10003b38                runtime_init_default_alarm_pool
 .text.alarm_pool_get_default
                0x10003c38        0x8 CMakeFiles/simple_photo_frame_test.dir/mnt/c/Users/hra/Documents/github/OTHERS/pico-sdk/src/common/pico_time/time.c.o
                0x10003c38                alarm_pool_get_default
 .text.alarm_pool_add_alarm_at
                0x10003c40       0xdc CMakeFiles/simple_photo_frame_test.dir/mnt/c/Users/hra/Documents/github/OTHERS/pico-sdk/src/common/pico_time/time.c.o
                0x10003c40                alarm_pool_add_alarm_at
 .text.alarm_pool_add_alarm_at_force_in_context
                0x10003d1c       0xc8 CMakeFiles/simple_photo_frame_test.dir/mnt/c/Users/hra/Documents/github/OTHERS/pico-sdk/src/common/pico_time/time.c.o
                0x10003d1c                alarm_pool_add_alarm_at_force_in_context
 .text.alarm_pool_cancel_alarm
                0x10003de4       0x80 CMakeFiles/simple_photo_frame_test.dir/mnt/c/Users/hra/Documents/github/OTHERS/pico-sdk/src/common/pico_time/time.c.o
                0x10003de4                alarm_pool_cancel_alarm
 .text.alarm_pool_core_num
                0x10003e64        0x4 CMakeFiles/simple_photo_frame_test.dir/mnt/c/Users/hra/Documents/github/OTHERS/pico-sdk/src/common/pico_time/time.c.o
                0x10003e64                alarm_pool_core_num
 .text.sleep_until
                0x10003e68       0xbc CMakeFiles/simple_photo_frame_test.dir/mnt/c/Users/hra/Documents/github/OTHERS/pico-sdk/src/common/pico_time/time.c.o
                0x10003e68                sleep_until
 .text.sleep_us
                0x10003f24       0x30 CMakeFiles/simple_photo_frame_test.dir/mnt/c/Users/hra/Documents/github/OTHERS/pico-sdk/src/common/pico_time/time.c.o
                0x10003f24                sleep_us
 .text.sleep_ms
                0x10003f54       0x2c CMakeFiles/simple_photo_frame_test.dir/mnt/c/Users/hra/Documents/github/OTHERS/pico-sdk/src/common/pico_time/time.c.o
                0x10003f54                sleep_ms
 .text.best_effort_wfe_or_timeout
                0x10003f80       0xbc CMakeFiles/simple_photo_frame_test.dir/mnt/c/Users/hra/Documents/github/OTHERS/pico-sdk/src/common/pico_time/time.c.o
                0x10003f80                best_effort_wfe_or_timeout
 .text.timer_hardware_alarm_claim
                0x1000403c       0x24 CMakeFiles/simple_photo_frame_test.dir/mnt/c/Users/hra/Documents/github/OTHERS/pico-sdk/src/rp2_common/hardware_timer/timer.c.o
                0x1000403c                timer_hardware_alarm_claim
 .text.timer_time_us_64
                0x10004060       0x10 CMakeFiles/simple_photo_frame_test.dir/mnt/c/Users/hra/Documents/github/OTHERS/pico-sdk/src/rp2_common/hardware_timer/timer.c.o
                0x10004060                timer_time_us_64
 .text.time_us_64
                0x10004070       0x14 CMakeFiles/simple_photo_frame_test.dir/mnt/c/Users/hra/Documents/github/OTHERS/pico-sdk/src/rp2_common/hardware_timer/timer.c.o
                0x10004070                time_us_64
 .text.busy_wait_until
                0x10004084       0x24 CMakeFiles/simple_photo_frame_test.dir/mnt/c/Users/hra/Documents/github/OTHERS/pico-sdk/src/rp2_common/hardware_timer/timer.c.o
                0x10004084                busy_wait_until
 .text.clock_configure_undivided
                0x100040a8       0xd0 CMakeFiles/simple_photo_frame_test.dir/mnt/c/Users/hra/Documents/github/OTHERS/pico-sdk/src/rp2_common/hardware_clocks/clocks.c.o
                0x100040a8                clock_configure_undivided
 .text.clock_get_hz
                0x10004178        0xc CMakeFiles/simple_photo_frame_test.dir/mnt/c/Users/hra/Documents/github/OTHERS/pico-sdk/src/rp2_common/hardware_clocks/clocks.c.o
                0x10004178                clock_get_hz
 .text.pll_init
                0x10004184       0x8c CMakeFiles/simple_photo_frame_test.dir/mnt/c/Users/hra/Documents/github/OTHERS/pico-sdk/src/rp2_common/hardware_pll/pll.c.o
                0x10004184                pll_init
 .text.watchdog_reboot
                0x10004210       0x98 CMakeFiles/simple_photo_frame_test.dir/mnt/c/Users/hra/Documents/github/OTHERS/pico-sdk/src/rp2_common/hardware_watchdog/watchdog.c.o
                0x10004210                watchdog_reboot
 .text.tick_start
                0x100042a8       0x18 CMakeFiles/simple_photo_frame_test.dir/mnt/c/Users/hra/Documents/github/OTHERS/pico-sdk/src/rp2_common/hardware_ticks/ticks.c.o
                0x100042a8                tick_start
 .text.rom_reboot.constprop.0.isra.0
                0x100042c0       0x34 CMakeFiles/simple_photo_frame_test.dir/mnt/c/Users/hra/Documents/github/OTHERS/pico-sdk/src/rp2_common/pico_bootrom/bootrom.c.o
 .text.rom_func_lookup
                0x100042f4       0x18 CMakeFiles/simple_photo_frame_test.dir/mnt/c/Users/hra/Documents/github/OTHERS/pico-sdk/src/rp2_common/pico_bootrom/bootrom.c.o
                0x100042f4                rom_func_lookup
 .text.rom_reset_usb_boot_extra
                0x1000430c       0x1c CMakeFiles/simple_photo_frame_test.dir/mnt/c/Users/hra/Documents/github/OTHERS/pico-sdk/src/rp2_common/pico_bootrom/bootrom.c.o
                0x1000430c                rom_reset_usb_boot_extra
 .text.runtime_init_bootrom_locking_enable
                0x10004328       0x14 CMakeFiles/simple_photo_frame_test.dir/mnt/c/Users/hra/Documents/github/OTHERS/pico-sdk/src/rp2_common/pico_bootrom/bootrom_lock.c.o
                0x10004328                runtime_init_bootrom_locking_enable
 .text.runtime_init_boot_locks_reset
                0x1000433c       0x1c CMakeFiles/simple_photo_frame_test.dir/mnt/c/Users/hra/Documents/github/OTHERS/pico-sdk/src/rp2_common/hardware_boot_lock/boot_lock.c.o
                0x1000433c                runtime_init_boot_locks_reset
 .text.xosc_init
                0x10004358       0x30 CMakeFiles/simple_photo_frame_test.dir/mnt/c/Users/hra/Documents/github/OTHERS/pico-sdk/src/rp2_common/hardware_xosc/xosc.c.o
                0x10004358                xosc_init
 .text.first_per_core_initializer
                0x10004388        0x4 CMakeFiles/simple_photo_frame_test.dir/mnt/c/Users/hra/Documents/github/OTHERS/pico-sdk/src/rp2_common/pico_runtime/runtime.c.o
 .text.hard_assertion_failure
                0x1000438c        0xc CMakeFiles/simple_photo_frame_test.dir/mnt/c/Users/hra/Documents/github/OTHERS/pico-sdk/src/rp2_common/pico_runtime/runtime.c.o
                0x1000438c                hard_assertion_failure
 .text.runtime_run_initializers
                0x10004398       0x20 CMakeFiles/simple_photo_frame_test.dir/mnt/c/Users/hra/Documents/github/OTHERS/pico-sdk/src/rp2_common/pico_runtime/runtime.c.o
                0x10004398                runtime_run_initializers
 .text.runtime_init_early_resets
                0x100043b8       0x34 CMakeFiles/simple_photo_frame_test.dir/mnt/c/Users/hra/Documents/github/OTHERS/pico-sdk/src/rp2_common/pico_runtime_init/runtime_init.c.o
                0x100043b8                runtime_init_early_resets
 .text.runtime_init_usb_power_down
                0x100043ec       0x1c CMakeFiles/simple_photo_frame_test.dir/mnt/c/Users/hra/Documents/github/OTHERS/pico-sdk/src/rp2_common/pico_runtime_init/runtime_init.c.o
                0x100043ec                runtime_init_usb_power_down
 .text.runtime_init_per_core_enable_coprocessors
                0x10004408       0x1c CMakeFiles/simple_photo_frame_test.dir/mnt/c/Users/hra/Documents/github/OTHERS/pico-sdk/src/rp2_common/pico_runtime_init/runtime_init.c.o
                0x10004408                runtime_init_per_core_enable_coprocessors
 .text.runtime_init_post_clock_resets
                0x10004424       0x20 CMakeFiles/simple_photo_frame_test.dir/mnt/c/Users/hra/Documents/github/OTHERS/pico-sdk/src/rp2_common/pico_runtime_init/runtime_init.c.o
                0x10004424                runtime_init_post_clock_resets
 .text.runtime_init_bootrom_reset
                0x10004444       0x14 CMakeFiles/simple_photo_frame_test.dir/mnt/c/Users/hra/Documents/github/OTHERS/pico-sdk/src/rp2_common/pico_runtime_init/runtime_init.c.o
                0x10004444                runtime_init_bootrom_reset
 .text.runtime_init_per_core_bootrom_reset
                0x10004458       0x14 CMakeFiles/simple_photo_frame_test.dir/mnt/c/Users/hra/Documents/github/OTHERS/pico-sdk/src/rp2_common/pico_runtime_init/runtime_init.c.o
                0x10004458                runtime_init_per_core_bootrom_reset
 .text.runtime_init_spin_locks_reset
                0x1000446c        0x4 CMakeFiles/simple_photo_frame_test.dir/mnt/c/Users/hra/Documents/github/OTHERS/pico-sdk/src/rp2_common/pico_runtime_init/runtime_init.c.o
                0x1000446c                runtime_init_spin_locks_reset
 .text.runtime_init_install_ram_vector_table
                0x10004470       0x68 CMakeFiles/simple_photo_frame_test.dir/mnt/c/Users/hra/Documents/github/OTHERS/pico-sdk/src/rp2_common/pico_runtime_init/runtime_init.c.o
                0x10004470                runtime_init_install_ram_vector_table
 .text.runtime_init_clocks
                0x100044d8       0xdc CMakeFiles/simple_photo_frame_test.dir/mnt/c/Users/hra/Documents/github/OTHERS/pico-sdk/src/rp2_common/pico_runtime_init/runtime_init_clocks.c.o
                0x100044d8                runtime_init_clocks
 .text.__rp2350_dcp_engaged_state_save_restore
                0x100045b4       0x3a CMakeFiles/simple_photo_frame_test.dir/mnt/c/Users/hra/Documents/github/OTHERS/pico-sdk/src/rp2_common/pico_double/double_aeabi_dcp.S.o
 *fill*         0x100045ee        0x2 
 .text.__wrap___aeabi_dadd
                0x100045f0       0x28 CMakeFiles/simple_photo_frame_test.dir/mnt/c/Users/hra/Documents/github/OTHERS/pico-sdk/src/rp2_common/pico_double/double_aeabi_dcp.S.o
                0x100045f8                __wrap___aeabi_dadd
 .text.__wrap___aeabi_dsub
                0x10004618       0x28 CMakeFiles/simple_photo_frame_test.dir/mnt/c/Users/hra/Documents/github/OTHERS/pico-sdk/src/rp2_common/pico_double/double_aeabi_dcp.S.o
                0x10004620                __wrap___aeabi_dsub
 .text.__wrap___aeabi_dmul
                0x10004640       0x4c CMakeFiles/simple_photo_frame_test.dir/mnt/c/Users/hra/Documents/github/OTHERS/pico-sdk/src/rp2_common/pico_double/double_aeabi_dcp.S.o
                0x10004648                __wrap___aeabi_dmul
 .text.__wrap___aeabi_ddiv
                0x1000468c       0x9c CMakeFiles/simple_photo_frame_test.dir/mnt/c/Users/hra/Documents/github/OTHERS/pico-sdk/src/rp2_common/pico_double/double_aeabi_dcp.S.o
                0x10004694                __wrap___aeabi_ddiv
 .text.__wrap___aeabi_i2d
                0x10004728       0x24 CMakeFiles/simple_photo_frame_test.dir/mnt/c/Users/hra/Documents/github/OTHERS/pico-sdk/src/rp2_common/pico_double/double_aeabi_dcp.S.o
                0x10004730                __wrap___aeabi_i2d
                0x10004730                int2double
 .text.__wrap___aeabi_ui2d
                0x1000474c       0x24 CMakeFiles/simple_photo_frame_test.dir/mnt/c/Users/hra/Documents/github/OTHERS/pico-sdk/src/rp2_common/pico_double/double_aeabi_dcp.S.o
                0x10004754                __wrap___aeabi_ui2d
                0x10004754                uint2double
 .text.__wrap___aeabi_d2iz
                0x10004770       0x24 CMakeFiles/simple_photo_frame_test.dir/mnt/c/Users/hra/Documents/github/OTHERS/pico-sdk/src/rp2_common/pico_double/double_aeabi_dcp.S.o
                0x10004778                __wrap___aeabi_d2iz
                0x10004778                double2int_z
 .text.__wrap___aeabi_d2uiz
                0x10004794       0x24 CMakeFiles/simple_photo_frame_test.dir/mnt/c/Users/hra/Documents/github/OTHERS/pico-sdk/src/rp2_common/pico_double/double_aeabi_dcp.S.o
                0x1000479c                double2uint_z
                0x1000479c                double2uint
                0x1000479c                __wrap___aeabi_d2uiz
 .text.__wrap___aeabi_dcmpun
                0x100047b8       0x24 CMakeFiles/simple_photo_frame_test.dir/mnt/c/Users/hra/Documents/github/OTHERS/pico-sdk/src/rp2_common/pico_double/double_aeabi_dcp.S.o
                0x100047c0                __wrap___aeabi_dcmpun
 .text.__wrap___aeabi_dcmplt
                0x100047dc       0x28 CMakeFiles/simple_photo_frame_test.dir/mnt/c/Users/hra/Documents/github/OTHERS/pico-sdk/src/rp2_common/pico_double/double_aeabi_dcp.S.o
                0x100047e4                __wrap___aeabi_dcmplt
 .text.__wrap___aeabi_dcmpge
                0x10004804       0x28 CMakeFiles/simple_photo_frame_test.dir/mnt/c/Users/hra/Documents/github/OTHERS/pico-sdk/src/rp2_common/pico_double/double_aeabi_dcp.S.o
                0x1000480c                __wrap___aeabi_dcmpge
 .text.__wrap___aeabi_dcmpgt
                0x1000482c       0x28 CMakeFiles/simple_photo_frame_test.dir/mnt/c/Users/hra/Documents/github/OTHERS/pico-sdk/src/rp2_common/pico_double/double_aeabi_dcp.S.o
                0x10004834                __wrap___aeabi_dcmpgt
 .text._out_buffer
                0x10004854        0x8 CMakeFiles/simple_photo_frame_test.dir/mnt/c/Users/hra/Documents/github/OTHERS/pico-sdk/src/rp2_common/pico_printf/printf.c.o
 .text._out_null
                0x1000485c        0x4 CMakeFiles/simple_photo_frame_test.dir/mnt/c/Users/hra/Documents/github/OTHERS/pico-sdk/src/rp2_common/pico_printf/printf.c.o
 .text._out_rev
                0x10004860       0x9c CMakeFiles/simple_photo_frame_test.dir/mnt/c/Users/hra/Documents/github/OTHERS/pico-sdk/src/rp2_common/pico_printf/printf.c.o
 .text._ntoa_format
                0x100048fc      0x2a4 CMakeFiles/simple_photo_frame_test.dir/mnt/c/Users/hra/Documents/github/OTHERS/pico-sdk/src/rp2_common/pico_printf/printf.c.o
 .text._out_char
                0x10004ba0        0x8 CMakeFiles/simple_photo_frame_test.dir/mnt/c/Users/hra/Documents/github/OTHERS/pico-sdk/src/rp2_common/pico_printf/printf.c.o
 .text._out_fct
                0x10004ba8        0xc CMakeFiles/simple_photo_frame_test.dir/mnt/c/Users/hra/Documents/github/OTHERS/pico-sdk/src/rp2_common/pico_printf/printf.c.o
 *fill*         0x10004bb4        0x4 
 .text._etoa    0x10004bb8      0x460 CMakeFiles/simple_photo_frame_test.dir/mnt/c/Users/hra/Documents/github/OTHERS/pico-sdk/src/rp2_common/pico_printf/printf.c.o
 .text._ftoa    0x10005018      0x3f4 CMakeFiles/simple_photo_frame_test.dir/mnt/c/Users/hra/Documents/github/OTHERS/pico-sdk/src/rp2_common/pico_printf/printf.c.o
 .text._vsnprintf
                0x1000540c      0x9e8 CMakeFiles/simple_photo_frame_test.dir/mnt/c/Users/hra/Documents/github/OTHERS/pico-sdk/src/rp2_common/pico_printf/printf.c.o
 .text.__wrap_vsnprintf
                0x10005df4       0x24 CMakeFiles/simple_photo_frame_test.dir/mnt/c/Users/hra/Documents/github/OTHERS/pico-sdk/src/rp2_common/pico_printf/printf.c.o
                0x10005df4                __wrap_vsnprintf
 .text.vfctprintf
                0x10005e18       0x28 CMakeFiles/simple_photo_frame_test.dir/mnt/c/Users/hra/Documents/github/OTHERS/pico-sdk/src/rp2_common/pico_printf/printf.c.o
                0x10005e18                vfctprintf
 .text.weak_raw_vprintf
                0x10005e40       0x30 CMakeFiles/simple_photo_frame_test.dir/mnt/c/Users/hra/Documents/github/OTHERS/pico-sdk/src/rp2_common/pico_printf/printf.c.o
                0x10005e40                weak_raw_vprintf
 .text._exit    0x10005e70        0x4 CMakeFiles/simple_photo_frame_test.dir/mnt/c/Users/hra/Documents/github/OTHERS/pico-sdk/src/rp2_common/pico_clib_interface/newlib_interface.c.o
                0x10005e70                _exit
 .text.exit     0x10005e74        0x8 CMakeFiles/simple_photo_frame_test.dir/mnt/c/Users/hra/Documents/github/OTHERS/pico-sdk/src/rp2_common/pico_clib_interface/newlib_interface.c.o
                0x10005e74                exit
 .text.runtime_init
                0x10005e7c       0x24 CMakeFiles/simple_photo_frame_test.dir/mnt/c/Users/hra/Documents/github/OTHERS/pico-sdk/src/rp2_common/pico_clib_interface/newlib_interface.c.o
                0x10005e7c                runtime_init
 .text.stdio_out_chars_no_crlf
                0x10005ea0        0x8 CMakeFiles/simple_photo_frame_test.dir/mnt/c/Users/hra/Documents/github/OTHERS/pico-sdk/src/rp2_common/pico_stdio/stdio.c.o
 .text.stdio_out_chars_crlf
                0x10005ea8       0xac CMakeFiles/simple_photo_frame_test.dir/mnt/c/Users/hra/Documents/github/OTHERS/pico-sdk/src/rp2_common/pico_stdio/stdio.c.o
 .text.stdio_buffered_printer
                0x10005f54       0x60 CMakeFiles/simple_photo_frame_test.dir/mnt/c/Users/hra/Documents/github/OTHERS/pico-sdk/src/rp2_common/pico_stdio/stdio.c.o
 .text.stdio_put_string
                0x10005fb4       0xf0 CMakeFiles/simple_photo_frame_test.dir/mnt/c/Users/hra/Documents/github/OTHERS/pico-sdk/src/rp2_common/pico_stdio/stdio.c.o
                0x10005fb4                stdio_put_string
 .text.stdio_set_driver_enabled
                0x100060a4       0x30 CMakeFiles/simple_photo_frame_test.dir/mnt/c/Users/hra/Documents/github/OTHERS/pico-sdk/src/rp2_common/pico_stdio/stdio.c.o
                0x100060a4                stdio_set_driver_enabled
 .text.stdio_init_all
                0x100060d4        0x4 CMakeFiles/simple_photo_frame_test.dir/mnt/c/Users/hra/Documents/github/OTHERS/pico-sdk/src/rp2_common/pico_stdio/stdio.c.o
                0x100060d4                stdio_init_all
 .text.__wrap_putchar
                0x100060d8       0x84 CMakeFiles/simple_photo_frame_test.dir/mnt/c/Users/hra/Documents/github/OTHERS/pico-sdk/src/rp2_common/pico_stdio/stdio.c.o
                0x100060d8                stdio_putchar
                0x100060d8                __wrap_putchar
 .text.__wrap_puts
                0x1000615c       0x3c CMakeFiles/simple_photo_frame_test.dir/mnt/c/Users/hra/Documents/github/OTHERS/pico-sdk/src/rp2_common/pico_stdio/stdio.c.o
                0x1000615c                __wrap_puts
                0x1000615c                stdio_puts
 .text.__wrap_vprintf
                0x10006198       0xc8 CMakeFiles/simple_photo_frame_test.dir/mnt/c/Users/hra/Documents/github/OTHERS/pico-sdk/src/rp2_common/pico_stdio/stdio.c.o
                0x10006198                __wrap_vprintf
                0x10006198                stdio_vprintf
 .text.__wrap_printf
                0x10006260       0x1c CMakeFiles/simple_photo_frame_test.dir/mnt/c/Users/hra/Documents/github/OTHERS/pico-sdk/src/rp2_common/pico_stdio/stdio.c.o
                0x10006260                stdio_printf
                0x10006260                __wrap_printf
 .text.resetd_init
                0x1000627c        0x4 CMakeFiles/simple_photo_frame_test.dir/mnt/c/Users/hra/Documents/github/OTHERS/pico-sdk/src/rp2_common/pico_stdio_usb/reset_interface.c.o
 .text.resetd_reset
                0x10006280        0xc CMakeFiles/simple_photo_frame_test.dir/mnt/c/Users/hra/Documents/github/OTHERS/pico-sdk/src/rp2_common/pico_stdio_usb/reset_interface.c.o
 .text.resetd_open
                0x1000628c       0x28 CMakeFiles/simple_photo_frame_test.dir/mnt/c/Users/hra/Documents/github/OTHERS/pico-sdk/src/rp2_common/pico_stdio_usb/reset_interface.c.o
 .text.resetd_xfer_cb
                0x100062b4        0x4 CMakeFiles/simple_photo_frame_test.dir/mnt/c/Users/hra/Documents/github/OTHERS/pico-sdk/src/rp2_common/pico_stdio_usb/reset_interface.c.o
 .text.resetd_control_xfer_cb
                0x100062b8       0x50 CMakeFiles/simple_photo_frame_test.dir/mnt/c/Users/hra/Documents/github/OTHERS/pico-sdk/src/rp2_common/pico_stdio_usb/reset_interface.c.o
 .text.tud_descriptor_bos_cb
                0x10006308        0x8 CMakeFiles/simple_photo_frame_test.dir/mnt/c/Users/hra/Documents/github/OTHERS/pico-sdk/src/rp2_common/pico_stdio_usb/reset_interface.c.o
                0x10006308                tud_descriptor_bos_cb
 .text.tud_vendor_control_xfer_cb
                0x10006310       0x28 CMakeFiles/simple_photo_frame_test.dir/mnt/c/Users/hra/Documents/github/OTHERS/pico-sdk/src/rp2_common/pico_stdio_usb/reset_interface.c.o
                0x10006310                tud_vendor_control_xfer_cb
 .text.usbd_app_driver_get_cb
                0x10006338       0x10 CMakeFiles/simple_photo_frame_test.dir/mnt/c/Users/hra/Documents/github/OTHERS/pico-sdk/src/rp2_common/pico_stdio_usb/reset_interface.c.o
                0x10006338                usbd_app_driver_get_cb
 .text.tud_cdc_line_coding_cb
                0x10006348       0x18 CMakeFiles/simple_photo_frame_test.dir/mnt/c/Users/hra/Documents/github/OTHERS/pico-sdk/src/rp2_common/pico_stdio_usb/reset_interface.c.o
                0x10006348                tud_cdc_line_coding_cb
 .text.stdio_usb_set_chars_available_callback
                0x10006360       0x14 CMakeFiles/simple_photo_frame_test.dir/mnt/c/Users/hra/Documents/github/OTHERS/pico-sdk/src/rp2_common/pico_stdio_usb/stdio_usb.c.o
                0x10006360                stdio_usb_set_chars_available_callback
 .text.timer_task
                0x10006374       0x70 CMakeFiles/simple_photo_frame_test.dir/mnt/c/Users/hra/Documents/github/OTHERS/pico-sdk/src/rp2_common/pico_stdio_usb/stdio_usb.c.o
 .text.usb_irq  0x100063e4        0xc CMakeFiles/simple_photo_frame_test.dir/mnt/c/Users/hra/Documents/github/OTHERS/pico-sdk/src/rp2_common/pico_stdio_usb/stdio_usb.c.o
 .text.stdio_usb_in_chars
                0x100063f0       0x88 CMakeFiles/simple_photo_frame_test.dir/mnt/c/Users/hra/Documents/github/OTHERS/pico-sdk/src/rp2_common/pico_stdio_usb/stdio_usb.c.o
                0x100063f0                stdio_usb_in_chars
 .text.stdio_usb_out_flush
                0x10006478       0x54 CMakeFiles/simple_photo_frame_test.dir/mnt/c/Users/hra/Documents/github/OTHERS/pico-sdk/src/rp2_common/pico_stdio_usb/stdio_usb.c.o
 .text.stdio_usb_out_chars
                0x100064cc       0xf4 CMakeFiles/simple_photo_frame_test.dir/mnt/c/Users/hra/Documents/github/OTHERS/pico-sdk/src/rp2_common/pico_stdio_usb/stdio_usb.c.o
 .text.low_priority_worker_irq
                0x100065c0       0xd8 CMakeFiles/simple_photo_frame_test.dir/mnt/c/Users/hra/Documents/github/OTHERS/pico-sdk/src/rp2_common/pico_stdio_usb/stdio_usb.c.o
 .text.stdio_usb_init
                0x10006698       0xe8 CMakeFiles/simple_photo_frame_test.dir/mnt/c/Users/hra/Documents/github/OTHERS/pico-sdk/src/rp2_common/pico_stdio_usb/stdio_usb.c.o
                0x10006698                stdio_usb_init
 .text.tud_descriptor_device_cb
                0x10006780        0x8 CMakeFiles/simple_photo_frame_test.dir/mnt/c/Users/hra/Documents/github/OTHERS/pico-sdk/src/rp2_common/pico_stdio_usb/stdio_usb_descriptors.c.o
                0x10006780                tud_descriptor_device_cb
 .text.tud_descriptor_configuration_cb
                0x10006788        0x8 CMakeFiles/simple_photo_frame_test.dir/mnt/c/Users/hra/Documents/github/OTHERS/pico-sdk/src/rp2_common/pico_stdio_usb/stdio_usb_descriptors.c.o
                0x10006788                tud_descriptor_configuration_cb
 .text.tud_descriptor_string_cb
                0x10006790       0x70 CMakeFiles/simple_photo_frame_test.dir/mnt/c/Users/hra/Documents/github/OTHERS/pico-sdk/src/rp2_common/pico_stdio_usb/stdio_usb_descriptors.c.o
                0x10006790                tud_descriptor_string_cb
 .text.startup._retrieve_unique_id_on_boot
                0x10006800       0x30 CMakeFiles/simple_photo_frame_test.dir/mnt/c/Users/hra/Documents/github/OTHERS/pico-sdk/src/rp2_common/pico_unique_id/unique_id.c.o
 .text.pico_get_unique_board_id
                0x10006830       0x10 CMakeFiles/simple_photo_frame_test.dir/mnt/c/Users/hra/Documents/github/OTHERS/pico-sdk/src/rp2_common/pico_unique_id/unique_id.c.o
                0x10006830                pico_get_unique_board_id
 .text.pico_get_unique_board_id_string
                0x10006840      0x184 CMakeFiles/simple_photo_frame_test.dir/mnt/c/Users/hra/Documents/github/OTHERS/pico-sdk/src/rp2_common/pico_unique_id/unique_id.c.o
                0x10006840                pico_get_unique_board_id_string
 .text.dcd_init
                0x100069c4       0x90 CMakeFiles/simple_photo_frame_test.dir/mnt/c/Users/hra/Documents/github/OTHERS/pico-sdk/lib/tinyusb/src/portable/raspberrypi/rp2040/dcd_rp2040.c.o
                0x100069c4                dcd_init
 .text.dcd_int_enable
                0x10006a54        0x8 CMakeFiles/simple_photo_frame_test.dir/mnt/c/Users/hra/Documents/github/OTHERS/pico-sdk/lib/tinyusb/src/portable/raspberrypi/rp2040/dcd_rp2040.c.o
                0x10006a54                dcd_int_enable
 .text.dcd_set_address
                0x10006a5c       0x10 CMakeFiles/simple_photo_frame_test.dir/mnt/c/Users/hra/Documents/github/OTHERS/pico-sdk/lib/tinyusb/src/portable/raspberrypi/rp2040/dcd_rp2040.c.o
                0x10006a5c                dcd_set_address
 .text.dcd_sof_enable
                0x10006a6c       0x1c CMakeFiles/simple_photo_frame_test.dir/mnt/c/Users/hra/Documents/github/OTHERS/pico-sdk/lib/tinyusb/src/portable/raspberrypi/rp2040/dcd_rp2040.c.o
                0x10006a6c                dcd_sof_enable
 .text.dcd_edpt0_status_complete
                0x10006a88       0x1c CMakeFiles/simple_photo_frame_test.dir/mnt/c/Users/hra/Documents/github/OTHERS/pico-sdk/lib/tinyusb/src/portable/raspberrypi/rp2040/dcd_rp2040.c.o
                0x10006a88                dcd_edpt0_status_complete
 .text.dcd_edpt_open
                0x10006aa4      0x108 CMakeFiles/simple_photo_frame_test.dir/mnt/c/Users/hra/Documents/github/OTHERS/pico-sdk/lib/tinyusb/src/portable/raspberrypi/rp2040/dcd_rp2040.c.o
                0x10006aa4                dcd_edpt_open
 .text.dcd_edpt_close_all
                0x10006bac        0x4 CMakeFiles/simple_photo_frame_test.dir/mnt/c/Users/hra/Documents/github/OTHERS/pico-sdk/lib/tinyusb/src/portable/raspberrypi/rp2040/dcd_rp2040.c.o
                0x10006bac                dcd_edpt_close_all
 .text.dcd_edpt_xfer
                0x10006bb0       0x28 CMakeFiles/simple_photo_frame_test.dir/mnt/c/Users/hra/Documents/github/OTHERS/pico-sdk/lib/tinyusb/src/portable/raspberrypi/rp2040/dcd_rp2040.c.o
                0x10006bb0                dcd_edpt_xfer
 .text.dcd_edpt_stall
                0x10006bd8       0x2c CMakeFiles/simple_photo_frame_test.dir/mnt/c/Users/hra/Documents/github/OTHERS/pico-sdk/lib/tinyusb/src/portable/raspberrypi/rp2040/dcd_rp2040.c.o
                0x10006bd8                dcd_edpt_stall
 .text.dcd_edpt_clear_stall
                0x10006c04       0x2c CMakeFiles/simple_photo_frame_test.dir/mnt/c/Users/hra/Documents/github/OTHERS/pico-sdk/lib/tinyusb/src/portable/raspberrypi/rp2040/dcd_rp2040.c.o
                0x10006c04                dcd_edpt_clear_stall
 .text.rp2040_usb_init
                0x10006c30       0x40 CMakeFiles/simple_photo_frame_test.dir/mnt/c/Users/hra/Documents/github/OTHERS/pico-sdk/lib/tinyusb/src/portable/raspberrypi/rp2040/rp2040_usb.c.o
                0x10006c30                rp2040_usb_init
 .text.hw_endpoint_xfer_start
                0x10006c70       0x40 CMakeFiles/simple_photo_frame_test.dir/mnt/c/Users/hra/Documents/github/OTHERS/pico-sdk/lib/tinyusb/src/portable/raspberrypi/rp2040/rp2040_usb.c.o
                0x10006c70                hw_endpoint_xfer_start
 .text.configuration_reset
                0x10006cb0       0x8c CMakeFiles/simple_photo_frame_test.dir/mnt/c/Users/hra/Documents/github/OTHERS/pico-sdk/lib/tinyusb/src/device/usbd.c.o
 .text.tud_event_hook_cb
                0x10006d3c        0x4 CMakeFiles/simple_photo_frame_test.dir/mnt/c/Users/hra/Documents/github/OTHERS/pico-sdk/lib/tinyusb/src/device/usbd.c.o
                0x10006d3c                tud_event_hook_cb
 .text.tud_sof_cb
                0x10006d40        0x4 CMakeFiles/simple_photo_frame_test.dir/mnt/c/Users/hra/Documents/github/OTHERS/pico-sdk/lib/tinyusb/src/device/usbd.c.o
                0x10006d40                tud_sof_cb
 .text.tud_descriptor_device_qualifier_cb
                0x10006d44        0x4 CMakeFiles/simple_photo_frame_test.dir/mnt/c/Users/hra/Documents/github/OTHERS/pico-sdk/lib/tinyusb/src/device/usbd.c.o
                0x10006d44                tud_descriptor_device_qualifier_cb
 .text.tud_descriptor_other_speed_configuration_cb
                0x10006d48        0x4 CMakeFiles/simple_photo_frame_test.dir/mnt/c/Users/hra/Documents/github/OTHERS/pico-sdk/lib/tinyusb/src/device/usbd.c.o
                0x10006d48                tud_descriptor_other_speed_configuration_cb
 .text.tud_mount_cb
                0x10006d4c        0x4 CMakeFiles/simple_photo_frame_test.dir/mnt/c/Users/hra/Documents/github/OTHERS/pico-sdk/lib/tinyusb/src/device/usbd.c.o
                0x10006d4c                tud_mount_cb
 .text.tud_umount_cb
                0x10006d50        0x4 CMakeFiles/simple_photo_frame_test.dir/mnt/c/Users/hra/Documents/github/OTHERS/pico-sdk/lib/tinyusb/src/device/usbd.c.o
                0x10006d50                tud_umount_cb
 .text.tud_suspend_cb
                0x10006d54        0x4 CMakeFiles/simple_photo_frame_test.dir/mnt/c/Users/hra/Documents/github/OTHERS/pico-sdk/lib/tinyusb/src/device/usbd.c.o
                0x10006d54                tud_suspend_cb
 .text.tud_resume_cb
                0x10006d58        0x4 CMakeFiles/simple_photo_frame_test.dir/mnt/c/Users/hra/Documents/github/OTHERS/pico-sdk/lib/tinyusb/src/device/usbd.c.o
                0x10006d58                tud_resume_cb
 .text.tud_mounted
                0x10006d5c       0x10 CMakeFiles/simple_photo_frame_test.dir/mnt/c/Users/hra/Documents/github/OTHERS/pico-sdk/lib/tinyusb/src/device/usbd.c.o
                0x10006d5c                tud_mounted
 .text.tud_suspended
                0x10006d6c       0x10 CMakeFiles/simple_photo_frame_test.dir/mnt/c/Users/hra/Documents/github/OTHERS/pico-sdk/lib/tinyusb/src/device/usbd.c.o
                0x10006d6c                tud_suspended
 .text.tud_rhport_init
                0x10006d7c       0xf8 CMakeFiles/simple_photo_frame_test.dir/mnt/c/Users/hra/Documents/github/OTHERS/pico-sdk/lib/tinyusb/src/device/usbd.c.o
                0x10006d7c                tud_rhport_init
 .text.tud_task_ext
                0x10006e74      0x784 CMakeFiles/simple_photo_frame_test.dir/mnt/c/Users/hra/Documents/github/OTHERS/pico-sdk/lib/tinyusb/src/device/usbd.c.o
                0x10006e74                tud_task_ext
 .text.usbd_open_edpt_pair
                0x100075f8       0x9c CMakeFiles/simple_photo_frame_test.dir/mnt/c/Users/hra/Documents/github/OTHERS/pico-sdk/lib/tinyusb/src/device/usbd.c.o
                0x100075f8                usbd_open_edpt_pair
 .text.usbd_edpt_open
                0x10007694       0x44 CMakeFiles/simple_photo_frame_test.dir/mnt/c/Users/hra/Documents/github/OTHERS/pico-sdk/lib/tinyusb/src/device/usbd.c.o
                0x10007694                usbd_edpt_open
 .text.usbd_edpt_claim
                0x100076d8       0x24 CMakeFiles/simple_photo_frame_test.dir/mnt/c/Users/hra/Documents/github/OTHERS/pico-sdk/lib/tinyusb/src/device/usbd.c.o
                0x100076d8                usbd_edpt_claim
 .text.usbd_edpt_release
                0x100076fc       0x24 CMakeFiles/simple_photo_frame_test.dir/mnt/c/Users/hra/Documents/github/OTHERS/pico-sdk/lib/tinyusb/src/device/usbd.c.o
                0x100076fc                usbd_edpt_release
 .text.usbd_edpt_xfer
                0x10007720       0x70 CMakeFiles/simple_photo_frame_test.dir/mnt/c/Users/hra/Documents/github/OTHERS/pico-sdk/lib/tinyusb/src/device/usbd.c.o
                0x10007720                usbd_edpt_xfer
 .text.tud_control_status
                0x10007790       0x34 CMakeFiles/simple_photo_frame_test.dir/mnt/c/Users/hra/Documents/github/OTHERS/pico-sdk/lib/tinyusb/src/device/usbd_control.c.o
                0x10007790                tud_control_status
 .text.tud_control_xfer
                0x100077c4       0xac CMakeFiles/simple_photo_frame_test.dir/mnt/c/Users/hra/Documents/github/OTHERS/pico-sdk/lib/tinyusb/src/device/usbd_control.c.o
                0x100077c4                tud_control_xfer
 .text.usbd_control_reset
                0x10007870       0x14 CMakeFiles/simple_photo_frame_test.dir/mnt/c/Users/hra/Documents/github/OTHERS/pico-sdk/lib/tinyusb/src/device/usbd_control.c.o
                0x10007870                usbd_control_reset
 .text.usbd_control_set_complete_callback
                0x10007884        0xc CMakeFiles/simple_photo_frame_test.dir/mnt/c/Users/hra/Documents/github/OTHERS/pico-sdk/lib/tinyusb/src/device/usbd_control.c.o
                0x10007884                usbd_control_set_complete_callback
 .text.usbd_control_set_request
                0x10007890       0x1c CMakeFiles/simple_photo_frame_test.dir/mnt/c/Users/hra/Documents/github/OTHERS/pico-sdk/lib/tinyusb/src/device/usbd_control.c.o
                0x10007890                usbd_control_set_request
 .text.usbd_control_xfer_cb
                0x100078ac       0xfc CMakeFiles/simple_photo_frame_test.dir/mnt/c/Users/hra/Documents/github/OTHERS/pico-sdk/lib/tinyusb/src/device/usbd_control.c.o
                0x100078ac                usbd_control_xfer_cb
 .text._prep_out_transaction.isra.0
                0x100079a8       0x74 CMakeFiles/simple_photo_frame_test.dir/mnt/c/Users/hra/Documents/github/OTHERS/pico-sdk/lib/tinyusb/src/class/cdc/cdc_device.c.o
 .text.tud_cdc_n_connected
                0x10007a1c       0x2c CMakeFiles/simple_photo_frame_test.dir/mnt/c/Users/hra/Documents/github/OTHERS/pico-sdk/lib/tinyusb/src/class/cdc/cdc_device.c.o
                0x10007a1c                tud_cdc_n_connected
 .text.tud_cdc_n_available
                0x10007a48       0x18 CMakeFiles/simple_photo_frame_test.dir/mnt/c/Users/hra/Documents/github/OTHERS/pico-sdk/lib/tinyusb/src/class/cdc/cdc_device.c.o
                0x10007a48                tud_cdc_n_available
 .text.tud_cdc_n_read
                0x10007a60       0x8c CMakeFiles/simple_photo_frame_test.dir/mnt/c/Users/hra/Documents/github/OTHERS/pico-sdk/lib/tinyusb/src/class/cdc/cdc_device.c.o
                0x10007a60                tud_cdc_n_read
 .text.tud_cdc_n_write_flush
                0x10007aec       0x8c CMakeFiles/simple_photo_frame_test.dir/mnt/c/Users/hra/Documents/github/OTHERS/pico-sdk/lib/tinyusb/src/class/cdc/cdc_device.c.o
                0x10007aec                tud_cdc_n_write_flush
 .text.tud_cdc_n_write
                0x10007b78       0x44 CMakeFiles/simple_photo_frame_test.dir/mnt/c/Users/hra/Documents/github/OTHERS/pico-sdk/lib/tinyusb/src/class/cdc/cdc_device.c.o
                0x10007b78                tud_cdc_n_write
 .text.tud_cdc_n_write_available
                0x10007bbc       0x18 CMakeFiles/simple_photo_frame_test.dir/mnt/c/Users/hra/Documents/github/OTHERS/pico-sdk/lib/tinyusb/src/class/cdc/cdc_device.c.o
                0x10007bbc                tud_cdc_n_write_available
 .text.cdcd_init
                0x10007bd4       0x70 CMakeFiles/simple_photo_frame_test.dir/mnt/c/Users/hra/Documents/github/OTHERS/pico-sdk/lib/tinyusb/src/class/cdc/cdc_device.c.o
                0x10007bd4                cdcd_init
 .text.cdcd_deinit
                0x10007c44       0x2c CMakeFiles/simple_photo_frame_test.dir/mnt/c/Users/hra/Documents/github/OTHERS/pico-sdk/lib/tinyusb/src/class/cdc/cdc_device.c.o
                0x10007c44                cdcd_deinit
 .text.cdcd_reset
                0x10007c70       0x4c CMakeFiles/simple_photo_frame_test.dir/mnt/c/Users/hra/Documents/github/OTHERS/pico-sdk/lib/tinyusb/src/class/cdc/cdc_device.c.o
                0x10007c70                cdcd_reset
 .text.cdcd_open
                0x10007cbc       0xbc CMakeFiles/simple_photo_frame_test.dir/mnt/c/Users/hra/Documents/github/OTHERS/pico-sdk/lib/tinyusb/src/class/cdc/cdc_device.c.o
                0x10007cbc                cdcd_open
 .text.cdcd_control_xfer_cb
                0x10007d78       0xc0 CMakeFiles/simple_photo_frame_test.dir/mnt/c/Users/hra/Documents/github/OTHERS/pico-sdk/lib/tinyusb/src/class/cdc/cdc_device.c.o
                0x10007d78                cdcd_control_xfer_cb
 .text.cdcd_xfer_cb
                0x10007e38       0xfc CMakeFiles/simple_photo_frame_test.dir/mnt/c/Users/hra/Documents/github/OTHERS/pico-sdk/lib/tinyusb/src/class/cdc/cdc_device.c.o
                0x10007e38                cdcd_xfer_cb
 .text.vendord_init
                0x10007f34       0x5c CMakeFiles/simple_photo_frame_test.dir/mnt/c/Users/hra/Documents/github/OTHERS/pico-sdk/lib/tinyusb/src/class/vendor/vendor_device.c.o
                0x10007f34                vendord_init
 .text.vendord_deinit
                0x10007f90       0x1c CMakeFiles/simple_photo_frame_test.dir/mnt/c/Users/hra/Documents/github/OTHERS/pico-sdk/lib/tinyusb/src/class/vendor/vendor_device.c.o
                0x10007f90                vendord_deinit
 .text.vendord_reset
                0x10007fac       0x24 CMakeFiles/simple_photo_frame_test.dir/mnt/c/Users/hra/Documents/github/OTHERS/pico-sdk/lib/tinyusb/src/class/vendor/vendor_device.c.o
                0x10007fac                vendord_reset
 .text.vendord_open
                0x10007fd0      0x104 CMakeFiles/simple_photo_frame_test.dir/mnt/c/Users/hra/Documents/github/OTHERS/pico-sdk/lib/tinyusb/src/class/vendor/vendor_device.c.o
                0x10007fd0                vendord_open
 .text.vendord_xfer_cb
                0x100080d4       0x88 CMakeFiles/simple_photo_frame_test.dir/mnt/c/Users/hra/Documents/github/OTHERS/pico-sdk/lib/tinyusb/src/class/vendor/vendor_device.c.o
                0x100080d4                vendord_xfer_cb
 .text.tusb_rhport_init
                0x1000815c       0x60 CMakeFiles/simple_photo_frame_test.dir/mnt/c/Users/hra/Documents/github/OTHERS/pico-sdk/lib/tinyusb/src/tusb.c.o
                0x1000815c                tusb_rhport_init
 .text.tu_edpt_claim
                0x100081bc       0x54 CMakeFiles/simple_photo_frame_test.dir/mnt/c/Users/hra/Documents/github/OTHERS/pico-sdk/lib/tinyusb/src/tusb.c.o
                0x100081bc                tu_edpt_claim
 .text.tu_edpt_release
                0x10008210       0x38 CMakeFiles/simple_photo_frame_test.dir/mnt/c/Users/hra/Documents/github/OTHERS/pico-sdk/lib/tinyusb/src/tusb.c.o
                0x10008210                tu_edpt_release
 .text.tu_edpt_validate
                0x10008248       0x64 CMakeFiles/simple_photo_frame_test.dir/mnt/c/Users/hra/Documents/github/OTHERS/pico-sdk/lib/tinyusb/src/tusb.c.o
                0x10008248                tu_edpt_validate
 .text.tu_edpt_bind_driver
                0x100082ac       0x58 CMakeFiles/simple_photo_frame_test.dir/mnt/c/Users/hra/Documents/github/OTHERS/pico-sdk/lib/tinyusb/src/tusb.c.o
                0x100082ac                tu_edpt_bind_driver
 .text.tu_edpt_stream_init
                0x10008304       0x58 CMakeFiles/simple_photo_frame_test.dir/mnt/c/Users/hra/Documents/github/OTHERS/pico-sdk/lib/tinyusb/src/tusb.c.o
                0x10008304                tu_edpt_stream_init
 .text.tu_edpt_stream_deinit
                0x1000835c        0x4 CMakeFiles/simple_photo_frame_test.dir/mnt/c/Users/hra/Documents/github/OTHERS/pico-sdk/lib/tinyusb/src/tusb.c.o
                0x1000835c                tu_edpt_stream_deinit
 .text.tu_edpt_stream_write_zlp_if_needed
                0x10008360       0x68 CMakeFiles/simple_photo_frame_test.dir/mnt/c/Users/hra/Documents/github/OTHERS/pico-sdk/lib/tinyusb/src/tusb.c.o
                0x10008360                tu_edpt_stream_write_zlp_if_needed
 .text.tu_edpt_stream_write_xfer
                0x100083c8       0x70 CMakeFiles/simple_photo_frame_test.dir/mnt/c/Users/hra/Documents/github/OTHERS/pico-sdk/lib/tinyusb/src/tusb.c.o
                0x100083c8                tu_edpt_stream_write_xfer
 .text.tu_edpt_stream_read_xfer
                0x10008438       0xd0 CMakeFiles/simple_photo_frame_test.dir/mnt/c/Users/hra/Documents/github/OTHERS/pico-sdk/lib/tinyusb/src/tusb.c.o
                0x10008438                tu_edpt_stream_read_xfer
 .text.tu_fifo_config
                0x10008508       0x60 CMakeFiles/simple_photo_frame_test.dir/mnt/c/Users/hra/Documents/github/OTHERS/pico-sdk/lib/tinyusb/src/common/tusb_fifo.c.o
                0x10008508                tu_fifo_config
 .text.tu_fifo_count
                0x10008568       0x20 CMakeFiles/simple_photo_frame_test.dir/mnt/c/Users/hra/Documents/github/OTHERS/pico-sdk/lib/tinyusb/src/common/tusb_fifo.c.o
                0x10008568                tu_fifo_count
 .text.tu_fifo_empty
                0x10008588       0x14 CMakeFiles/simple_photo_frame_test.dir/mnt/c/Users/hra/Documents/github/OTHERS/pico-sdk/lib/tinyusb/src/common/tusb_fifo.c.o
                0x10008588                tu_fifo_empty
 .text.tu_fifo_remaining
                0x1000859c       0x24 CMakeFiles/simple_photo_frame_test.dir/mnt/c/Users/hra/Documents/github/OTHERS/pico-sdk/lib/tinyusb/src/common/tusb_fifo.c.o
                0x1000859c                tu_fifo_remaining
 .text.tu_fifo_read
                0x100085c0       0x94 CMakeFiles/simple_photo_frame_test.dir/mnt/c/Users/hra/Documents/github/OTHERS/pico-sdk/lib/tinyusb/src/common/tusb_fifo.c.o
                0x100085c0                tu_fifo_read
 .text.tu_fifo_read_n
                0x10008654       0xd8 CMakeFiles/simple_photo_frame_test.dir/mnt/c/Users/hra/Documents/github/OTHERS/pico-sdk/lib/tinyusb/src/common/tusb_fifo.c.o
                0x10008654                tu_fifo_read_n
 .text.tu_fifo_write
                0x1000872c       0xa0 CMakeFiles/simple_photo_frame_test.dir/mnt/c/Users/hra/Documents/github/OTHERS/pico-sdk/lib/tinyusb/src/common/tusb_fifo.c.o
                0x1000872c                tu_fifo_write
 .text.tu_fifo_write_n
                0x100087cc      0x158 CMakeFiles/simple_photo_frame_test.dir/mnt/c/Users/hra/Documents/github/OTHERS/pico-sdk/lib/tinyusb/src/common/tusb_fifo.c.o
                0x100087cc                tu_fifo_write_n
 .text.tu_fifo_clear
                0x10008924       0x38 CMakeFiles/simple_photo_frame_test.dir/mnt/c/Users/hra/Documents/github/OTHERS/pico-sdk/lib/tinyusb/src/common/tusb_fifo.c.o
                0x10008924                tu_fifo_clear
 .text.tu_fifo_set_overwritable
                0x1000895c       0x3c CMakeFiles/simple_photo_frame_test.dir/mnt/c/Users/hra/Documents/github/OTHERS/pico-sdk/lib/tinyusb/src/common/tusb_fifo.c.o
                0x1000895c                tu_fifo_set_overwritable
 .text.spi_init
                0x10008998       0xf4 CMakeFiles/simple_photo_frame_test.dir/mnt/c/Users/hra/Documents/github/OTHERS/pico-sdk/src/rp2_common/hardware_spi/spi.c.o
                0x10008998                spi_init
 .text.spi_set_baudrate
                0x10008a8c       0x9c CMakeFiles/simple_photo_frame_test.dir/mnt/c/Users/hra/Documents/github/OTHERS/pico-sdk/src/rp2_common/hardware_spi/spi.c.o
                0x10008a8c                spi_set_baudrate
 .text.cyw43_arch_set_async_context
                0x10008b28        0xc CMakeFiles/simple_photo_frame_test.dir/mnt/c/Users/hra/Documents/github/OTHERS/pico-sdk/src/rp2_common/pico_cyw43_arch/cyw43_arch.c.o
                0x10008b28                cyw43_arch_set_async_context
 .text.cyw43_arch_gpio_put
                0x10008b34       0x10 CMakeFiles/simple_photo_frame_test.dir/mnt/c/Users/hra/Documents/github/OTHERS/pico-sdk/src/rp2_common/pico_cyw43_arch/cyw43_arch.c.o
                0x10008b34                cyw43_arch_gpio_put
 .text.cyw43_arch_async_context
                0x10008b44        0xc CMakeFiles/simple_photo_frame_test.dir/mnt/c/Users/hra/Documents/github/OTHERS/pico-sdk/src/rp2_common/pico_cyw43_arch/cyw43_arch.c.o
                0x10008b44                cyw43_arch_async_context
 .text.cyw43_arch_init
                0x10008b50       0x5c CMakeFiles/simple_photo_frame_test.dir/mnt/c/Users/hra/Documents/github/OTHERS/pico-sdk/src/rp2_common/pico_cyw43_arch/cyw43_arch_threadsafe_background.c.o
                0x10008b50                cyw43_arch_init
 .text.ns_delay.constprop.0
                0x10008bac       0x24 CMakeFiles/simple_photo_frame_test.dir/mnt/c/Users/hra/Documents/github/OTHERS/pico-sdk/src/rp2_common/pico_cyw43_driver/cyw43_bus_pio_spi.c.o
 .text.cyw43_spi_deinit
                0x10008bd0       0x6c CMakeFiles/simple_photo_frame_test.dir/mnt/c/Users/hra/Documents/github/OTHERS/pico-sdk/src/rp2_common/pico_cyw43_driver/cyw43_bus_pio_spi.c.o
                0x10008bd0                cyw43_spi_deinit
 .text.cyw43_spi_init
                0x10008c3c      0x128 CMakeFiles/simple_photo_frame_test.dir/mnt/c/Users/hra/Documents/github/OTHERS/pico-sdk/src/rp2_common/pico_cyw43_driver/cyw43_bus_pio_spi.c.o
                0x10008c3c                cyw43_spi_init
 .text.cyw43_spi_transfer
                0x10008d64      0x3a0 CMakeFiles/simple_photo_frame_test.dir/mnt/c/Users/hra/Documents/github/OTHERS/pico-sdk/src/rp2_common/pico_cyw43_driver/cyw43_bus_pio_spi.c.o
                0x10008d64                cyw43_spi_transfer
 .text.cyw43_spi_gpio_setup
                0x10009104       0x40 CMakeFiles/simple_photo_frame_test.dir/mnt/c/Users/hra/Documents/github/OTHERS/pico-sdk/src/rp2_common/pico_cyw43_driver/cyw43_bus_pio_spi.c.o
                0x10009104                cyw43_spi_gpio_setup
 .text.cyw43_spi_reset
                0x10009144       0x30 CMakeFiles/simple_photo_frame_test.dir/mnt/c/Users/hra/Documents/github/OTHERS/pico-sdk/src/rp2_common/pico_cyw43_driver/cyw43_bus_pio_spi.c.o
                0x10009144                cyw43_spi_reset
 .text.read_reg_u32_swap
                0x10009174       0x3c CMakeFiles/simple_photo_frame_test.dir/mnt/c/Users/hra/Documents/github/OTHERS/pico-sdk/src/rp2_common/pico_cyw43_driver/cyw43_bus_pio_spi.c.o
                0x10009174                read_reg_u32_swap
 .text.cyw43_read_reg_u32
                0x100091b0       0x50 CMakeFiles/simple_photo_frame_test.dir/mnt/c/Users/hra/Documents/github/OTHERS/pico-sdk/src/rp2_common/pico_cyw43_driver/cyw43_bus_pio_spi.c.o
                0x100091b0                cyw43_read_reg_u32
 .text.cyw43_read_reg_u16
                0x10009200       0x54 CMakeFiles/simple_photo_frame_test.dir/mnt/c/Users/hra/Documents/github/OTHERS/pico-sdk/src/rp2_common/pico_cyw43_driver/cyw43_bus_pio_spi.c.o
                0x10009200                cyw43_read_reg_u16
 .text.cyw43_read_reg_u8
                0x10009254       0x54 CMakeFiles/simple_photo_frame_test.dir/mnt/c/Users/hra/Documents/github/OTHERS/pico-sdk/src/rp2_common/pico_cyw43_driver/cyw43_bus_pio_spi.c.o
                0x10009254                cyw43_read_reg_u8
 .text.write_reg_u32_swap
                0x100092a8      0x1cc CMakeFiles/simple_photo_frame_test.dir/mnt/c/Users/hra/Documents/github/OTHERS/pico-sdk/src/rp2_common/pico_cyw43_driver/cyw43_bus_pio_spi.c.o
                0x100092a8                write_reg_u32_swap
 .text.cyw43_write_reg_u32
                0x10009474      0x1c8 CMakeFiles/simple_photo_frame_test.dir/mnt/c/Users/hra/Documents/github/OTHERS/pico-sdk/src/rp2_common/pico_cyw43_driver/cyw43_bus_pio_spi.c.o
                0x10009474                cyw43_write_reg_u32
 .text.cyw43_write_reg_u16
                0x1000963c      0x1c8 CMakeFiles/simple_photo_frame_test.dir/mnt/c/Users/hra/Documents/github/OTHERS/pico-sdk/src/rp2_common/pico_cyw43_driver/cyw43_bus_pio_spi.c.o
                0x1000963c                cyw43_write_reg_u16
 .text.cyw43_write_reg_u8
                0x10009804      0x1c8 CMakeFiles/simple_photo_frame_test.dir/mnt/c/Users/hra/Documents/github/OTHERS/pico-sdk/src/rp2_common/pico_cyw43_driver/cyw43_bus_pio_spi.c.o
                0x10009804                cyw43_write_reg_u8
 .text.cyw43_read_bytes
                0x100099cc       0x80 CMakeFiles/simple_photo_frame_test.dir/mnt/c/Users/hra/Documents/github/OTHERS/pico-sdk/src/rp2_common/pico_cyw43_driver/cyw43_bus_pio_spi.c.o
                0x100099cc                cyw43_read_bytes
 .text.cyw43_write_bytes
                0x10009a4c       0xcc CMakeFiles/simple_photo_frame_test.dir/mnt/c/Users/hra/Documents/github/OTHERS/pico-sdk/src/rp2_common/pico_cyw43_driver/cyw43_bus_pio_spi.c.o
                0x10009a4c                cyw43_write_bytes
 .text.cyw43_set_backplane_window
                0x10009b18       0x70 CMakeFiles/simple_photo_frame_test.dir/mnt/c/Users/hra/Documents/github/OTHERS/pico-sdk/lib/cyw43-driver/src/cyw43_ll.c.o
 .text.cyw43_ll_parse_async_event
                0x10009b88      0x10c CMakeFiles/simple_photo_frame_test.dir/mnt/c/Users/hra/Documents/github/OTHERS/pico-sdk/lib/cyw43-driver/src/cyw43_ll.c.o
 .text.cyw43_kso_set
                0x10009c94       0x7c CMakeFiles/simple_photo_frame_test.dir/mnt/c/Users/hra/Documents/github/OTHERS/pico-sdk/lib/cyw43-driver/src/cyw43_ll.c.o
 .text.cyw43_ll_sdpcm_poll_device
                0x10009d10      0x230 CMakeFiles/simple_photo_frame_test.dir/mnt/c/Users/hra/Documents/github/OTHERS/pico-sdk/lib/cyw43-driver/src/cyw43_ll.c.o
 .text.cyw43_sdpcm_send_common
                0x10009f40       0xe8 CMakeFiles/simple_photo_frame_test.dir/mnt/c/Users/hra/Documents/github/OTHERS/pico-sdk/lib/cyw43-driver/src/cyw43_ll.c.o
 .text.cyw43_do_ioctl.part.0
                0x1000a028       0xc0 CMakeFiles/simple_photo_frame_test.dir/mnt/c/Users/hra/Documents/github/OTHERS/pico-sdk/lib/cyw43-driver/src/cyw43_ll.c.o
 .text.cyw43_download_resource
                0x1000a0e8       0xb8 CMakeFiles/simple_photo_frame_test.dir/mnt/c/Users/hra/Documents/github/OTHERS/pico-sdk/lib/cyw43-driver/src/cyw43_ll.c.o
 .text.cyw43_write_iovar_u32.constprop.0
                0x1000a1a0       0x74 CMakeFiles/simple_photo_frame_test.dir/mnt/c/Users/hra/Documents/github/OTHERS/pico-sdk/lib/cyw43-driver/src/cyw43_ll.c.o
 .text.cyw43_write_iovar_n
                0x1000a214       0x80 CMakeFiles/simple_photo_frame_test.dir/mnt/c/Users/hra/Documents/github/OTHERS/pico-sdk/lib/cyw43-driver/src/cyw43_ll.c.o
 .text.cyw43_read_backplane.constprop.0
                0x1000a294       0xe4 CMakeFiles/simple_photo_frame_test.dir/mnt/c/Users/hra/Documents/github/OTHERS/pico-sdk/lib/cyw43-driver/src/cyw43_ll.c.o
 .text.cyw43_write_backplane
                0x1000a378       0xf8 CMakeFiles/simple_photo_frame_test.dir/mnt/c/Users/hra/Documents/github/OTHERS/pico-sdk/lib/cyw43-driver/src/cyw43_ll.c.o
 .text.reset_device_core.constprop.0
                0x1000a470      0x3bc CMakeFiles/simple_photo_frame_test.dir/mnt/c/Users/hra/Documents/github/OTHERS/pico-sdk/lib/cyw43-driver/src/cyw43_ll.c.o
 .text.cyw43_ll_init
                0x1000a82c       0x18 CMakeFiles/simple_photo_frame_test.dir/mnt/c/Users/hra/Documents/github/OTHERS/pico-sdk/lib/cyw43-driver/src/cyw43_ll.c.o
                0x1000a82c                cyw43_ll_init
 .text.cyw43_ll_deinit
                0x1000a844        0x4 CMakeFiles/simple_photo_frame_test.dir/mnt/c/Users/hra/Documents/github/OTHERS/pico-sdk/lib/cyw43-driver/src/cyw43_ll.c.o
                0x1000a844                cyw43_ll_deinit
 .text.cyw43_ll_process_packets
                0x1000a848       0x44 CMakeFiles/simple_photo_frame_test.dir/mnt/c/Users/hra/Documents/github/OTHERS/pico-sdk/lib/cyw43-driver/src/cyw43_ll.c.o
                0x1000a848                cyw43_ll_process_packets
 .text.cyw43_ll_ioctl
                0x1000a88c       0x78 CMakeFiles/simple_photo_frame_test.dir/mnt/c/Users/hra/Documents/github/OTHERS/pico-sdk/lib/cyw43-driver/src/cyw43_ll.c.o
                0x1000a88c                cyw43_ll_ioctl
 .text.cyw43_ll_bus_sleep
                0x1000a904       0x30 CMakeFiles/simple_photo_frame_test.dir/mnt/c/Users/hra/Documents/github/OTHERS/pico-sdk/lib/cyw43-driver/src/cyw43_ll.c.o
                0x1000a904                cyw43_ll_bus_sleep
 .text.cyw43_ll_wifi_get_mac
                0x1000a934       0x78 CMakeFiles/simple_photo_frame_test.dir/mnt/c/Users/hra/Documents/github/OTHERS/pico-sdk/lib/cyw43-driver/src/cyw43_ll.c.o
                0x1000a934                cyw43_ll_wifi_get_mac
 .text.cyw43_ll_bus_init
                0x1000a9ac      0x8b0 CMakeFiles/simple_photo_frame_test.dir/mnt/c/Users/hra/Documents/github/OTHERS/pico-sdk/lib/cyw43-driver/src/cyw43_ll.c.o
                0x1000a9ac                cyw43_ll_bus_init
 .text.cyw43_ll_wifi_set_wpa_auth
                0x1000b25c       0x48 CMakeFiles/simple_photo_frame_test.dir/mnt/c/Users/hra/Documents/github/OTHERS/pico-sdk/lib/cyw43-driver/src/cyw43_ll.c.o
                0x1000b25c                cyw43_ll_wifi_set_wpa_auth
 .text.cyw43_ll_wifi_rejoin
                0x1000b2a4       0x74 CMakeFiles/simple_photo_frame_test.dir/mnt/c/Users/hra/Documents/github/OTHERS/pico-sdk/lib/cyw43-driver/src/cyw43_ll.c.o
                0x1000b2a4                cyw43_ll_wifi_rejoin
 .text.cyw43_ll_gpio_set
                0x1000b318       0x9c CMakeFiles/simple_photo_frame_test.dir/mnt/c/Users/hra/Documents/github/OTHERS/pico-sdk/lib/cyw43-driver/src/cyw43_ll.c.o
                0x1000b318                cyw43_ll_gpio_set
 .text.cyw43_ll_has_work
                0x1000b3b4       0x14 CMakeFiles/simple_photo_frame_test.dir/mnt/c/Users/hra/Documents/github/OTHERS/pico-sdk/lib/cyw43-driver/src/cyw43_ll.c.o
                0x1000b3b4                cyw43_ll_has_work
 .text.cyw43_poll_func
                0x1000b3c8       0xb8 CMakeFiles/simple_photo_frame_test.dir/mnt/c/Users/hra/Documents/github/OTHERS/pico-sdk/lib/cyw43-driver/src/cyw43_ctrl.c.o
 .text.cyw43_init
                0x1000b480       0x5c CMakeFiles/simple_photo_frame_test.dir/mnt/c/Users/hra/Documents/github/OTHERS/pico-sdk/lib/cyw43-driver/src/cyw43_ctrl.c.o
                0x1000b480                cyw43_init
 .text.cyw43_deinit
                0x1000b4dc       0x80 CMakeFiles/simple_photo_frame_test.dir/mnt/c/Users/hra/Documents/github/OTHERS/pico-sdk/lib/cyw43-driver/src/cyw43_ctrl.c.o
                0x1000b4dc                cyw43_deinit
 .text.cyw43_cb_read_host_interrupt_pin
                0x1000b55c        0xc CMakeFiles/simple_photo_frame_test.dir/mnt/c/Users/hra/Documents/github/OTHERS/pico-sdk/lib/cyw43-driver/src/cyw43_ctrl.c.o
                0x1000b55c                cyw43_cb_read_host_interrupt_pin
 .text.cyw43_cb_ensure_awake
                0x1000b568        0xc CMakeFiles/simple_photo_frame_test.dir/mnt/c/Users/hra/Documents/github/OTHERS/pico-sdk/lib/cyw43-driver/src/cyw43_ctrl.c.o
                0x1000b568                cyw43_cb_ensure_awake
 .text.cyw43_cb_process_async_event
                0x1000b574      0x23c CMakeFiles/simple_photo_frame_test.dir/mnt/c/Users/hra/Documents/github/OTHERS/pico-sdk/lib/cyw43-driver/src/cyw43_ctrl.c.o
                0x1000b574                cyw43_cb_process_async_event
 .text.cyw43_gpio_set
                0x1000b7b0       0x98 CMakeFiles/simple_photo_frame_test.dir/mnt/c/Users/hra/Documents/github/OTHERS/pico-sdk/lib/cyw43-driver/src/cyw43_ctrl.c.o
                0x1000b7b0                cyw43_gpio_set
 .text.pio_sm_set_pindirs_with_mask64
                0x1000b848       0x68 CMakeFiles/simple_photo_frame_test.dir/mnt/c/Users/hra/Documents/github/OTHERS/pico-sdk/src/rp2_common/hardware_pio/pio.c.o
                0x1000b848                pio_sm_set_pindirs_with_mask64
 .text.pio_sm_set_consecutive_pindirs
                0x1000b8b0       0x8c CMakeFiles/simple_photo_frame_test.dir/mnt/c/Users/hra/Documents/github/OTHERS/pico-sdk/src/rp2_common/hardware_pio/pio.c.o
                0x1000b8b0                pio_sm_set_consecutive_pindirs
 .text.pio_claim_free_sm_and_add_program_for_gpio_range
                0x1000b93c      0x17c CMakeFiles/simple_photo_frame_test.dir/mnt/c/Users/hra/Documents/github/OTHERS/pico-sdk/src/rp2_common/hardware_pio/pio.c.o
                0x1000b93c                pio_claim_free_sm_and_add_program_for_gpio_range
 .text.pio_remove_program_and_unclaim_sm
                0x1000bab8       0x4c CMakeFiles/simple_photo_frame_test.dir/mnt/c/Users/hra/Documents/github/OTHERS/pico-sdk/src/rp2_common/hardware_pio/pio.c.o
                0x1000bab8                pio_remove_program_and_unclaim_sm
 .text.dma_channel_unclaim
                0x1000bb04        0xc CMakeFiles/simple_photo_frame_test.dir/mnt/c/Users/hra/Documents/github/OTHERS/pico-sdk/src/rp2_common/hardware_dma/dma.c.o
                0x1000bb04                dma_channel_unclaim
 .text.dma_claim_unused_channel
                0x1000bb10       0x20 CMakeFiles/simple_photo_frame_test.dir/mnt/c/Users/hra/Documents/github/OTHERS/pico-sdk/src/rp2_common/hardware_dma/dma.c.o
                0x1000bb10                dma_claim_unused_channel
 .text.dma_channel_cleanup
                0x1000bb30       0x50 CMakeFiles/simple_photo_frame_test.dir/mnt/c/Users/hra/Documents/github/OTHERS/pico-sdk/src/rp2_common/hardware_dma/dma.c.o
                0x1000bb30                dma_channel_cleanup
 .text.cyw43_sleep_timeout_reached
                0x1000bb80        0xc CMakeFiles/simple_photo_frame_test.dir/mnt/c/Users/hra/Documents/github/OTHERS/pico-sdk/src/rp2_common/pico_cyw43_driver/cyw43_driver.c.o
 .text.cyw43_irq_init
                0x1000bb8c       0x28 CMakeFiles/simple_photo_frame_test.dir/mnt/c/Users/hra/Documents/github/OTHERS/pico-sdk/src/rp2_common/pico_cyw43_driver/cyw43_driver.c.o
                0x1000bb8c                cyw43_irq_init
 .text.cyw43_irq_deinit
                0x1000bbb4       0x20 CMakeFiles/simple_photo_frame_test.dir/mnt/c/Users/hra/Documents/github/OTHERS/pico-sdk/src/rp2_common/pico_cyw43_driver/cyw43_driver.c.o
                0x1000bbb4                cyw43_irq_deinit
 .text.cyw43_gpio_irq_handler
                0x1000bbd4       0x44 CMakeFiles/simple_photo_frame_test.dir/mnt/c/Users/hra/Documents/github/OTHERS/pico-sdk/src/rp2_common/pico_cyw43_driver/cyw43_driver.c.o
 .text.cyw43_do_poll
                0x1000bc18       0x70 CMakeFiles/simple_photo_frame_test.dir/mnt/c/Users/hra/Documents/github/OTHERS/pico-sdk/src/rp2_common/pico_cyw43_driver/cyw43_driver.c.o
 .text.cyw43_post_poll_hook
                0x1000bc88        0xc CMakeFiles/simple_photo_frame_test.dir/mnt/c/Users/hra/Documents/github/OTHERS/pico-sdk/src/rp2_common/pico_cyw43_driver/cyw43_driver.c.o
                0x1000bc88                cyw43_post_poll_hook
 .text.cyw43_schedule_internal_poll_dispatch
                0x1000bc94       0x14 CMakeFiles/simple_photo_frame_test.dir/mnt/c/Users/hra/Documents/github/OTHERS/pico-sdk/src/rp2_common/pico_cyw43_driver/cyw43_driver.c.o
                0x1000bc94                cyw43_schedule_internal_poll_dispatch
 .text.cyw43_driver_init
                0x1000bca8       0x38 CMakeFiles/simple_photo_frame_test.dir/mnt/c/Users/hra/Documents/github/OTHERS/pico-sdk/src/rp2_common/pico_cyw43_driver/cyw43_driver.c.o
                0x1000bca8                cyw43_driver_init
 .text.cyw43_driver_deinit
                0x1000bce0       0x48 CMakeFiles/simple_photo_frame_test.dir/mnt/c/Users/hra/Documents/github/OTHERS/pico-sdk/src/rp2_common/pico_cyw43_driver/cyw43_driver.c.o
                0x1000bce0                cyw43_driver_deinit
 .text.cyw43_hal_generate_laa_mac
                0x1000bd28       0x28 CMakeFiles/simple_photo_frame_test.dir/mnt/c/Users/hra/Documents/github/OTHERS/pico-sdk/src/rp2_common/pico_cyw43_driver/cyw43_driver.c.o
                0x1000bd28                cyw43_hal_generate_laa_mac
 .text.cyw43_thread_enter
                0x1000bd50       0x10 CMakeFiles/simple_photo_frame_test.dir/mnt/c/Users/hra/Documents/github/OTHERS/pico-sdk/src/rp2_common/pico_cyw43_driver/cyw43_driver.c.o
                0x1000bd50                cyw43_thread_enter
 .text.cyw43_thread_exit
                0x1000bd60       0x10 CMakeFiles/simple_photo_frame_test.dir/mnt/c/Users/hra/Documents/github/OTHERS/pico-sdk/src/rp2_common/pico_cyw43_driver/cyw43_driver.c.o
                0x1000bd60                cyw43_thread_exit
 .text.cyw43_await_background_or_timeout_us
                0x1000bd70       0x6c CMakeFiles/simple_photo_frame_test.dir/mnt/c/Users/hra/Documents/github/OTHERS/pico-sdk/src/rp2_common/pico_cyw43_driver/cyw43_driver.c.o
                0x1000bd70                cyw43_await_background_or_timeout_us
 .text.cyw43_delay_ms
                0x1000bddc       0x40 CMakeFiles/simple_photo_frame_test.dir/mnt/c/Users/hra/Documents/github/OTHERS/pico-sdk/src/rp2_common/pico_cyw43_driver/cyw43_driver.c.o
                0x1000bddc                cyw43_delay_ms
 .text.cyw43_cb_tcpip_deinit
                0x1000be1c        0x4 CMakeFiles/simple_photo_frame_test.dir/mnt/c/Users/hra/Documents/github/OTHERS/pico-sdk/src/rp2_common/pico_cyw43_driver/cyw43_driver.c.o
                0x1000be1c                cyw43_cb_tcpip_deinit
 .text.cyw43_cb_tcpip_set_link_up
                0x1000be20        0xc CMakeFiles/simple_photo_frame_test.dir/mnt/c/Users/hra/Documents/github/OTHERS/pico-sdk/src/rp2_common/pico_cyw43_driver/cyw43_driver.c.o
                0x1000be20                cyw43_cb_tcpip_set_link_up
 .text.cyw43_cb_tcpip_set_link_down
                0x1000be2c        0xc CMakeFiles/simple_photo_frame_test.dir/mnt/c/Users/hra/Documents/github/OTHERS/pico-sdk/src/rp2_common/pico_cyw43_driver/cyw43_driver.c.o
                0x1000be2c                cyw43_cb_tcpip_set_link_down
 .text.cyw43_cb_process_ethernet
                0x1000be38        0xc CMakeFiles/simple_photo_frame_test.dir/mnt/c/Users/hra/Documents/github/OTHERS/pico-sdk/src/rp2_common/pico_cyw43_driver/cyw43_driver.c.o
                0x1000be38                cyw43_cb_process_ethernet
 .text.async_context_threadsafe_background_acquire_lock_blocking
                0x1000be44        0x8 CMakeFiles/simple_photo_frame_test.dir/mnt/c/Users/hra/Documents/github/OTHERS/pico-sdk/src/rp2_common/pico_async_context/async_context_threadsafe_background.c.o
 .text.alarm_handler
                0x1000be4c       0x20 CMakeFiles/simple_photo_frame_test.dir/mnt/c/Users/hra/Documents/github/OTHERS/pico-sdk/src/rp2_common/pico_async_context/async_context_threadsafe_background.c.o
 .text.async_context_threadsafe_background_set_work_pending
                0x1000be6c       0x1c CMakeFiles/simple_photo_frame_test.dir/mnt/c/Users/hra/Documents/github/OTHERS/pico-sdk/src/rp2_common/pico_async_context/async_context_threadsafe_background.c.o
 .text.process_under_lock
                0x1000be88       0xb0 CMakeFiles/simple_photo_frame_test.dir/mnt/c/Users/hra/Documents/github/OTHERS/pico-sdk/src/rp2_common/pico_async_context/async_context_threadsafe_background.c.o
 .text.async_context_threadsafe_background_execute_sync
                0x1000bf38       0x3c CMakeFiles/simple_photo_frame_test.dir/mnt/c/Users/hra/Documents/github/OTHERS/pico-sdk/src/rp2_common/pico_async_context/async_context_threadsafe_background.c.o
                0x1000bf38                async_context_threadsafe_background_execute_sync
 .text.async_context_threadsafe_background_deinit
                0x1000bf74       0x5c CMakeFiles/simple_photo_frame_test.dir/mnt/c/Users/hra/Documents/github/OTHERS/pico-sdk/src/rp2_common/pico_async_context/async_context_threadsafe_background.c.o
 .text.low_priority_irq_handler
                0x1000bfd0       0x40 CMakeFiles/simple_photo_frame_test.dir/mnt/c/Users/hra/Documents/github/OTHERS/pico-sdk/src/rp2_common/pico_async_context/async_context_threadsafe_background.c.o
 .text.async_context_threadsafe_background_wait_for_work_until
                0x1000c010        0x8 CMakeFiles/simple_photo_frame_test.dir/mnt/c/Users/hra/Documents/github/OTHERS/pico-sdk/src/rp2_common/pico_async_context/async_context_threadsafe_background.c.o
 .text.async_context_threadsafe_background_wait_until
                0x1000c018       0x14 CMakeFiles/simple_photo_frame_test.dir/mnt/c/Users/hra/Documents/github/OTHERS/pico-sdk/src/rp2_common/pico_async_context/async_context_threadsafe_background.c.o
 .text.async_context_threadsafe_background_lock_check
                0x1000c02c       0x24 CMakeFiles/simple_photo_frame_test.dir/mnt/c/Users/hra/Documents/github/OTHERS/pico-sdk/src/rp2_common/pico_async_context/async_context_threadsafe_background.c.o
 .text.async_context_threadsafe_background_release_lock
                0x1000c050       0x28 CMakeFiles/simple_photo_frame_test.dir/mnt/c/Users/hra/Documents/github/OTHERS/pico-sdk/src/rp2_common/pico_async_context/async_context_threadsafe_background.c.o
 .text.async_context_threadsafe_background_add_at_time_worker
                0x1000c078       0x3c CMakeFiles/simple_photo_frame_test.dir/mnt/c/Users/hra/Documents/github/OTHERS/pico-sdk/src/rp2_common/pico_async_context/async_context_threadsafe_background.c.o
 .text.async_context_threadsafe_background_remove_at_time_worker
                0x1000c0b4       0x3c CMakeFiles/simple_photo_frame_test.dir/mnt/c/Users/hra/Documents/github/OTHERS/pico-sdk/src/rp2_common/pico_async_context/async_context_threadsafe_background.c.o
 .text.async_context_threadsafe_background_add_when_pending_worker
                0x1000c0f0       0x3c CMakeFiles/simple_photo_frame_test.dir/mnt/c/Users/hra/Documents/github/OTHERS/pico-sdk/src/rp2_common/pico_async_context/async_context_threadsafe_background.c.o
 .text.async_context_threadsafe_background_when_pending_worker
                0x1000c12c       0x3c CMakeFiles/simple_photo_frame_test.dir/mnt/c/Users/hra/Documents/github/OTHERS/pico-sdk/src/rp2_common/pico_async_context/async_context_threadsafe_background.c.o
 .text.async_context_threadsafe_background_default_config
                0x1000c168        0xc CMakeFiles/simple_photo_frame_test.dir/mnt/c/Users/hra/Documents/github/OTHERS/pico-sdk/src/rp2_common/pico_async_context/async_context_threadsafe_background.c.o
                0x1000c168                async_context_threadsafe_background_default_config
 .text.async_context_threadsafe_background_init
                0x1000c174       0x8c CMakeFiles/simple_photo_frame_test.dir/mnt/c/Users/hra/Documents/github/OTHERS/pico-sdk/src/rp2_common/pico_async_context/async_context_threadsafe_background.c.o
                0x1000c174                async_context_threadsafe_background_init
 .text.async_context_base_add_at_time_worker
                0x1000c200       0x24 CMakeFiles/simple_photo_frame_test.dir/mnt/c/Users/hra/Documents/github/OTHERS/pico-sdk/src/rp2_common/pico_async_context/async_context_base.c.o
                0x1000c200                async_context_base_add_at_time_worker
 .text.async_context_base_remove_at_time_worker
                0x1000c224       0x28 CMakeFiles/simple_photo_frame_test.dir/mnt/c/Users/hra/Documents/github/OTHERS/pico-sdk/src/rp2_common/pico_async_context/async_context_base.c.o
                0x1000c224                async_context_base_remove_at_time_worker
 .text.async_context_base_add_when_pending_worker
                0x1000c24c       0x20 CMakeFiles/simple_photo_frame_test.dir/mnt/c/Users/hra/Documents/github/OTHERS/pico-sdk/src/rp2_common/pico_async_context/async_context_base.c.o
                0x1000c24c                async_context_base_add_when_pending_worker
 .text.async_context_base_remove_when_pending_worker
                0x1000c26c       0x24 CMakeFiles/simple_photo_frame_test.dir/mnt/c/Users/hra/Documents/github/OTHERS/pico-sdk/src/rp2_common/pico_async_context/async_context_base.c.o
                0x1000c26c                async_context_base_remove_when_pending_worker
 .text.async_context_base_execute_once
                0x1000c290       0xd8 CMakeFiles/simple_photo_frame_test.dir/mnt/c/Users/hra/Documents/github/OTHERS/pico-sdk/src/rp2_common/pico_async_context/async_context_base.c.o
                0x1000c290                async_context_base_execute_once
 .text          0x1000c368       0x50 /usr/lib/gcc/arm-none-eabi/13.2.1/../../../arm-none-eabi/lib/thumb/v8-m.main+fp/softfp/libg.a(libc_a-rand.o)
                0x1000c368                srand
                0x1000c378                rand
 .text          0x1000c3b8       0xa4 /usr/lib/gcc/arm-none-eabi/13.2.1/../../../arm-none-eabi/lib/thumb/v8-m.main+fp/softfp/libg.a(libc_a-memset.o)
                0x1000c3b8                memset
 .text          0x1000c45c       0xd0 /usr/lib/gcc/arm-none-eabi/13.2.1/../../../arm-none-eabi/lib/thumb/v8-m.main+fp/softfp/libg.a(libc_a-strchr.o)
                0x1000c45c                strchr
 .text          0x1000c52c       0x80 /usr/lib/gcc/arm-none-eabi/13.2.1/../../../arm-none-eabi/lib/thumb/v8-m.main+fp/softfp/libg.a(libc_a-strncmp.o)
                0x1000c52c                strncmp
 .text          0x1000c5ac      0x100 /usr/lib/gcc/arm-none-eabi/13.2.1/../../../arm-none-eabi/lib/thumb/v8-m.main+fp/softfp/libg.a(libc_a-memmove.o)
                0x1000c5ac                memmove
 .text          0x1000c6ac       0x5c /usr/lib/gcc/arm-none-eabi/13.2.1/../../../arm-none-eabi/lib/thumb/v8-m.main+fp/softfp/libg.a(libc_a-memcmp.o)
                0x1000c6ac                memcmp
 .text          0x1000c708       0xec /usr/lib/gcc/arm-none-eabi/13.2.1/../../../arm-none-eabi/lib/thumb/v8-m.main+fp/softfp/libg.a(libc_a-memcpy.o)
                0x1000c708                memcpy
 .text          0x1000c7f4        0xc /usr/lib/gcc/arm-none-eabi/13.2.1/../../../arm-none-eabi/lib/thumb/v8-m.main+fp/softfp/libg.a(libc_a-atexit.o)
                0x1000c7f4                atexit
 .text          0x1000c800       0x5c /usr/lib/gcc/arm-none-eabi/13.2.1/../../../arm-none-eabi/lib/thumb/v8-m.main+fp/softfp/libg.a(libc_a-strlen-stub.o)
                0x1000c800                strlen
 .text          0x1000c85c       0x28 /usr/lib/gcc/arm-none-eabi/13.2.1/../../../arm-none-eabi/lib/thumb/v8-m.main+fp/softfp/libg.a(libc_a-fini.o)
                0x1000c85c                __libc_fini_array
 .text          0x1000c884       0x64 /usr/lib/gcc/arm-none-eabi/13.2.1/../../../arm-none-eabi/lib/thumb/v8-m.main+fp/softfp/libg.a(libc_a-__atexit.o)
                0x1000c884                __register_exitproc
 .text.startup  0x1000c8e8       0x14 /usr/lib/gcc/arm-none-eabi/13.2.1/../../../arm-none-eabi/lib/thumb/v8-m.main+fp/softfp/libg.a(libc_a-__call_atexit.o)
 *(.fini)
 .fini          0x1000c8fc        0x4 /usr/lib/gcc/arm-none-eabi/13.2.1/thumb/v8-m.main+fp/softfp/crti.o
                0x1000c8fc                _fini
 .fini.__stub   0x1000c900       0x90 linker stubs
 *crtbegin.o(.ctors)
 *crtbegin?.o(.ctors)
 *(EXCLUDE_FILE(*crtend.o *crtend?.o) .ctors)