Archive member included to satisfy reference by file (symbol)

/usr/lib/gcc/arm-none-eabi/13.2.1/../../../arm-none-eabi/lib/thumb/v8-m.main+fp/softfp/libm.a(libm_a-wf_sqrt.o)
                              CMakeFiles/simple_photo_frame.dir/mnt/c/Users/hra/Documents/github/OTHERS/pico-sdk/src/rp2_common/pico_float/float_math.c.o (sqrtf)
/usr/lib/gcc/arm-none-eabi/13.2.1/../../../arm-none-eabi/lib/thumb/v8-m.main+fp/softfp/libm.a(libm_a-ef_sqrt.o)
                              /usr/lib/gcc/arm-none-eabi/13.2.1/../../../arm-none-eabi/lib/thumb/v8-m.main+fp/softfp/libm.a(libm_a-wf_sqrt.o) (__ieee754_sqrtf)
/usr/lib/gcc/arm-none-eabi/13.2.1/thumb/v8-m.main+fp/softfp/libgcc.a(_arm_addsubdf3.o)
                              CMakeFiles/simple_photo_frame.dir/mnt/c/Users/hra/Documents/github/OTHERS/pico-sdk/src/rp2_common/pico_float/float_math.c.o (__aeabi_f2d)
/usr/lib/gcc/arm-none-eabi/13.2.1/thumb/v8-m.main+fp/softfp/libgcc.a(_aeabi_ldivmod.o)
                              CMakeFiles/simple_photo_frame.dir/mnt/c/Users/hra/Documents/github/OTHERS/pico-sdk/src/common/pico_time/time.c.o (__aeabi_ldivmod)
/usr/lib/gcc/arm-none-eabi/13.2.1/thumb/v8-m.main+fp/softfp/libgcc.a(_aeabi_uldivmod.o)
                              CMakeFiles/simple_photo_frame.dir/mnt/c/Users/hra/Documents/github/OTHERS/pico-sdk/src/rp2_common/hardware_clocks/clocks.c.o (__aeabi_uldivmod)
/usr/lib/gcc/arm-none-eabi/13.2.1/thumb/v8-m.main+fp/softfp/libgcc.a(_udivmoddi4.o)
                              /usr/lib/gcc/arm-none-eabi/13.2.1/thumb/v8-m.main+fp/softfp/libgcc.a(_aeabi_ldivmod.o) (__udivmoddi4)
/usr/lib/gcc/arm-none-eabi/13.2.1/thumb/v8-m.main+fp/softfp/libgcc.a(_dvmd_tls.o)
                              /usr/lib/gcc/arm-none-eabi/13.2.1/thumb/v8-m.main+fp/softfp/libgcc.a(_aeabi_ldivmod.o) (__aeabi_ldiv0)
/usr/lib/gcc/arm-none-eabi/13.2.1/../../../arm-none-eabi/lib/thumb/v8-m.main+fp/softfp/libg.a(libc_a-rand.o)
                              CMakeFiles/simple_photo_frame.dir/simple_photo_frame.c.o (rand)
/usr/lib/gcc/arm-none-eabi/13.2.1/../../../arm-none-eabi/lib/thumb/v8-m.main+fp/softfp/libg.a(libc_a-memset.o)
                              /usr/lib/gcc/arm-none-eabi/13.2.1/../../../arm-none-eabi/lib/thumb/v8-m.main+fp/softfp/crt0.o (memset)
/usr/lib/gcc/arm-none-eabi/13.2.1/../../../arm-none-eabi/lib/thumb/v8-m.main+fp/softfp/libg.a(libc_a-strchr.o)
                              CMakeFiles/simple_photo_frame.dir/mnt/c/Users/hra/Documents/github/OTHERS/pico-sdk/lib/tinyusb/lib/fatfs/source/ff.c.o (strchr)
/usr/lib/gcc/arm-none-eabi/13.2.1/../../../arm-none-eabi/lib/thumb/v8-m.main+fp/softfp/libg.a(libc_a-strcmp.o)
                              CMakeFiles/simple_photo_frame.dir/simple_photo_frame.c.o (strcmp)
/usr/lib/gcc/arm-none-eabi/13.2.1/../../../arm-none-eabi/lib/thumb/v8-m.main+fp/softfp/libg.a(libc_a-strncmp.o)
                              CMakeFiles/simple_photo_frame.dir/mnt/c/Users/hra/Documents/github/OTHERS/pico-sdk/lib/cyw43-driver/src/cyw43_ll.c.o (strncmp)
/usr/lib/gcc/arm-none-eabi/13.2.1/../../../arm-none-eabi/lib/thumb/v8-m.main+fp/softfp/libg.a(libc_a-stpcpy.o)
                              CMakeFiles/simple_photo_frame.dir/simple_photo_frame.c.o (stpcpy)
/usr/lib/gcc/arm-none-eabi/13.2.1/../../../arm-none-eabi/lib/thumb/v8-m.main+fp/softfp/libg.a(libc_a-memmove.o)
                              CMakeFiles/simple_photo_frame.dir/mnt/c/Users/hra/Documents/github/OTHERS/pico-sdk/lib/cyw43-driver/src/cyw43_ll.c.o (memmove)
/usr/lib/gcc/arm-none-eabi/13.2.1/../../../arm-none-eabi/lib/thumb/v8-m.main+fp/softfp/libg.a(libc_a-calloc.o)
                              CMakeFiles/simple_photo_frame.dir/mnt/c/Users/hra/Documents/github/OTHERS/pico-sdk/src/rp2_common/pico_malloc/malloc.c.o (calloc)
/usr/lib/gcc/arm-none-eabi/13.2.1/../../../arm-none-eabi/lib/thumb/v8-m.main+fp/softfp/libg.a(libc_a-errno.o)
                              /usr/lib/gcc/arm-none-eabi/13.2.1/../../../arm-none-eabi/lib/thumb/v8-m.main+fp/softfp/libm.a(libm_a-wf_sqrt.o) (__errno)
/usr/lib/gcc/arm-none-eabi/13.2.1/../../../arm-none-eabi/lib/thumb/v8-m.main+fp/softfp/libg.a(libc_a-impure.o)
                              /usr/lib/gcc/arm-none-eabi/13.2.1/../../../arm-none-eabi/lib/thumb/v8-m.main+fp/softfp/libg.a(libc_a-rand.o) (_impure_ptr)
/usr/lib/gcc/arm-none-eabi/13.2.1/../../../arm-none-eabi/lib/thumb/v8-m.main+fp/softfp/libg.a(libc_a-callocr.o)
                              /usr/lib/gcc/arm-none-eabi/13.2.1/../../../arm-none-eabi/lib/thumb/v8-m.main+fp/softfp/libg.a(libc_a-calloc.o) (_calloc_r)
/usr/lib/gcc/arm-none-eabi/13.2.1/../../../arm-none-eabi/lib/thumb/v8-m.main+fp/softfp/libg.a(libc_a-realloc.o)
                              CMakeFiles/simple_photo_frame.dir/mnt/c/Users/hra/Documents/github/OTHERS/pico-sdk/src/rp2_common/pico_malloc/malloc.c.o (realloc)
/usr/lib/gcc/arm-none-eabi/13.2.1/../../../arm-none-eabi/lib/thumb/v8-m.main+fp/softfp/libg.a(libc_a-mallocr.o)
[...]
Memory Configuration

Name             Origin             Length             Attributes
FLASH            0x10000000         0x00400000         xr
RAM              0x20000000         0x00080000         xrw
SCRATCH_X        0x20080000         0x00001000         xrw
SCRATCH_Y        0x20081000         0x00001000         xrw
*default*        0x00000000         0xffffffff

Linker script and memory map

LOAD /usr/lib/gcc/arm-none-eabi/13.2.1/thumb/v8-m.main+fp/softfp/crti.o
LOAD /usr/lib/gcc/arm-none-eabi/13.2.1/thumb/v8-m.main+fp/softfp/crtbegin.o
LOAD /usr/lib/gcc/arm-none-eabi/13.2.1/../../../arm-none-eabi/lib/thumb/v8-m.main+fp/softfp/crt0.o

.flash_begin    0x10000000        0x0
                0x10000000                        __flash_binary_start = .

.text           0x10000000    0x101cc
                0x10000000                        __logical_binary_start = .
 *(.vectors)
 .vectors       0x10000000      0x124 CMakeFiles/simple_photo_frame.dir/mnt/c/Users/hra/Documents/github/OTHERS/pico-sdk/src/rp2_common/pico_crt0/crt0.S.o
                0x10000000                __vectors
                0x10000000                __VECTOR_TABLE
                0x10000110                isr_securefault
                0x10000110                isr_irq30
                0x10000110                __unhandled_user_irq
                0x10000110                isr_irq49
                0x10000110                isr_irq13
                0x10000110                isr_irq43
                0x10000110                isr_irq45
                0x10000110                isr_irq27
                0x10000110                isr_irq32
                0x10000110                isr_irq31
                0x10000110                isr_irq5
                0x10000110                isr_irq11
                0x10000110                isr_irq23
                0x10000110                isr_usagefault
                0x10000110                isr_irq48
                0x10000110                isr_irq35
                0x10000110                isr_irq18
                0x10000110                isr_irq50
                0x10000110                isr_irq40
                0x10000110                isr_irq28
                0x10000110                isr_irq19
                0x10000110                isr_irq36
                0x10000110                isr_irq41
                0x10000110                isr_irq0
                0x10000110                isr_irq6
                0x10000110                isr_memmanage
                0x10000110                isr_irq37
                0x10000110                isr_irq42
                0x10000110                isr_irq22
                0x10000110                isr_irq17
                0x10000110                isr_irq38
                0x10000110                isr_irq14
                0x10000110                __vectors_end
                0x10000110                __default_isrs_start
                0x10000110                isr_irq2
                0x10000110                isr_irq10
                0x10000110                isr_irq8
                0x10000110                isr_debugmonitor
                0x10000110                isr_irq24
                0x10000110                isr_irq46
                0x10000110                isr_irq1
                0x10000110                isr_irq47
                0x10000110                isr_irq51
                0x10000110                isr_irq7
                0x10000110                isr_irq21
                0x10000110                isr_irq39
                0x10000110                isr_irq20
                0x10000110                isr_irq15
                0x10000110                isr_irq25
                0x10000110                isr_irq34
                0x10000110                isr_irq4
                0x10000110                isr_busfault
                0x10000110                isr_irq16
                0x10000110                isr_irq44
                0x10000110                isr_irq29
                0x10000110                isr_irq26
                0x10000110                isr_irq33
                0x10000110                isr_irq3
                0x10000110                isr_irq12
                0x10000110                isr_irq9
                0x10000116                unhandled_user_irq_num_in_r0
                0x10000118                isr_invalid
                0x1000011a                isr_nmi
                0x1000011c                isr_hardfault
                0x1000011e                isr_svcall
                0x10000120                isr_pendsv
                0x10000122                isr_systick
                0x10000124                __default_isrs_end
 *(.binary_info_header)
 .binary_info_header
                0x10000124       0x14 CMakeFiles/simple_photo_frame.dir/mnt/c/Users/hra/Documents/github/OTHERS/pico-sdk/src/rp2_common/pico_crt0/crt0.S.o
                0x10000138                        __binary_info_header_end = .
 *(.embedded_block)
 .embedded_block
                0x10000138       0x14 CMakeFiles/simple_photo_frame.dir/mnt/c/Users/hra/Documents/github/OTHERS/pico-sdk/src/rp2_common/pico_crt0/crt0.S.o
                0x1000014c                        __embedded_block_end = .
 *(.reset)
 .reset         0x1000014c       0x98 CMakeFiles/simple_photo_frame.dir/mnt/c/Users/hra/Documents/github/OTHERS/pico-sdk/src/rp2_common/pico_crt0/crt0.S.o
                0x1000014c                _entry_point
 *(.init)
 .init          0x100001e4        0x4 /usr/lib/gcc/arm-none-eabi/13.2.1/thumb/v8-m.main+fp/softfp/crti.o
                0x100001e4                _init
 *libgcc.a:cmse_nonsecure_call.o()
 *(EXCLUDE_FILE(*libm.a: *libc.a:*lib_a-mem*.o *libgcc.a:) .text*)
 .text          0x100001e8       0x8c /usr/lib/gcc/arm-none-eabi/13.2.1/thumb/v8-m.main+fp/softfp/crtbegin.o
 .text.load_photo_file_list
                0x10000274      0x1fc CMakeFiles/simple_photo_frame.dir/simple_photo_frame.c.o
 .text.jpeg_render_callback
                0x10000470       0xfc CMakeFiles/simple_photo_frame.dir/simple_photo_frame.c.o
 .text.boxfill_test
                0x1000056c       0xcc CMakeFiles/simple_photo_frame.dir/simple_photo_frame.c.o
                0x1000056c                boxfill_test
 .text.resizer_test
                0x10000638       0xac CMakeFiles/simple_photo_frame.dir/simple_photo_frame.c.o
                0x10000638                resizer_test
 .text.startup.main
                0x100006e4      0x380 CMakeFiles/simple_photo_frame.dir/simple_photo_frame.c.o
                0x100006e4                main
 .text.lcd_console_init
                0x10000a64       0x58 CMakeFiles/simple_photo_frame.dir/lcd_console.c.o
                0x10000a64                lcd_console_init
 .text.lcd_printf
                0x10000abc      0x2e4 CMakeFiles/simple_photo_frame.dir/lcd_console.c.o
                0x10000abc                lcd_printf
 .text.sd_rcvr_datablock
                0x10000da0       0xbc CMakeFiles/simple_photo_frame.dir/sdcard.c.o
 .text.sd_select_card
                0x10000e5c       0xb8 CMakeFiles/simple_photo_frame.dir/sdcard.c.o
 .text.sd_send_cmd
                0x10000f14      0x15c CMakeFiles/simple_photo_frame.dir/sdcard.c.o
 .text.disk_initialize
                0x10001070      0x398 CMakeFiles/simple_photo_frame.dir/sdcard.c.o
                0x10001070                disk_initialize
 .text.disk_status
                0x10001408       0x14 CMakeFiles/simple_photo_frame.dir/sdcard.c.o
                0x10001408                disk_status
 .text.disk_read
                0x1000141c       0xb8 CMakeFiles/simple_photo_frame.dir/sdcard.c.o
                0x1000141c                disk_read
 .text.disk_write
                0x100014d4        0x4 CMakeFiles/simple_photo_frame.dir/sdcard.c.o
                0x100014d4                disk_write
 .text.disk_ioctl
                0x100014d8      0x13c CMakeFiles/simple_photo_frame.dir/sdcard.c.o
                0x100014d8                disk_ioctl
 .text.sdcard_init_and_mount
                0x10001614       0x64 CMakeFiles/simple_photo_frame.dir/sdcard.c.o
                0x10001614                sdcard_init_and_mount
 .text.sdcard_print_root_directory
                0x10001678       0x80 CMakeFiles/simple_photo_frame.dir/sdcard.c.o
                0x10001678                sdcard_print_root_directory
 .text.jpeg_output_func
                0x100016f8       0x2c CMakeFiles/simple_photo_frame.dir/jpeg_decoder.c.o
 .text.jpeg_input_func
                0x10001724       0x34 CMakeFiles/simple_photo_frame.dir/jpeg_decoder.c.o
 .text.jpeg_probe_file
                0x10001758       0xa0 CMakeFiles/simple_photo_frame.dir/jpeg_decoder.c.o
                0x10001758                jpeg_probe_file
 .text.jpeg_decode_file
                0x100017f8       0xe4 CMakeFiles/simple_photo_frame.dir/jpeg_decoder.c.o
                0x100017f8                jpeg_decode_file
 .text.bitext   0x100018dc       0xb8 CMakeFiles/simple_photo_frame.dir/tjpgd.c.o
 .text.jd_prepare
                0x10001994      0x690 CMakeFiles/simple_photo_frame.dir/tjpgd.c.o
                0x10001994                jd_prepare
 .text.jd_decomp
                0x10002024      0xebc CMakeFiles/simple_photo_frame.dir/tjpgd.c.o
                0x10002024                jd_decomp
 .text.fpga_wait_ready.isra.0
                0x10002ee0       0xa8 CMakeFiles/simple_photo_frame.dir/fpga_io.c.o
 .text.fpga_io_init
                0x10002f88       0x7c CMakeFiles/simple_photo_frame.dir/fpga_io.c.o
                0x10002f88                fpga_io_init
 .text.fpga_outport
                0x10003004       0x70 CMakeFiles/simple_photo_frame.dir/fpga_io.c.o
                0x10003004                fpga_outport
 .text.fpga_inport
                0x10003074      0x118 CMakeFiles/simple_photo_frame.dir/fpga_io.c.o
                0x10003074                fpga_inport
 .text.vram_set_address
                0x1000318c       0x1c CMakeFiles/simple_photo_frame.dir/vram_accessor.c.o
                0x1000318c                vram_set_address
 .text.vram_burst_write
                0x100031a8        0x8 CMakeFiles/simple_photo_frame.dir/vram_accessor.c.o
                0x100031a8                vram_burst_write
 .text.vram_write
                0x100031b0       0x24 CMakeFiles/simple_photo_frame.dir/vram_accessor.c.o
                0x100031b0                vram_write
 .text.vram_burst_read
                0x100031d4        0x8 CMakeFiles/simple_photo_frame.dir/vram_accessor.c.o
                0x100031d4                vram_burst_read
 .text.vram_flush
                0x100031dc        0x8 CMakeFiles/simple_photo_frame.dir/vram_accessor.c.o
                0x100031dc                vram_flush
 .text.display_enable
                0x100031e4        0x8 CMakeFiles/simple_photo_frame.dir/display_controller.c.o
                0x100031e4                display_enable
 .text.display_wait_complete
                0x100031ec       0xc0 CMakeFiles/simple_photo_frame.dir/display_controller.c.o
                0x100031ec                display_wait_complete
 .text.display_wait_frame_sync
                0x100032ac       0x74 CMakeFiles/simple_photo_frame.dir/display_controller.c.o
                0x100032ac                display_wait_frame_sync
 .text.display_set_frame_address
                0x10003320       0x1c CMakeFiles/simple_photo_frame.dir/display_controller.c.o
                0x10003320                display_set_frame_address
 .text.graphic1_set_frame_address
                0x1000333c       0x1c CMakeFiles/simple_photo_frame.dir/display_controller.c.o
                0x1000333c                graphic1_set_frame_address
 .text.graphic2_set_source_frame_address
                0x10003358       0x1c CMakeFiles/simple_photo_frame.dir/display_controller.c.o
                0x10003358                graphic2_set_source_frame_address
 .text.graphic2_set_destination_frame_address
                0x10003374       0x1c CMakeFiles/simple_photo_frame.dir/display_controller.c.o
                0x10003374                graphic2_set_destination_frame_address
 .text.graphic1_fill_rectangle
                0x10003390       0xc0 CMakeFiles/simple_photo_frame.dir/display_controller.c.o
                0x10003390                graphic1_fill_rectangle
 .text.graphic2_block_copy
                0x10003450       0xe8 CMakeFiles/simple_photo_frame.dir/display_controller.c.o
                0x10003450                graphic2_block_copy
 .text.button_init
                0x10003538       0x80 CMakeFiles/simple_photo_frame.dir/button.c.o
                0x10003538                button_init
 .text.button_get
                0x100035b8       0x54 CMakeFiles/simple_photo_frame.dir/button.c.o
                0x100035b8                button_get
 .text.get_fileinfo
                0x1000360c      0x224 CMakeFiles/simple_photo_frame.dir/mnt/c/Users/hra/Documents/github/OTHERS/pico-sdk/lib/tinyusb/lib/fatfs/source/ff.c.o
 .text.sync_fs  0x10003830       0xac CMakeFiles/simple_photo_frame.dir/mnt/c/Users/hra/Documents/github/OTHERS/pico-sdk/lib/tinyusb/lib/fatfs/source/ff.c.o
 .text.move_window
                0x100038dc       0x64 CMakeFiles/simple_photo_frame.dir/mnt/c/Users/hra/Documents/github/OTHERS/pico-sdk/lib/tinyusb/lib/fatfs/source/ff.c.o
 .text.put_fat.part.0
                0x10003940      0x10c CMakeFiles/simple_photo_frame.dir/mnt/c/Users/hra/Documents/github/OTHERS/pico-sdk/lib/tinyusb/lib/fatfs/source/ff.c.o
 .text.get_fat.isra.0
                0x10003a4c       0xac CMakeFiles/simple_photo_frame.dir/mnt/c/Users/hra/Documents/github/OTHERS/pico-sdk/lib/tinyusb/lib/fatfs/source/ff.c.o
 .text.dir_next.constprop.0
                0x10003af8       0x84 CMakeFiles/simple_photo_frame.dir/mnt/c/Users/hra/Documents/github/OTHERS/pico-sdk/lib/tinyusb/lib/fatfs/source/ff.c.o
 .text.check_fs
                0x10003b7c       0xe8 CMakeFiles/simple_photo_frame.dir/mnt/c/Users/hra/Documents/github/OTHERS/pico-sdk/lib/tinyusb/lib/fatfs/source/ff.c.o
 .text.mount_volume
                0x10003c64      0x278 CMakeFiles/simple_photo_frame.dir/mnt/c/Users/hra/Documents/github/OTHERS/pico-sdk/lib/tinyusb/lib/fatfs/source/ff.c.o
 .text.dir_read.constprop.0
                0x10003edc      0x3b8 CMakeFiles/simple_photo_frame.dir/mnt/c/Users/hra/Documents/github/OTHERS/pico-sdk/lib/tinyusb/lib/fatfs/source/ff.c.o
 .text.dir_sdi.constprop.0
                0x10004294      0x10c CMakeFiles/simple_photo_frame.dir/mnt/c/Users/hra/Documents/github/OTHERS/pico-sdk/lib/tinyusb/lib/fatfs/source/ff.c.o
 .text.dir_find
                0x100043a0      0x2d4 CMakeFiles/simple_photo_frame.dir/mnt/c/Users/hra/Documents/github/OTHERS/pico-sdk/lib/tinyusb/lib/fatfs/source/ff.c.o
 .text.follow_path
                0x10004674      0x3c8 CMakeFiles/simple_photo_frame.dir/mnt/c/Users/hra/Documents/github/OTHERS/pico-sdk/lib/tinyusb/lib/fatfs/source/ff.c.o
 .text.dir_sdi  0x10004a3c      0x154 CMakeFiles/simple_photo_frame.dir/mnt/c/Users/hra/Documents/github/OTHERS/pico-sdk/lib/tinyusb/lib/fatfs/source/ff.c.o
 .text.create_chain
                0x10004b90      0x1ec CMakeFiles/simple_photo_frame.dir/mnt/c/Users/hra/Documents/github/OTHERS/pico-sdk/lib/tinyusb/lib/fatfs/source/ff.c.o
 .text.dir_register
                0x10004d7c      0xa5c CMakeFiles/simple_photo_frame.dir/mnt/c/Users/hra/Documents/github/OTHERS/pico-sdk/lib/tinyusb/lib/fatfs/source/ff.c.o
 .text.remove_chain
                0x100057d8      0x208 CMakeFiles/simple_photo_frame.dir/mnt/c/Users/hra/Documents/github/OTHERS/pico-sdk/lib/tinyusb/lib/fatfs/source/ff.c.o
 .text.f_mount  0x100059e0       0x80 CMakeFiles/simple_photo_frame.dir/mnt/c/Users/hra/Documents/github/OTHERS/pico-sdk/lib/tinyusb/lib/fatfs/source/ff.c.o
                0x100059e0                f_mount
 .text.f_open   0x10005a60      0x1f8 CMakeFiles/simple_photo_frame.dir/mnt/c/Users/hra/Documents/github/OTHERS/pico-sdk/lib/tinyusb/lib/fatfs/source/ff.c.o
                0x10005a60                f_open
 .text.f_read   0x10005c58      0x1ac CMakeFiles/simple_photo_frame.dir/mnt/c/Users/hra/Documents/github/OTHERS/pico-sdk/lib/tinyusb/lib/fatfs/source/ff.c.o
                0x10005c58                f_read
 .text.f_close  0x10005e04       0xd0 CMakeFiles/simple_photo_frame.dir/mnt/c/Users/hra/Documents/github/OTHERS/pico-sdk/lib/tinyusb/lib/fatfs/source/ff.c.o
                0x10005e04                f_close
 .text.f_lseek  0x10005ed4      0x180 CMakeFiles/simple_photo_frame.dir/mnt/c/Users/hra/Documents/github/OTHERS/pico-sdk/lib/tinyusb/lib/fatfs/source/ff.c.o
                0x10005ed4                f_lseek
 .text.f_opendir
                0x10006054       0x70 CMakeFiles/simple_photo_frame.dir/mnt/c/Users/hra/Documents/github/OTHERS/pico-sdk/lib/tinyusb/lib/fatfs/source/ff.c.o
                0x10006054                f_opendir
 .text.f_closedir
                0x100060c4       0x30 CMakeFiles/simple_photo_frame.dir/mnt/c/Users/hra/Documents/github/OTHERS/pico-sdk/lib/tinyusb/lib/fatfs/source/ff.c.o
                0x100060c4                f_closedir
 .text.f_readdir
                0x100060f4       0x58 CMakeFiles/simple_photo_frame.dir/mnt/c/Users/hra/Documents/github/OTHERS/pico-sdk/lib/tinyusb/lib/fatfs/source/ff.c.o
                0x100060f4                f_readdir
 .text.ff_uni2oem
                0x1000614c       0x38 CMakeFiles/simple_photo_frame.dir/mnt/c/Users/hra/Documents/github/OTHERS/pico-sdk/lib/tinyusb/lib/fatfs/source/ffunicode.c.o
                0x1000614c                ff_uni2oem
 .text.ff_oem2uni
                0x10006184       0x28 CMakeFiles/simple_photo_frame.dir/mnt/c/Users/hra/Documents/github/OTHERS/pico-sdk/lib/tinyusb/lib/fatfs/source/ffunicode.c.o
                0x10006184                ff_oem2uni
 .text.ff_wtoupper
                0x100061ac       0xa8 CMakeFiles/simple_photo_frame.dir/mnt/c/Users/hra/Documents/github/OTHERS/pico-sdk/lib/tinyusb/lib/fatfs/source/ffunicode.c.o
                0x100061ac                ff_wtoupper
 .text.gpio_set_function
                0x10006254       0x3c CMakeFiles/simple_photo_frame.dir/mnt/c/Users/hra/Documents/github/OTHERS/pico-sdk/src/rp2_common/hardware_gpio/gpio.c.o
                0x10006254                gpio_set_function
 .text.gpio_set_pulls
                0x10006290       0x28 CMakeFiles/simple_photo_frame.dir/mnt/c/Users/hra/Documents/github/OTHERS/pico-sdk/src/rp2_common/hardware_gpio/gpio.c.o
                0x10006290                gpio_set_pulls
 .text.gpio_set_input_hysteresis_enabled
                0x100062b8       0x20 CMakeFiles/simple_photo_frame.dir/mnt/c/Users/hra/Documents/github/OTHERS/pico-sdk/src/rp2_common/hardware_gpio/gpio.c.o
                0x100062b8                gpio_set_input_hysteresis_enabled
 .text.gpio_set_irq_enabled
                0x100062d8       0x50 CMakeFiles/simple_photo_frame.dir/mnt/c/Users/hra/Documents/github/OTHERS/pico-sdk/src/rp2_common/hardware_gpio/gpio.c.o
                0x100062d8                gpio_set_irq_enabled
 .text.gpio_add_raw_irq_handler_with_order_priority_masked
                0x10006328       0x44 CMakeFiles/simple_photo_frame.dir/mnt/c/Users/hra/Documents/github/OTHERS/pico-sdk/src/rp2_common/hardware_gpio/gpio.c.o
                0x10006328                gpio_add_raw_irq_handler_with_order_priority_masked
 .text.gpio_remove_raw_irq_handler_masked
                0x1000636c       0x24 CMakeFiles/simple_photo_frame.dir/mnt/c/Users/hra/Documents/github/OTHERS/pico-sdk/src/rp2_common/hardware_gpio/gpio.c.o
                0x1000636c                gpio_remove_raw_irq_handler_masked
 .text.gpio_init
                0x10006390       0x48 CMakeFiles/simple_photo_frame.dir/mnt/c/Users/hra/Documents/github/OTHERS/pico-sdk/src/rp2_common/hardware_gpio/gpio.c.o
                0x10006390                gpio_init
 .text.panic    0x100063d8       0x30 CMakeFiles/simple_photo_frame.dir/mnt/c/Users/hra/Documents/github/OTHERS/pico-sdk/src/rp2_common/pico_platform_panic/panic.c.o
                0x100063d8                panic
 .text.hw_claim_lock
                0x10006408       0x24 CMakeFiles/simple_photo_frame.dir/mnt/c/Users/hra/Documents/github/OTHERS/pico-sdk/src/common/hardware_claim/claim.c.o
                0x10006408                hw_claim_lock
 .text.hw_claim_unlock
                0x1000642c       0x14 CMakeFiles/simple_photo_frame.dir/mnt/c/Users/hra/Documents/github/OTHERS/pico-sdk/src/common/hardware_claim/claim.c.o
                0x1000642c                hw_claim_unlock
 .text.hw_claim_or_assert
                0x10006440       0x58 CMakeFiles/simple_photo_frame.dir/mnt/c/Users/hra/Documents/github/OTHERS/pico-sdk/src/common/hardware_claim/claim.c.o
                0x10006440                hw_claim_or_assert
 .text.hw_claim_unused_from_range
                0x10006498       0x9c CMakeFiles/simple_photo_frame.dir/mnt/c/Users/hra/Documents/github/OTHERS/pico-sdk/src/common/hardware_claim/claim.c.o
                0x10006498                hw_claim_unused_from_range
 .text.hw_claim_clear
                0x10006534       0x50 CMakeFiles/simple_photo_frame.dir/mnt/c/Users/hra/Documents/github/OTHERS/pico-sdk/src/common/hardware_claim/claim.c.o
                0x10006534                hw_claim_clear
 .text.next_striped_spin_lock_num
                0x10006584       0x18 CMakeFiles/simple_photo_frame.dir/mnt/c/Users/hra/Documents/github/OTHERS/pico-sdk/src/rp2_common/hardware_sync/sync.c.o
                0x10006584                next_striped_spin_lock_num
 .text.spin_lock_claim_unused
                0x1000659c       0x20 CMakeFiles/simple_photo_frame.dir/mnt/c/Users/hra/Documents/github/OTHERS/pico-sdk/src/rp2_common/hardware_sync/sync.c.o
                0x1000659c                spin_lock_claim_unused
 .text.spinlock_set_extexclall
                0x100065bc       0x10 CMakeFiles/simple_photo_frame.dir/mnt/c/Users/hra/Documents/github/OTHERS/pico-sdk/src/rp2_common/hardware_sync_spin_lock/sync_spin_lock.c.o
 .text.spin_locks_reset
                0x100065cc       0x18 CMakeFiles/simple_photo_frame.dir/mnt/c/Users/hra/Documents/github/OTHERS/pico-sdk/src/rp2_common/hardware_sync_spin_lock/sync_spin_lock.c.o
                0x100065cc                spin_locks_reset
 .text.runtime_init_per_core_irq_priorities
                0x100065e4       0x40 CMakeFiles/simple_photo_frame.dir/mnt/c/Users/hra/Documents/github/OTHERS/pico-sdk/src/rp2_common/hardware_irq/irq.c.o
                0x100065e4                runtime_init_per_core_irq_priorities
 .text.irq_set_enabled
                0x10006624       0x2c CMakeFiles/simple_photo_frame.dir/mnt/c/Users/hra/Documents/github/OTHERS/pico-sdk/src/rp2_common/hardware_irq/irq.c.o
                0x10006624                irq_set_enabled
 .text.irq_is_enabled
                0x10006650       0x20 CMakeFiles/simple_photo_frame.dir/mnt/c/Users/hra/Documents/github/OTHERS/pico-sdk/src/rp2_common/hardware_irq/irq.c.o
                0x10006650                irq_is_enabled
 .text.irq_set_pending
                0x10006670       0x18 CMakeFiles/simple_photo_frame.dir/mnt/c/Users/hra/Documents/github/OTHERS/pico-sdk/src/rp2_common/hardware_irq/irq.c.o
                0x10006670                irq_set_pending
 .text.irq_has_shared_handler
                0x10006688       0x20 CMakeFiles/simple_photo_frame.dir/mnt/c/Users/hra/Documents/github/OTHERS/pico-sdk/src/rp2_common/hardware_irq/irq.c.o
                0x10006688                irq_has_shared_handler
 .text.irq_set_exclusive_handler
                0x100066a8       0x60 CMakeFiles/simple_photo_frame.dir/mnt/c/Users/hra/Documents/github/OTHERS/pico-sdk/src/rp2_common/hardware_irq/irq.c.o
                0x100066a8                irq_set_exclusive_handler
 .text.irq_add_shared_handler
                0x10006708      0x1e8 CMakeFiles/simple_photo_frame.dir/mnt/c/Users/hra/Documents/github/OTHERS/pico-sdk/src/rp2_common/hardware_irq/irq.c.o
                0x10006708                irq_add_shared_handler
 .text.irq_remove_handler
                0x100068f0      0x1fc CMakeFiles/simple_photo_frame.dir/mnt/c/Users/hra/Documents/github/OTHERS/pico-sdk/src/rp2_common/hardware_irq/irq.c.o
                0x100068f0                irq_remove_handler
 .text.irq_set_priority
                0x10006aec       0x28 CMakeFiles/simple_photo_frame.dir/mnt/c/Users/hra/Documents/github/OTHERS/pico-sdk/src/rp2_common/hardware_irq/irq.c.o
                0x10006aec                irq_set_priority
 .text.irq_add_tail_to_free_list
                0x10006b14       0xbc CMakeFiles/simple_photo_frame.dir/mnt/c/Users/hra/Documents/github/OTHERS/pico-sdk/src/rp2_common/hardware_irq/irq.c.o
                0x10006b14                irq_add_tail_to_free_list
 .text.user_irq_unclaim
                0x10006bd0       0x10 CMakeFiles/simple_photo_frame.dir/mnt/c/Users/hra/Documents/github/OTHERS/pico-sdk/src/rp2_common/hardware_irq/irq.c.o
                0x10006bd0                user_irq_unclaim
 .text.user_irq_claim_unused
                0x10006be0       0x28 CMakeFiles/simple_photo_frame.dir/mnt/c/Users/hra/Documents/github/OTHERS/pico-sdk/src/rp2_common/hardware_irq/irq.c.o
                0x10006be0                user_irq_claim_unused
 .text.sem_init
                0x10006c08       0x20 CMakeFiles/simple_photo_frame.dir/mnt/c/Users/hra/Documents/github/OTHERS/pico-sdk/src/common/pico_sync/sem.c.o
                0x10006c08                sem_init
 .text.lock_init
                0x10006c28        0xc CMakeFiles/simple_photo_frame.dir/mnt/c/Users/hra/Documents/github/OTHERS/pico-sdk/src/common/pico_sync/lock_core.c.o
                0x10006c28                lock_init
 .text.runtime_init_mutex
                0x10006c34       0x4c CMakeFiles/simple_photo_frame.dir/mnt/c/Users/hra/Documents/github/OTHERS/pico-sdk/src/common/pico_sync/mutex.c.o
                0x10006c34                runtime_init_mutex
 .text.mutex_init
                0x10006c80       0x1c CMakeFiles/simple_photo_frame.dir/mnt/c/Users/hra/Documents/github/OTHERS/pico-sdk/src/common/pico_sync/mutex.c.o
                0x10006c80                mutex_init
 .text.recursive_mutex_init
                0x10006c9c       0x1c CMakeFiles/simple_photo_frame.dir/mnt/c/Users/hra/Documents/github/OTHERS/pico-sdk/src/common/pico_sync/mutex.c.o
                0x10006c9c                recursive_mutex_init
 .text.critical_section_init
                0x10006cb8       0x1c CMakeFiles/simple_photo_frame.dir/mnt/c/Users/hra/Documents/github/OTHERS/pico-sdk/src/common/pico_sync/critical_section.c.o
                0x10006cb8                critical_section_init
 .text.critical_section_init_with_lock_num
                0x10006cd4       0x10 CMakeFiles/simple_photo_frame.dir/mnt/c/Users/hra/Documents/github/OTHERS/pico-sdk/src/common/pico_sync/critical_section.c.o
                0x10006cd4                critical_section_init_with_lock_num
 .text.sleep_until_callback
                0x10006ce4       0x3c CMakeFiles/simple_photo_frame.dir/mnt/c/Users/hra/Documents/github/OTHERS/pico-sdk/src/common/pico_time/time.c.o
 .text.alarm_pool_irq_handler
                0x10006d20      0x2f0 CMakeFiles/simple_photo_frame.dir/mnt/c/Users/hra/Documents/github/OTHERS/pico-sdk/src/common/pico_time/time.c.o
 .text.runtime_init_default_alarm_pool
                0x10007010      0x100 CMakeFiles/simple_photo_frame.dir/mnt/c/Users/hra/Documents/github/OTHERS/pico-sdk/src/common/pico_time/time.c.o
                0x10007010                runtime_init_default_alarm_pool
 .text.alarm_pool_get_default
                0x10007110        0x8 CMakeFiles/simple_photo_frame.dir/mnt/c/Users/hra/Documents/github/OTHERS/pico-sdk/src/common/pico_time/time.c.o
                0x10007110                alarm_pool_get_default
 .text.alarm_pool_add_alarm_at
                0x10007118       0xdc CMakeFiles/simple_photo_frame.dir/mnt/c/Users/hra/Documents/github/OTHERS/pico-sdk/src/common/pico_time/time.c.o
                0x10007118                alarm_pool_add_alarm_at
 .text.alarm_pool_add_alarm_at_force_in_context
                0x100071f4       0xc8 CMakeFiles/simple_photo_frame.dir/mnt/c/Users/hra/Documents/github/OTHERS/pico-sdk/src/common/pico_time/time.c.o
                0x100071f4                alarm_pool_add_alarm_at_force_in_context
 .text.alarm_pool_cancel_alarm
                0x100072bc       0x80 CMakeFiles/simple_photo_frame.dir/mnt/c/Users/hra/Documents/github/OTHERS/pico-sdk/src/common/pico_time/time.c.o
                0x100072bc                alarm_pool_cancel_alarm
 .text.alarm_pool_core_num
                0x1000733c        0x4 CMakeFiles/simple_photo_frame.dir/mnt/c/Users/hra/Documents/github/OTHERS/pico-sdk/src/common/pico_time/time.c.o
                0x1000733c                alarm_pool_core_num
 .text.sleep_until
                0x10007340       0xbc CMakeFiles/simple_photo_frame.dir/mnt/c/Users/hra/Documents/github/OTHERS/pico-sdk/src/common/pico_time/time.c.o
                0x10007340                sleep_until
 .text.sleep_us
                0x100073fc       0x30 CMakeFiles/simple_photo_frame.dir/mnt/c/Users/hra/Documents/github/OTHERS/pico-sdk/src/common/pico_time/time.c.o
                0x100073fc                sleep_us
 .text.sleep_ms
                0x1000742c       0x2c CMakeFiles/simple_photo_frame.dir/mnt/c/Users/hra/Documents/github/OTHERS/pico-sdk/src/common/pico_time/time.c.o
                0x1000742c                sleep_ms
 .text.best_effort_wfe_or_timeout
                0x10007458       0xbc CMakeFiles/simple_photo_frame.dir/mnt/c/Users/hra/Documents/github/OTHERS/pico-sdk/src/common/pico_time/time.c.o
                0x10007458                best_effort_wfe_or_timeout
 .text.timer_hardware_alarm_claim
                0x10007514       0x24 CMakeFiles/simple_photo_frame.dir/mnt/c/Users/hra/Documents/github/OTHERS/pico-sdk/src/rp2_common/hardware_timer/timer.c.o
                0x10007514                timer_hardware_alarm_claim
 .text.timer_time_us_64
                0x10007538       0x10 CMakeFiles/simple_photo_frame.dir/mnt/c/Users/hra/Documents/github/OTHERS/pico-sdk/src/rp2_common/hardware_timer/timer.c.o
                0x10007538                timer_time_us_64
 .text.time_us_64
                0x10007548       0x14 CMakeFiles/simple_photo_frame.dir/mnt/c/Users/hra/Documents/github/OTHERS/pico-sdk/src/rp2_common/hardware_timer/timer.c.o
                0x10007548                time_us_64
 .text.busy_wait_until
                0x1000755c       0x24 CMakeFiles/simple_photo_frame.dir/mnt/c/Users/hra/Documents/github/OTHERS/pico-sdk/src/rp2_common/hardware_timer/timer.c.o
                0x1000755c                busy_wait_until
 .text.clock_configure_undivided
                0x10007580       0xd0 CMakeFiles/simple_photo_frame.dir/mnt/c/Users/hra/Documents/github/OTHERS/pico-sdk/src/rp2_common/hardware_clocks/clocks.c.o
                0x10007580                clock_configure_undivided
 .text.clock_get_hz
                0x10007650        0xc CMakeFiles/simple_photo_frame.dir/mnt/c/Users/hra/Documents/github/OTHERS/pico-sdk/src/rp2_common/hardware_clocks/clocks.c.o
                0x10007650                clock_get_hz
 .text.pll_init
                0x1000765c       0x8c CMakeFiles/simple_photo_frame.dir/mnt/c/Users/hra/Documents/github/OTHERS/pico-sdk/src/rp2_common/hardware_pll/pll.c.o
                0x1000765c                pll_init
 .text.watchdog_reboot
                0x100076e8       0x98 CMakeFiles/simple_photo_frame.dir/mnt/c/Users/hra/Documents/github/OTHERS/pico-sdk/src/rp2_common/hardware_watchdog/watchdog.c.o
                0x100076e8                watchdog_reboot
 .text.tick_start
                0x10007780       0x18 CMakeFiles/simple_photo_frame.dir/mnt/c/Users/hra/Documents/github/OTHERS/pico-sdk/src/rp2_common/hardware_ticks/ticks.c.o
                0x10007780                tick_start
 .text.rom_reboot.constprop.0.isra.0
                0x10007798       0x34 CMakeFiles/simple_photo_frame.dir/mnt/c/Users/hra/Documents/github/OTHERS/pico-sdk/src/rp2_common/pico_bootrom/bootrom.c.o
 .text.rom_func_lookup
                0x100077cc       0x18 CMakeFiles/simple_photo_frame.dir/mnt/c/Users/hra/Documents/github/OTHERS/pico-sdk/src/rp2_common/pico_bootrom/bootrom.c.o
                0x100077cc                rom_func_lookup
 .text.rom_reset_usb_boot_extra
                0x100077e4       0x1c CMakeFiles/simple_photo_frame.dir/mnt/c/Users/hra/Documents/github/OTHERS/pico-sdk/src/rp2_common/pico_bootrom/bootrom.c.o
                0x100077e4                rom_reset_usb_boot_extra
 .text.runtime_init_bootrom_locking_enable
                0x10007800       0x14 CMakeFiles/simple_photo_frame.dir/mnt/c/Users/hra/Documents/github/OTHERS/pico-sdk/src/rp2_common/pico_bootrom/bootrom_lock.c.o
                0x10007800                runtime_init_bootrom_locking_enable
 .text.runtime_init_boot_locks_reset
                0x10007814       0x1c CMakeFiles/simple_photo_frame.dir/mnt/c/Users/hra/Documents/github/OTHERS/pico-sdk/src/rp2_common/hardware_boot_lock/boot_lock.c.o
                0x10007814                runtime_init_boot_locks_reset
 .text.xosc_init
                0x10007830       0x30 CMakeFiles/simple_photo_frame.dir/mnt/c/Users/hra/Documents/github/OTHERS/pico-sdk/src/rp2_common/hardware_xosc/xosc.c.o
                0x10007830                xosc_init
 .text.first_per_core_initializer
                0x10007860        0x4 CMakeFiles/simple_photo_frame.dir/mnt/c/Users/hra/Documents/github/OTHERS/pico-sdk/src/rp2_common/pico_runtime/runtime.c.o
 .text.hard_assertion_failure
                0x10007864        0xc CMakeFiles/simple_photo_frame.dir/mnt/c/Users/hra/Documents/github/OTHERS/pico-sdk/src/rp2_common/pico_runtime/runtime.c.o
                0x10007864                hard_assertion_failure
 .text.runtime_run_initializers
                0x10007870       0x20 CMakeFiles/simple_photo_frame.dir/mnt/c/Users/hra/Documents/github/OTHERS/pico-sdk/src/rp2_common/pico_runtime/runtime.c.o
                0x10007870                runtime_run_initializers
 .text.runtime_init_early_resets
                0x10007890       0x34 CMakeFiles/simple_photo_frame.dir/mnt/c/Users/hra/Documents/github/OTHERS/pico-sdk/src/rp2_common/pico_runtime_init/runtime_init.c.o
                0x10007890                runtime_init_early_resets
 .text.runtime_init_usb_power_down
                0x100078c4       0x1c CMakeFiles/simple_photo_frame.dir/mnt/c/Users/hra/Documents/github/OTHERS/pico-sdk/src/rp2_common/pico_runtime_init/runtime_init.c.o
                0x100078c4                runtime_init_usb_power_down
 .text.runtime_init_per_core_enable_coprocessors
                0x100078e0       0x1c CMakeFiles/simple_photo_frame.dir/mnt/c/Users/hra/Documents/github/OTHERS/pico-sdk/src/rp2_common/pico_runtime_init/runtime_init.c.o
                0x100078e0                runtime_init_per_core_enable_coprocessors
 .text.runtime_init_post_clock_resets
                0x100078fc       0x20 CMakeFiles/simple_photo_frame.dir/mnt/c/Users/hra/Documents/github/OTHERS/pico-sdk/src/rp2_common/pico_runtime_init/runtime_init.c.o
                0x100078fc                runtime_init_post_clock_resets
 .text.runtime_init_bootrom_reset
                0x1000791c       0x14 CMakeFiles/simple_photo_frame.dir/mnt/c/Users/hra/Documents/github/OTHERS/pico-sdk/src/rp2_common/pico_runtime_init/runtime_init.c.o
                0x1000791c                runtime_init_bootrom_reset
 .text.runtime_init_per_core_bootrom_reset
                0x10007930       0x14 CMakeFiles/simple_photo_frame.dir/mnt/c/Users/hra/Documents/github/OTHERS/pico-sdk/src/rp2_common/pico_runtime_init/runtime_init.c.o
                0x10007930                runtime_init_per_core_bootrom_reset
 .text.runtime_init_spin_locks_reset
                0x10007944        0x4 CMakeFiles/simple_photo_frame.dir/mnt/c/Users/hra/Documents/github/OTHERS/pico-sdk/src/rp2_common/pico_runtime_init/runtime_init.c.o
                0x10007944                runtime_init_spin_locks_reset
 .text.runtime_init_install_ram_vector_table
                0x10007948       0x68 CMakeFiles/simple_photo_frame.dir/mnt/c/Users/hra/Documents/github/OTHERS/pico-sdk/src/rp2_common/pico_runtime_init/runtime_init.c.o
                0x10007948                runtime_init_install_ram_vector_table
 .text.runtime_init_clocks
                0x100079b0       0xdc CMakeFiles/simple_photo_frame.dir/mnt/c/Users/hra/Documents/github/OTHERS/pico-sdk/src/rp2_common/pico_runtime_init/runtime_init_clocks.c.o
                0x100079b0                runtime_init_clocks
 .text.__rp2350_dcp_engaged_state_save_restore
                0x10007a8c       0x3a CMakeFiles/simple_photo_frame.dir/mnt/c/Users/hra/Documents/github/OTHERS/pico-sdk/src/rp2_common/pico_double/double_aeabi_dcp.S.o
 *fill*         0x10007ac6        0x2 
 .text.__wrap___aeabi_dadd
                0x10007ac8       0x28 CMakeFiles/simple_photo_frame.dir/mnt/c/Users/hra/Documents/github/OTHERS/pico-sdk/src/rp2_common/pico_double/double_aeabi_dcp.S.o
                0x10007ad0                __wrap___aeabi_dadd
 .text.__wrap___aeabi_dsub
                0x10007af0       0x28 CMakeFiles/simple_photo_frame.dir/mnt/c/Users/hra/Documents/github/OTHERS/pico-sdk/src/rp2_common/pico_double/double_aeabi_dcp.S.o
                0x10007af8                __wrap___aeabi_dsub
 .text.__wrap___aeabi_dmul
                0x10007b18       0x4c CMakeFiles/simple_photo_frame.dir/mnt/c/Users/hra/Documents/github/OTHERS/pico-sdk/src/rp2_common/pico_double/double_aeabi_dcp.S.o
                0x10007b20                __wrap___aeabi_dmul
 .text.__wrap___aeabi_ddiv
                0x10007b64       0x9c CMakeFiles/simple_photo_frame.dir/mnt/c/Users/hra/Documents/github/OTHERS/pico-sdk/src/rp2_common/pico_double/double_aeabi_dcp.S.o
                0x10007b6c                __wrap___aeabi_ddiv
 .text.__wrap___aeabi_i2d
                0x10007c00       0x24 CMakeFiles/simple_photo_frame.dir/mnt/c/Users/hra/Documents/github/OTHERS/pico-sdk/src/rp2_common/pico_double/double_aeabi_dcp.S.o
                0x10007c08                __wrap___aeabi_i2d
                0x10007c08                int2double
 .text.__wrap___aeabi_ui2d
                0x10007c24       0x24 CMakeFiles/simple_photo_frame.dir/mnt/c/Users/hra/Documents/github/OTHERS/pico-sdk/src/rp2_common/pico_double/double_aeabi_dcp.S.o
                0x10007c2c                __wrap___aeabi_ui2d
                0x10007c2c                uint2double
 .text.__wrap___aeabi_d2iz
                0x10007c48       0x24 CMakeFiles/simple_photo_frame.dir/mnt/c/Users/hra/Documents/github/OTHERS/pico-sdk/src/rp2_common/pico_double/double_aeabi_dcp.S.o
                0x10007c50                __wrap___aeabi_d2iz
                0x10007c50                double2int_z
 .text.__wrap___aeabi_d2uiz
                0x10007c6c       0x24 CMakeFiles/simple_photo_frame.dir/mnt/c/Users/hra/Documents/github/OTHERS/pico-sdk/src/rp2_common/pico_double/double_aeabi_dcp.S.o
                0x10007c74                double2uint_z
                0x10007c74                double2uint
                0x10007c74                __wrap___aeabi_d2uiz
 .text.__wrap___aeabi_dcmpun
                0x10007c90       0x24 CMakeFiles/simple_photo_frame.dir/mnt/c/Users/hra/Documents/github/OTHERS/pico-sdk/src/rp2_common/pico_double/double_aeabi_dcp.S.o
                0x10007c98                __wrap___aeabi_dcmpun
 .text.__wrap___aeabi_dcmplt
                0x10007cb4       0x28 CMakeFiles/simple_photo_frame.dir/mnt/c/Users/hra/Documents/github/OTHERS/pico-sdk/src/rp2_common/pico_double/double_aeabi_dcp.S.o
                0x10007cbc                __wrap___aeabi_dcmplt
 .text.__wrap___aeabi_dcmpge
                0x10007cdc       0x28 CMakeFiles/simple_photo_frame.dir/mnt/c/Users/hra/Documents/github/OTHERS/pico-sdk/src/rp2_common/pico_double/double_aeabi_dcp.S.o
                0x10007ce4                __wrap___aeabi_dcmpge
 .text.__wrap___aeabi_dcmpgt
                0x10007d04       0x28 CMakeFiles/simple_photo_frame.dir/mnt/c/Users/hra/Documents/github/OTHERS/pico-sdk/src/rp2_common/pico_double/double_aeabi_dcp.S.o
                0x10007d0c                __wrap___aeabi_dcmpgt
 .text._out_buffer
                0x10007d2c        0x8 CMakeFiles/simple_photo_frame.dir/mnt/c/Users/hra/Documents/github/OTHERS/pico-sdk/src/rp2_common/pico_printf/printf.c.o
 .text._out_null
                0x10007d34        0x4 CMakeFiles/simple_photo_frame.dir/mnt/c/Users/hra/Documents/github/OTHERS/pico-sdk/src/rp2_common/pico_printf/printf.c.o
 .text._out_rev
                0x10007d38       0x9c CMakeFiles/simple_photo_frame.dir/mnt/c/Users/hra/Documents/github/OTHERS/pico-sdk/src/rp2_common/pico_printf/printf.c.o
 .text._ntoa_format
                0x10007dd4      0x2a4 CMakeFiles/simple_photo_frame.dir/mnt/c/Users/hra/Documents/github/OTHERS/pico-sdk/src/rp2_common/pico_printf/printf.c.o
 .text._out_char
                0x10008078        0x8 CMakeFiles/simple_photo_frame.dir/mnt/c/Users/hra/Documents/github/OTHERS/pico-sdk/src/rp2_common/pico_printf/printf.c.o
 .text._out_fct
                0x10008080        0xc CMakeFiles/simple_photo_frame.dir/mnt/c/Users/hra/Documents/github/OTHERS/pico-sdk/src/rp2_common/pico_printf/printf.c.o
 *fill*         0x1000808c        0x4 
 .text._etoa    0x10008090      0x460 CMakeFiles/simple_photo_frame.dir/mnt/c/Users/hra/Documents/github/OTHERS/pico-sdk/src/rp2_common/pico_printf/printf.c.o
 .text._ftoa    0x100084f0      0x3f4 CMakeFiles/simple_photo_frame.dir/mnt/c/Users/hra/Documents/github/OTHERS/pico-sdk/src/rp2_common/pico_printf/printf.c.o
 .text._vsnprintf
                0x100088e4      0x9e8 CMakeFiles/simple_photo_frame.dir/mnt/c/Users/hra/Documents/github/OTHERS/pico-sdk/src/rp2_common/pico_printf/printf.c.o
 .text.__wrap_snprintf
                0x100092cc       0x2c CMakeFiles/simple_photo_frame.dir/mnt/c/Users/hra/Documents/github/OTHERS/pico-sdk/src/rp2_common/pico_printf/printf.c.o
                0x100092cc                __wrap_snprintf
 .text.__wrap_vsnprintf
                0x100092f8       0x24 CMakeFiles/simple_photo_frame.dir/mnt/c/Users/hra/Documents/github/OTHERS/pico-sdk/src/rp2_common/pico_printf/printf.c.o
                0x100092f8                __wrap_vsnprintf
 .text.vfctprintf
                0x1000931c       0x28 CMakeFiles/simple_photo_frame.dir/mnt/c/Users/hra/Documents/github/OTHERS/pico-sdk/src/rp2_common/pico_printf/printf.c.o
                0x1000931c                vfctprintf
 .text.weak_raw_vprintf
                0x10009344       0x30 CMakeFiles/simple_photo_frame.dir/mnt/c/Users/hra/Documents/github/OTHERS/pico-sdk/src/rp2_common/pico_printf/printf.c.o
                0x10009344                weak_raw_vprintf
 .text._exit    0x10009374        0x4 CMakeFiles/simple_photo_frame.dir/mnt/c/Users/hra/Documents/github/OTHERS/pico-sdk/src/rp2_common/pico_clib_interface/newlib_interface.c.o
                0x10009374                _exit
 .text.exit     0x10009378        0x8 CMakeFiles/simple_photo_frame.dir/mnt/c/Users/hra/Documents/github/OTHERS/pico-sdk/src/rp2_common/pico_clib_interface/newlib_interface.c.o
                0x10009378                exit
 .text.runtime_init
                0x10009380       0x24 CMakeFiles/simple_photo_frame.dir/mnt/c/Users/hra/Documents/github/OTHERS/pico-sdk/src/rp2_common/pico_clib_interface/newlib_interface.c.o
                0x10009380                runtime_init
 .text.stdio_out_chars_no_crlf
                0x100093a4        0x8 CMakeFiles/simple_photo_frame.dir/mnt/c/Users/hra/Documents/github/OTHERS/pico-sdk/src/rp2_common/pico_stdio/stdio.c.o
 .text.stdio_out_chars_crlf
                0x100093ac       0xac CMakeFiles/simple_photo_frame.dir/mnt/c/Users/hra/Documents/github/OTHERS/pico-sdk/src/rp2_common/pico_stdio/stdio.c.o
 .text.stdio_buffered_printer
                0x10009458       0x60 CMakeFiles/simple_photo_frame.dir/mnt/c/Users/hra/Documents/github/OTHERS/pico-sdk/src/rp2_common/pico_stdio/stdio.c.o
 .text.stdio_put_string
                0x100094b8       0xf0 CMakeFiles/simple_photo_frame.dir/mnt/c/Users/hra/Documents/github/OTHERS/pico-sdk/src/rp2_common/pico_stdio/stdio.c.o
                0x100094b8                stdio_put_string
 .text.stdio_set_driver_enabled
                0x100095a8       0x30 CMakeFiles/simple_photo_frame.dir/mnt/c/Users/hra/Documents/github/OTHERS/pico-sdk/src/rp2_common/pico_stdio/stdio.c.o
                0x100095a8                stdio_set_driver_enabled
 .text.stdio_init_all
                0x100095d8        0x4 CMakeFiles/simple_photo_frame.dir/mnt/c/Users/hra/Documents/github/OTHERS/pico-sdk/src/rp2_common/pico_stdio/stdio.c.o
                0x100095d8                stdio_init_all
 .text.__wrap_putchar
                0x100095dc       0x84 CMakeFiles/simple_photo_frame.dir/mnt/c/Users/hra/Documents/github/OTHERS/pico-sdk/src/rp2_common/pico_stdio/stdio.c.o
                0x100095dc                stdio_putchar
                0x100095dc                __wrap_putchar
 .text.__wrap_puts
                0x10009660       0x3c CMakeFiles/simple_photo_frame.dir/mnt/c/Users/hra/Documents/github/OTHERS/pico-sdk/src/rp2_common/pico_stdio/stdio.c.o
                0x10009660                __wrap_puts
                0x10009660                stdio_puts
 .text.__wrap_vprintf
                0x1000969c       0xc8 CMakeFiles/simple_photo_frame.dir/mnt/c/Users/hra/Documents/github/OTHERS/pico-sdk/src/rp2_common/pico_stdio/stdio.c.o
                0x1000969c                __wrap_vprintf
                0x1000969c                stdio_vprintf
 .text.__wrap_printf
                0x10009764       0x1c CMakeFiles/simple_photo_frame.dir/mnt/c/Users/hra/Documents/github/OTHERS/pico-sdk/src/rp2_common/pico_stdio/stdio.c.o
                0x10009764                stdio_printf
                0x10009764                __wrap_printf
 .text.resetd_init
                0x10009780        0x4 CMakeFiles/simple_photo_frame.dir/mnt/c/Users/hra/Documents/github/OTHERS/pico-sdk/src/rp2_common/pico_stdio_usb/reset_interface.c.o
 .text.resetd_reset
                0x10009784        0xc CMakeFiles/simple_photo_frame.dir/mnt/c/Users/hra/Documents/github/OTHERS/pico-sdk/src/rp2_common/pico_stdio_usb/reset_interface.c.o
 .text.resetd_open
                0x10009790       0x28 CMakeFiles/simple_photo_frame.dir/mnt/c/Users/hra/Documents/github/OTHERS/pico-sdk/src/rp2_common/pico_stdio_usb/reset_interface.c.o
 .text.resetd_xfer_cb
                0x100097b8        0x4 CMakeFiles/simple_photo_frame.dir/mnt/c/Users/hra/Documents/github/OTHERS/pico-sdk/src/rp2_common/pico_stdio_usb/reset_interface.c.o
 .text.resetd_control_xfer_cb
                0x100097bc       0x50 CMakeFiles/simple_photo_frame.dir/mnt/c/Users/hra/Documents/github/OTHERS/pico-sdk/src/rp2_common/pico_stdio_usb/reset_interface.c.o
 .text.tud_descriptor_bos_cb
                0x1000980c        0x8 CMakeFiles/simple_photo_frame.dir/mnt/c/Users/hra/Documents/github/OTHERS/pico-sdk/src/rp2_common/pico_stdio_usb/reset_interface.c.o
                0x1000980c                tud_descriptor_bos_cb
 .text.tud_vendor_control_xfer_cb
                0x10009814       0x28 CMakeFiles/simple_photo_frame.dir/mnt/c/Users/hra/Documents/github/OTHERS/pico-sdk/src/rp2_common/pico_stdio_usb/reset_interface.c.o
                0x10009814                tud_vendor_control_xfer_cb
 .text.usbd_app_driver_get_cb
                0x1000983c       0x10 CMakeFiles/simple_photo_frame.dir/mnt/c/Users/hra/Documents/github/OTHERS/pico-sdk/src/rp2_common/pico_stdio_usb/reset_interface.c.o
                0x1000983c                usbd_app_driver_get_cb
 .text.tud_cdc_line_coding_cb
                0x1000984c       0x18 CMakeFiles/simple_photo_frame.dir/mnt/c/Users/hra/Documents/github/OTHERS/pico-sdk/src/rp2_common/pico_stdio_usb/reset_interface.c.o
                0x1000984c                tud_cdc_line_coding_cb
 .text.stdio_usb_set_chars_available_callback
                0x10009864       0x14 CMakeFiles/simple_photo_frame.dir/mnt/c/Users/hra/Documents/github/OTHERS/pico-sdk/src/rp2_common/pico_stdio_usb/stdio_usb.c.o
                0x10009864                stdio_usb_set_chars_available_callback
 .text.timer_task
                0x10009878       0x70 CMakeFiles/simple_photo_frame.dir/mnt/c/Users/hra/Documents/github/OTHERS/pico-sdk/src/rp2_common/pico_stdio_usb/stdio_usb.c.o
 .text.usb_irq  0x100098e8        0xc CMakeFiles/simple_photo_frame.dir/mnt/c/Users/hra/Documents/github/OTHERS/pico-sdk/src/rp2_common/pico_stdio_usb/stdio_usb.c.o
 .text.stdio_usb_in_chars
                0x100098f4       0x88 CMakeFiles/simple_photo_frame.dir/mnt/c/Users/hra/Documents/github/OTHERS/pico-sdk/src/rp2_common/pico_stdio_usb/stdio_usb.c.o
                0x100098f4                stdio_usb_in_chars
 .text.stdio_usb_out_flush
                0x1000997c       0x54 CMakeFiles/simple_photo_frame.dir/mnt/c/Users/hra/Documents/github/OTHERS/pico-sdk/src/rp2_common/pico_stdio_usb/stdio_usb.c.o
 .text.stdio_usb_out_chars
                0x100099d0       0xf4 CMakeFiles/simple_photo_frame.dir/mnt/c/Users/hra/Documents/github/OTHERS/pico-sdk/src/rp2_common/pico_stdio_usb/stdio_usb.c.o
 .text.low_priority_worker_irq
                0x10009ac4       0xd8 CMakeFiles/simple_photo_frame.dir/mnt/c/Users/hra/Documents/github/OTHERS/pico-sdk/src/rp2_common/pico_stdio_usb/stdio_usb.c.o
 .text.stdio_usb_init
                0x10009b9c       0xe8 CMakeFiles/simple_photo_frame.dir/mnt/c/Users/hra/Documents/github/OTHERS/pico-sdk/src/rp2_common/pico_stdio_usb/stdio_usb.c.o
                0x10009b9c                stdio_usb_init
 .text.tud_descriptor_device_cb
                0x10009c84        0x8 CMakeFiles/simple_photo_frame.dir/mnt/c/Users/hra/Documents/github/OTHERS/pico-sdk/src/rp2_common/pico_stdio_usb/stdio_usb_descriptors.c.o
                0x10009c84                tud_descriptor_device_cb
 .text.tud_descriptor_configuration_cb
                0x10009c8c        0x8 CMakeFiles/simple_photo_frame.dir/mnt/c/Users/hra/Documents/github/OTHERS/pico-sdk/src/rp2_common/pico_stdio_usb/stdio_usb_descriptors.c.o
                0x10009c8c                tud_descriptor_configuration_cb
 .text.tud_descriptor_string_cb
                0x10009c94       0x70 CMakeFiles/simple_photo_frame.dir/mnt/c/Users/hra/Documents/github/OTHERS/pico-sdk/src/rp2_common/pico_stdio_usb/stdio_usb_descriptors.c.o
                0x10009c94                tud_descriptor_string_cb
 .text.startup._retrieve_unique_id_on_boot
                0x10009d04       0x30 CMakeFiles/simple_photo_frame.dir/mnt/c/Users/hra/Documents/github/OTHERS/pico-sdk/src/rp2_common/pico_unique_id/unique_id.c.o
 .text.pico_get_unique_board_id
                0x10009d34       0x10 CMakeFiles/simple_photo_frame.dir/mnt/c/Users/hra/Documents/github/OTHERS/pico-sdk/src/rp2_common/pico_unique_id/unique_id.c.o
                0x10009d34                pico_get_unique_board_id
 .text.pico_get_unique_board_id_string
                0x10009d44      0x184 CMakeFiles/simple_photo_frame.dir/mnt/c/Users/hra/Documents/github/OTHERS/pico-sdk/src/rp2_common/pico_unique_id/unique_id.c.o
                0x10009d44                pico_get_unique_board_id_string
 .text.dcd_init
                0x10009ec8       0x90 CMakeFiles/simple_photo_frame.dir/mnt/c/Users/hra/Documents/github/OTHERS/pico-sdk/lib/tinyusb/src/portable/raspberrypi/rp2040/dcd_rp2040.c.o
                0x10009ec8                dcd_init
 .text.dcd_int_enable
                0x10009f58        0x8 CMakeFiles/simple_photo_frame.dir/mnt/c/Users/hra/Documents/github/OTHERS/pico-sdk/lib/tinyusb/src/portable/raspberrypi/rp2040/dcd_rp2040.c.o
                0x10009f58                dcd_int_enable
 .text.dcd_set_address
                0x10009f60       0x10 CMakeFiles/simple_photo_frame.dir/mnt/c/Users/hra/Documents/github/OTHERS/pico-sdk/lib/tinyusb/src/portable/raspberrypi/rp2040/dcd_rp2040.c.o
                0x10009f60                dcd_set_address
 .text.dcd_sof_enable
                0x10009f70       0x1c CMakeFiles/simple_photo_frame.dir/mnt/c/Users/hra/Documents/github/OTHERS/pico-sdk/lib/tinyusb/src/portable/raspberrypi/rp2040/dcd_rp2040.c.o
                0x10009f70                dcd_sof_enable
 .text.dcd_edpt0_status_complete
                0x10009f8c       0x1c CMakeFiles/simple_photo_frame.dir/mnt/c/Users/hra/Documents/github/OTHERS/pico-sdk/lib/tinyusb/src/portable/raspberrypi/rp2040/dcd_rp2040.c.o
                0x10009f8c                dcd_edpt0_status_complete
 .text.dcd_edpt_open
                0x10009fa8      0x108 CMakeFiles/simple_photo_frame.dir/mnt/c/Users/hra/Documents/github/OTHERS/pico-sdk/lib/tinyusb/src/portable/raspberrypi/rp2040/dcd_rp2040.c.o
                0x10009fa8                dcd_edpt_open
 .text.dcd_edpt_close_all
                0x1000a0b0        0x4 CMakeFiles/simple_photo_frame.dir/mnt/c/Users/hra/Documents/github/OTHERS/pico-sdk/lib/tinyusb/src/portable/raspberrypi/rp2040/dcd_rp2040.c.o
                0x1000a0b0                dcd_edpt_close_all
 .text.dcd_edpt_xfer
                0x1000a0b4       0x28 CMakeFiles/simple_photo_frame.dir/mnt/c/Users/hra/Documents/github/OTHERS/pico-sdk/lib/tinyusb/src/portable/raspberrypi/rp2040/dcd_rp2040.c.o
                0x1000a0b4                dcd_edpt_xfer
 .text.dcd_edpt_stall
                0x1000a0dc       0x2c CMakeFiles/simple_photo_frame.dir/mnt/c/Users/hra/Documents/github/OTHERS/pico-sdk/lib/tinyusb/src/portable/raspberrypi/rp2040/dcd_rp2040.c.o
                0x1000a0dc                dcd_edpt_stall
 .text.dcd_edpt_clear_stall
                0x1000a108       0x2c CMakeFiles/simple_photo_frame.dir/mnt/c/Users/hra/Documents/github/OTHERS/pico-sdk/lib/tinyusb/src/portable/raspberrypi/rp2040/dcd_rp2040.c.o
                0x1000a108                dcd_edpt_clear_stall
 .text.rp2040_usb_init
                0x1000a134       0x40 CMakeFiles/simple_photo_frame.dir/mnt/c/Users/hra/Documents/github/OTHERS/pico-sdk/lib/tinyusb/src/portable/raspberrypi/rp2040/rp2040_usb.c.o
                0x1000a134                rp2040_usb_init
 .text.hw_endpoint_xfer_start
                0x1000a174       0x40 CMakeFiles/simple_photo_frame.dir/mnt/c/Users/hra/Documents/github/OTHERS/pico-sdk/lib/tinyusb/src/portable/raspberrypi/rp2040/rp2040_usb.c.o
                0x1000a174                hw_endpoint_xfer_start
 .text.configuration_reset
                0x1000a1b4       0x8c CMakeFiles/simple_photo_frame.dir/mnt/c/Users/hra/Documents/github/OTHERS/pico-sdk/lib/tinyusb/src/device/usbd.c.o
 .text.tud_event_hook_cb
                0x1000a240        0x4 CMakeFiles/simple_photo_frame.dir/mnt/c/Users/hra/Documents/github/OTHERS/pico-sdk/lib/tinyusb/src/device/usbd.c.o
                0x1000a240                tud_event_hook_cb
 .text.tud_sof_cb
                0x1000a244        0x4 CMakeFiles/simple_photo_frame.dir/mnt/c/Users/hra/Documents/github/OTHERS/pico-sdk/lib/tinyusb/src/device/usbd.c.o
                0x1000a244                tud_sof_cb
 .text.tud_descriptor_device_qualifier_cb
                0x1000a248        0x4 CMakeFiles/simple_photo_frame.dir/mnt/c/Users/hra/Documents/github/OTHERS/pico-sdk/lib/tinyusb/src/device/usbd.c.o
                0x1000a248                tud_descriptor_device_qualifier_cb
 .text.tud_descriptor_other_speed_configuration_cb
                0x1000a24c        0x4 CMakeFiles/simple_photo_frame.dir/mnt/c/Users/hra/Documents/github/OTHERS/pico-sdk/lib/tinyusb/src/device/usbd.c.o
                0x1000a24c                tud_descriptor_other_speed_configuration_cb
 .text.tud_mount_cb
                0x1000a250        0x4 CMakeFiles/simple_photo_frame.dir/mnt/c/Users/hra/Documents/github/OTHERS/pico-sdk/lib/tinyusb/src/device/usbd.c.o
                0x1000a250                tud_mount_cb
 .text.tud_umount_cb
                0x1000a254        0x4 CMakeFiles/simple_photo_frame.dir/mnt/c/Users/hra/Documents/github/OTHERS/pico-sdk/lib/tinyusb/src/device/usbd.c.o
                0x1000a254                tud_umount_cb
 .text.tud_suspend_cb
                0x1000a258        0x4 CMakeFiles/simple_photo_frame.dir/mnt/c/Users/hra/Documents/github/OTHERS/pico-sdk/lib/tinyusb/src/device/usbd.c.o
                0x1000a258                tud_suspend_cb
 .text.tud_resume_cb
                0x1000a25c        0x4 CMakeFiles/simple_photo_frame.dir/mnt/c/Users/hra/Documents/github/OTHERS/pico-sdk/lib/tinyusb/src/device/usbd.c.o
                0x1000a25c                tud_resume_cb
 .text.tud_mounted
                0x1000a260       0x10 CMakeFiles/simple_photo_frame.dir/mnt/c/Users/hra/Documents/github/OTHERS/pico-sdk/lib/tinyusb/src/device/usbd.c.o
                0x1000a260                tud_mounted
 .text.tud_suspended
                0x1000a270       0x10 CMakeFiles/simple_photo_frame.dir/mnt/c/Users/hra/Documents/github/OTHERS/pico-sdk/lib/tinyusb/src/device/usbd.c.o
                0x1000a270                tud_suspended
 .text.tud_rhport_init
                0x1000a280       0xf8 CMakeFiles/simple_photo_frame.dir/mnt/c/Users/hra/Documents/github/OTHERS/pico-sdk/lib/tinyusb/src/device/usbd.c.o
                0x1000a280                tud_rhport_init
 .text.tud_task_ext
                0x1000a378      0x784 CMakeFiles/simple_photo_frame.dir/mnt/c/Users/hra/Documents/github/OTHERS/pico-sdk/lib/tinyusb/src/device/usbd.c.o
                0x1000a378                tud_task_ext
 .text.usbd_open_edpt_pair
                0x1000aafc       0x9c CMakeFiles/simple_photo_frame.dir/mnt/c/Users/hra/Documents/github/OTHERS/pico-sdk/lib/tinyusb/src/device/usbd.c.o
                0x1000aafc                usbd_open_edpt_pair
 .text.usbd_edpt_open
                0x1000ab98       0x44 CMakeFiles/simple_photo_frame.dir/mnt/c/Users/hra/Documents/github/OTHERS/pico-sdk/lib/tinyusb/src/device/usbd.c.o
                0x1000ab98                usbd_edpt_open
 .text.usbd_edpt_claim
                0x1000abdc       0x24 CMakeFiles/simple_photo_frame.dir/mnt/c/Users/hra/Documents/github/OTHERS/pico-sdk/lib/tinyusb/src/device/usbd.c.o
                0x1000abdc                usbd_edpt_claim
 .text.usbd_edpt_release
                0x1000ac00       0x24 CMakeFiles/simple_photo_frame.dir/mnt/c/Users/hra/Documents/github/OTHERS/pico-sdk/lib/tinyusb/src/device/usbd.c.o
                0x1000ac00                usbd_edpt_release
 .text.usbd_edpt_xfer
                0x1000ac24       0x70 CMakeFiles/simple_photo_frame.dir/mnt/c/Users/hra/Documents/github/OTHERS/pico-sdk/lib/tinyusb/src/device/usbd.c.o
                0x1000ac24                usbd_edpt_xfer
 .text.tud_control_status
                0x1000ac94       0x34 CMakeFiles/simple_photo_frame.dir/mnt/c/Users/hra/Documents/github/OTHERS/pico-sdk/lib/tinyusb/src/device/usbd_control.c.o
                0x1000ac94                tud_control_status
 .text.tud_control_xfer
                0x1000acc8       0xac CMakeFiles/simple_photo_frame.dir/mnt/c/Users/hra/Documents/github/OTHERS/pico-sdk/lib/tinyusb/src/device/usbd_control.c.o
                0x1000acc8                tud_control_xfer
 .text.usbd_control_reset
                0x1000ad74       0x14 CMakeFiles/simple_photo_frame.dir/mnt/c/Users/hra/Documents/github/OTHERS/pico-sdk/lib/tinyusb/src/device/usbd_control.c.o
                0x1000ad74                usbd_control_reset
 .text.usbd_control_set_complete_callback
                0x1000ad88        0xc CMakeFiles/simple_photo_frame.dir/mnt/c/Users/hra/Documents/github/OTHERS/pico-sdk/lib/tinyusb/src/device/usbd_control.c.o
                0x1000ad88                usbd_control_set_complete_callback
 .text.usbd_control_set_request
                0x1000ad94       0x1c CMakeFiles/simple_photo_frame.dir/mnt/c/Users/hra/Documents/github/OTHERS/pico-sdk/lib/tinyusb/src/device/usbd_control.c.o
                0x1000ad94                usbd_control_set_request
 .text.usbd_control_xfer_cb
                0x1000adb0       0xfc CMakeFiles/simple_photo_frame.dir/mnt/c/Users/hra/Documents/github/OTHERS/pico-sdk/lib/tinyusb/src/device/usbd_control.c.o
                0x1000adb0                usbd_control_xfer_cb
 .text._prep_out_transaction.isra.0
                0x1000aeac       0x74 CMakeFiles/simple_photo_frame.dir/mnt/c/Users/hra/Documents/github/OTHERS/pico-sdk/lib/tinyusb/src/class/cdc/cdc_device.c.o
 .text.tud_cdc_n_connected
                0x1000af20       0x2c CMakeFiles/simple_photo_frame.dir/mnt/c/Users/hra/Documents/github/OTHERS/pico-sdk/lib/tinyusb/src/class/cdc/cdc_device.c.o
                0x1000af20                tud_cdc_n_connected
 .text.tud_cdc_n_available
                0x1000af4c       0x18 CMakeFiles/simple_photo_frame.dir/mnt/c/Users/hra/Documents/github/OTHERS/pico-sdk/lib/tinyusb/src/class/cdc/cdc_device.c.o
                0x1000af4c                tud_cdc_n_available
 .text.tud_cdc_n_read
                0x1000af64       0x8c CMakeFiles/simple_photo_frame.dir/mnt/c/Users/hra/Documents/github/OTHERS/pico-sdk/lib/tinyusb/src/class/cdc/cdc_device.c.o
                0x1000af64                tud_cdc_n_read
 .text.tud_cdc_n_write_flush
                0x1000aff0       0x8c CMakeFiles/simple_photo_frame.dir/mnt/c/Users/hra/Documents/github/OTHERS/pico-sdk/lib/tinyusb/src/class/cdc/cdc_device.c.o
                0x1000aff0                tud_cdc_n_write_flush
 .text.tud_cdc_n_write
                0x1000b07c       0x44 CMakeFiles/simple_photo_frame.dir/mnt/c/Users/hra/Documents/github/OTHERS/pico-sdk/lib/tinyusb/src/class/cdc/cdc_device.c.o
                0x1000b07c                tud_cdc_n_write
 .text.tud_cdc_n_write_available
                0x1000b0c0       0x18 CMakeFiles/simple_photo_frame.dir/mnt/c/Users/hra/Documents/github/OTHERS/pico-sdk/lib/tinyusb/src/class/cdc/cdc_device.c.o
                0x1000b0c0                tud_cdc_n_write_available
 .text.cdcd_init
                0x1000b0d8       0x70 CMakeFiles/simple_photo_frame.dir/mnt/c/Users/hra/Documents/github/OTHERS/pico-sdk/lib/tinyusb/src/class/cdc/cdc_device.c.o
                0x1000b0d8                cdcd_init
 .text.cdcd_deinit
                0x1000b148       0x2c CMakeFiles/simple_photo_frame.dir/mnt/c/Users/hra/Documents/github/OTHERS/pico-sdk/lib/tinyusb/src/class/cdc/cdc_device.c.o
                0x1000b148                cdcd_deinit
 .text.cdcd_reset
                0x1000b174       0x4c CMakeFiles/simple_photo_frame.dir/mnt/c/Users/hra/Documents/github/OTHERS/pico-sdk/lib/tinyusb/src/class/cdc/cdc_device.c.o
                0x1000b174                cdcd_reset
 .text.cdcd_open
                0x1000b1c0       0xbc CMakeFiles/simple_photo_frame.dir/mnt/c/Users/hra/Documents/github/OTHERS/pico-sdk/lib/tinyusb/src/class/cdc/cdc_device.c.o
                0x1000b1c0                cdcd_open
 .text.cdcd_control_xfer_cb
                0x1000b27c       0xc0 CMakeFiles/simple_photo_frame.dir/mnt/c/Users/hra/Documents/github/OTHERS/pico-sdk/lib/tinyusb/src/class/cdc/cdc_device.c.o
                0x1000b27c                cdcd_control_xfer_cb
 .text.cdcd_xfer_cb
                0x1000b33c       0xfc CMakeFiles/simple_photo_frame.dir/mnt/c/Users/hra/Documents/github/OTHERS/pico-sdk/lib/tinyusb/src/class/cdc/cdc_device.c.o
                0x1000b33c                cdcd_xfer_cb
 .text.vendord_init
                0x1000b438       0x5c CMakeFiles/simple_photo_frame.dir/mnt/c/Users/hra/Documents/github/OTHERS/pico-sdk/lib/tinyusb/src/class/vendor/vendor_device.c.o
                0x1000b438                vendord_init
 .text.vendord_deinit
                0x1000b494       0x1c CMakeFiles/simple_photo_frame.dir/mnt/c/Users/hra/Documents/github/OTHERS/pico-sdk/lib/tinyusb/src/class/vendor/vendor_device.c.o
                0x1000b494                vendord_deinit
 .text.vendord_reset
                0x1000b4b0       0x24 CMakeFiles/simple_photo_frame.dir/mnt/c/Users/hra/Documents/github/OTHERS/pico-sdk/lib/tinyusb/src/class/vendor/vendor_device.c.o
                0x1000b4b0                vendord_reset
 .text.vendord_open
                0x1000b4d4      0x104 CMakeFiles/simple_photo_frame.dir/mnt/c/Users/hra/Documents/github/OTHERS/pico-sdk/lib/tinyusb/src/class/vendor/vendor_device.c.o
                0x1000b4d4                vendord_open
 .text.vendord_xfer_cb
                0x1000b5d8       0x88 CMakeFiles/simple_photo_frame.dir/mnt/c/Users/hra/Documents/github/OTHERS/pico-sdk/lib/tinyusb/src/class/vendor/vendor_device.c.o
                0x1000b5d8                vendord_xfer_cb
 .text.tusb_rhport_init
                0x1000b660       0x60 CMakeFiles/simple_photo_frame.dir/mnt/c/Users/hra/Documents/github/OTHERS/pico-sdk/lib/tinyusb/src/tusb.c.o
                0x1000b660                tusb_rhport_init
 .text.tu_edpt_claim
                0x1000b6c0       0x54 CMakeFiles/simple_photo_frame.dir/mnt/c/Users/hra/Documents/github/OTHERS/pico-sdk/lib/tinyusb/src/tusb.c.o
                0x1000b6c0                tu_edpt_claim
 .text.tu_edpt_release
                0x1000b714       0x38 CMakeFiles/simple_photo_frame.dir/mnt/c/Users/hra/Documents/github/OTHERS/pico-sdk/lib/tinyusb/src/tusb.c.o
                0x1000b714                tu_edpt_release
 .text.tu_edpt_validate
                0x1000b74c       0x64 CMakeFiles/simple_photo_frame.dir/mnt/c/Users/hra/Documents/github/OTHERS/pico-sdk/lib/tinyusb/src/tusb.c.o
                0x1000b74c                tu_edpt_validate
 .text.tu_edpt_bind_driver
                0x1000b7b0       0x58 CMakeFiles/simple_photo_frame.dir/mnt/c/Users/hra/Documents/github/OTHERS/pico-sdk/lib/tinyusb/src/tusb.c.o
                0x1000b7b0                tu_edpt_bind_driver
 .text.tu_edpt_stream_init
                0x1000b808       0x58 CMakeFiles/simple_photo_frame.dir/mnt/c/Users/hra/Documents/github/OTHERS/pico-sdk/lib/tinyusb/src/tusb.c.o
                0x1000b808                tu_edpt_stream_init
 .text.tu_edpt_stream_deinit
                0x1000b860        0x4 CMakeFiles/simple_photo_frame.dir/mnt/c/Users/hra/Documents/github/OTHERS/pico-sdk/lib/tinyusb/src/tusb.c.o
                0x1000b860                tu_edpt_stream_deinit
 .text.tu_edpt_stream_write_zlp_if_needed
                0x1000b864       0x68 CMakeFiles/simple_photo_frame.dir/mnt/c/Users/hra/Documents/github/OTHERS/pico-sdk/lib/tinyusb/src/tusb.c.o
                0x1000b864                tu_edpt_stream_write_zlp_if_needed
 .text.tu_edpt_stream_write_xfer
                0x1000b8cc       0x70 CMakeFiles/simple_photo_frame.dir/mnt/c/Users/hra/Documents/github/OTHERS/pico-sdk/lib/tinyusb/src/tusb.c.o
                0x1000b8cc                tu_edpt_stream_write_xfer
 .text.tu_edpt_stream_read_xfer
                0x1000b93c       0xd0 CMakeFiles/simple_photo_frame.dir/mnt/c/Users/hra/Documents/github/OTHERS/pico-sdk/lib/tinyusb/src/tusb.c.o
                0x1000b93c                tu_edpt_stream_read_xfer
 .text.tu_fifo_config
                0x1000ba0c       0x60 CMakeFiles/simple_photo_frame.dir/mnt/c/Users/hra/Documents/github/OTHERS/pico-sdk/lib/tinyusb/src/common/tusb_fifo.c.o
                0x1000ba0c                tu_fifo_config
 .text.tu_fifo_count
                0x1000ba6c       0x20 CMakeFiles/simple_photo_frame.dir/mnt/c/Users/hra/Documents/github/OTHERS/pico-sdk/lib/tinyusb/src/common/tusb_fifo.c.o
                0x1000ba6c                tu_fifo_count
 .text.tu_fifo_empty
                0x1000ba8c       0x14 CMakeFiles/simple_photo_frame.dir/mnt/c/Users/hra/Documents/github/OTHERS/pico-sdk/lib/tinyusb/src/common/tusb_fifo.c.o
                0x1000ba8c                tu_fifo_empty
 .text.tu_fifo_remaining
                0x1000baa0       0x24 CMakeFiles/simple_photo_frame.dir/mnt/c/Users/hra/Documents/github/OTHERS/pico-sdk/lib/tinyusb/src/common/tusb_fifo.c.o
                0x1000baa0                tu_fifo_remaining
 .text.tu_fifo_read
                0x1000bac4       0x94 CMakeFiles/simple_photo_frame.dir/mnt/c/Users/hra/Documents/github/OTHERS/pico-sdk/lib/tinyusb/src/common/tusb_fifo.c.o
                0x1000bac4                tu_fifo_read
 .text.tu_fifo_read_n
                0x1000bb58       0xd8 CMakeFiles/simple_photo_frame.dir/mnt/c/Users/hra/Documents/github/OTHERS/pico-sdk/lib/tinyusb/src/common/tusb_fifo.c.o
                0x1000bb58                tu_fifo_read_n
 .text.tu_fifo_write
                0x1000bc30       0xa0 CMakeFiles/simple_photo_frame.dir/mnt/c/Users/hra/Documents/github/OTHERS/pico-sdk/lib/tinyusb/src/common/tusb_fifo.c.o
                0x1000bc30                tu_fifo_write
 .text.tu_fifo_write_n
                0x1000bcd0      0x158 CMakeFiles/simple_photo_frame.dir/mnt/c/Users/hra/Documents/github/OTHERS/pico-sdk/lib/tinyusb/src/common/tusb_fifo.c.o
                0x1000bcd0                tu_fifo_write_n
 .text.tu_fifo_clear
                0x1000be28       0x38 CMakeFiles/simple_photo_frame.dir/mnt/c/Users/hra/Documents/github/OTHERS/pico-sdk/lib/tinyusb/src/common/tusb_fifo.c.o
                0x1000be28                tu_fifo_clear
 .text.tu_fifo_set_overwritable
                0x1000be60       0x3c CMakeFiles/simple_photo_frame.dir/mnt/c/Users/hra/Documents/github/OTHERS/pico-sdk/lib/tinyusb/src/common/tusb_fifo.c.o
                0x1000be60                tu_fifo_set_overwritable
 .text.spi_init
                0x1000be9c       0xf4 CMakeFiles/simple_photo_frame.dir/mnt/c/Users/hra/Documents/github/OTHERS/pico-sdk/src/rp2_common/hardware_spi/spi.c.o
                0x1000be9c                spi_init
 .text.spi_set_baudrate
                0x1000bf90       0x9c CMakeFiles/simple_photo_frame.dir/mnt/c/Users/hra/Documents/github/OTHERS/pico-sdk/src/rp2_common/hardware_spi/spi.c.o
                0x1000bf90                spi_set_baudrate
 .text.cyw43_arch_set_async_context
                0x1000c02c        0xc CMakeFiles/simple_photo_frame.dir/mnt/c/Users/hra/Documents/github/OTHERS/pico-sdk/src/rp2_common/pico_cyw43_arch/cyw43_arch.c.o
                0x1000c02c                cyw43_arch_set_async_context
 .text.cyw43_arch_gpio_put
                0x1000c038       0x10 CMakeFiles/simple_photo_frame.dir/mnt/c/Users/hra/Documents/github/OTHERS/pico-sdk/src/rp2_common/pico_cyw43_arch/cyw43_arch.c.o
                0x1000c038                cyw43_arch_gpio_put
 .text.cyw43_arch_async_context
                0x1000c048        0xc CMakeFiles/simple_photo_frame.dir/mnt/c/Users/hra/Documents/github/OTHERS/pico-sdk/src/rp2_common/pico_cyw43_arch/cyw43_arch.c.o
                0x1000c048                cyw43_arch_async_context
 .text.cyw43_arch_init
                0x1000c054       0x5c CMakeFiles/simple_photo_frame.dir/mnt/c/Users/hra/Documents/github/OTHERS/pico-sdk/src/rp2_common/pico_cyw43_arch/cyw43_arch_threadsafe_background.c.o
                0x1000c054                cyw43_arch_init
 .text.ns_delay.constprop.0
                0x1000c0b0       0x24 CMakeFiles/simple_photo_frame.dir/mnt/c/Users/hra/Documents/github/OTHERS/pico-sdk/src/rp2_common/pico_cyw43_driver/cyw43_bus_pio_spi.c.o
 .text.cyw43_spi_deinit
                0x1000c0d4       0x6c CMakeFiles/simple_photo_frame.dir/mnt/c/Users/hra/Documents/github/OTHERS/pico-sdk/src/rp2_common/pico_cyw43_driver/cyw43_bus_pio_spi.c.o
                0x1000c0d4                cyw43_spi_deinit
 .text.cyw43_spi_init
                0x1000c140      0x128 CMakeFiles/simple_photo_frame.dir/mnt/c/Users/hra/Documents/github/OTHERS/pico-sdk/src/rp2_common/pico_cyw43_driver/cyw43_bus_pio_spi.c.o
                0x1000c140                cyw43_spi_init
 .text.cyw43_spi_transfer
                0x1000c268      0x3a0 CMakeFiles/simple_photo_frame.dir/mnt/c/Users/hra/Documents/github/OTHERS/pico-sdk/src/rp2_common/pico_cyw43_driver/cyw43_bus_pio_spi.c.o
                0x1000c268                cyw43_spi_transfer
 .text.cyw43_spi_gpio_setup
                0x1000c608       0x40 CMakeFiles/simple_photo_frame.dir/mnt/c/Users/hra/Documents/github/OTHERS/pico-sdk/src/rp2_common/pico_cyw43_driver/cyw43_bus_pio_spi.c.o
                0x1000c608                cyw43_spi_gpio_setup
 .text.cyw43_spi_reset
                0x1000c648       0x30 CMakeFiles/simple_photo_frame.dir/mnt/c/Users/hra/Documents/github/OTHERS/pico-sdk/src/rp2_common/pico_cyw43_driver/cyw43_bus_pio_spi.c.o
                0x1000c648                cyw43_spi_reset
 .text.read_reg_u32_swap
                0x1000c678       0x3c CMakeFiles/simple_photo_frame.dir/mnt/c/Users/hra/Documents/github/OTHERS/pico-sdk/src/rp2_common/pico_cyw43_driver/cyw43_bus_pio_spi.c.o
                0x1000c678                read_reg_u32_swap
 .text.cyw43_read_reg_u32
                0x1000c6b4       0x50 CMakeFiles/simple_photo_frame.dir/mnt/c/Users/hra/Documents/github/OTHERS/pico-sdk/src/rp2_common/pico_cyw43_driver/cyw43_bus_pio_spi.c.o
                0x1000c6b4                cyw43_read_reg_u32
 .text.cyw43_read_reg_u16
                0x1000c704       0x54 CMakeFiles/simple_photo_frame.dir/mnt/c/Users/hra/Documents/github/OTHERS/pico-sdk/src/rp2_common/pico_cyw43_driver/cyw43_bus_pio_spi.c.o
                0x1000c704                cyw43_read_reg_u16
 .text.cyw43_read_reg_u8
                0x1000c758       0x54 CMakeFiles/simple_photo_frame.dir/mnt/c/Users/hra/Documents/github/OTHERS/pico-sdk/src/rp2_common/pico_cyw43_driver/cyw43_bus_pio_spi.c.o
                0x1000c758                cyw43_read_reg_u8
 .text.write_reg_u32_swap
                0x1000c7ac      0x1cc CMakeFiles/simple_photo_frame.dir/mnt/c/Users/hra/Documents/github/OTHERS/pico-sdk/src/rp2_common/pico_cyw43_driver/cyw43_bus_pio_spi.c.o
                0x1000c7ac                write_reg_u32_swap
 .text.cyw43_write_reg_u32
                0x1000c978      0x1c8 CMakeFiles/simple_photo_frame.dir/mnt/c/Users/hra/Documents/github/OTHERS/pico-sdk/src/rp2_common/pico_cyw43_driver/cyw43_bus_pio_spi.c.o
                0x1000c978                cyw43_write_reg_u32
 .text.cyw43_write_reg_u16
                0x1000cb40      0x1c8 CMakeFiles/simple_photo_frame.dir/mnt/c/Users/hra/Documents/github/OTHERS/pico-sdk/src/rp2_common/pico_cyw43_driver/cyw43_bus_pio_spi.c.o
                0x1000cb40                cyw43_write_reg_u16
 .text.cyw43_write_reg_u8
                0x1000cd08      0x1c8 CMakeFiles/simple_photo_frame.dir/mnt/c/Users/hra/Documents/github/OTHERS/pico-sdk/src/rp2_common/pico_cyw43_driver/cyw43_bus_pio_spi.c.o
                0x1000cd08                cyw43_write_reg_u8
 .text.cyw43_read_bytes
                0x1000ced0       0x80 CMakeFiles/simple_photo_frame.dir/mnt/c/Users/hra/Documents/github/OTHERS/pico-sdk/src/rp2_common/pico_cyw43_driver/cyw43_bus_pio_spi.c.o
                0x1000ced0                cyw43_read_bytes
 .text.cyw43_write_bytes
                0x1000cf50       0xcc CMakeFiles/simple_photo_frame.dir/mnt/c/Users/hra/Documents/github/OTHERS/pico-sdk/src/rp2_common/pico_cyw43_driver/cyw43_bus_pio_spi.c.o
                0x1000cf50                cyw43_write_bytes
 .text.cyw43_set_backplane_window
                0x1000d01c       0x70 CMakeFiles/simple_photo_frame.dir/mnt/c/Users/hra/Documents/github/OTHERS/pico-sdk/lib/cyw43-driver/src/cyw43_ll.c.o
 .text.cyw43_ll_parse_async_event
                0x1000d08c      0x10c CMakeFiles/simple_photo_frame.dir/mnt/c/Users/hra/Documents/github/OTHERS/pico-sdk/lib/cyw43-driver/src/cyw43_ll.c.o
 .text.cyw43_kso_set
                0x1000d198       0x7c CMakeFiles/simple_photo_frame.dir/mnt/c/Users/hra/Documents/github/OTHERS/pico-sdk/lib/cyw43-driver/src/cyw43_ll.c.o
 .text.cyw43_ll_sdpcm_poll_device
                0x1000d214      0x230 CMakeFiles/simple_photo_frame.dir/mnt/c/Users/hra/Documents/github/OTHERS/pico-sdk/lib/cyw43-driver/src/cyw43_ll.c.o
 .text.cyw43_sdpcm_send_common
                0x1000d444       0xe8 CMakeFiles/simple_photo_frame.dir/mnt/c/Users/hra/Documents/github/OTHERS/pico-sdk/lib/cyw43-driver/src/cyw43_ll.c.o
 .text.cyw43_do_ioctl.part.0
                0x1000d52c       0xc0 CMakeFiles/simple_photo_frame.dir/mnt/c/Users/hra/Documents/github/OTHERS/pico-sdk/lib/cyw43-driver/src/cyw43_ll.c.o
 .text.cyw43_download_resource
                0x1000d5ec       0xb8 CMakeFiles/simple_photo_frame.dir/mnt/c/Users/hra/Documents/github/OTHERS/pico-sdk/lib/cyw43-driver/src/cyw43_ll.c.o
 .text.cyw43_write_iovar_u32.constprop.0
                0x1000d6a4       0x74 CMakeFiles/simple_photo_frame.dir/mnt/c/Users/hra/Documents/github/OTHERS/pico-sdk/lib/cyw43-driver/src/cyw43_ll.c.o
 .text.cyw43_write_iovar_n
                0x1000d718       0x80 CMakeFiles/simple_photo_frame.dir/mnt/c/Users/hra/Documents/github/OTHERS/pico-sdk/lib/cyw43-driver/src/cyw43_ll.c.o
 .text.cyw43_read_backplane.constprop.0
                0x1000d798       0xe4 CMakeFiles/simple_photo_frame.dir/mnt/c/Users/hra/Documents/github/OTHERS/pico-sdk/lib/cyw43-driver/src/cyw43_ll.c.o
 .text.cyw43_write_backplane
                0x1000d87c       0xf8 CMakeFiles/simple_photo_frame.dir/mnt/c/Users/hra/Documents/github/OTHERS/pico-sdk/lib/cyw43-driver/src/cyw43_ll.c.o
 .text.reset_device_core.constprop.0
                0x1000d974      0x3bc CMakeFiles/simple_photo_frame.dir/mnt/c/Users/hra/Documents/github/OTHERS/pico-sdk/lib/cyw43-driver/src/cyw43_ll.c.o
 .text.cyw43_ll_init
                0x1000dd30       0x18 CMakeFiles/simple_photo_frame.dir/mnt/c/Users/hra/Documents/github/OTHERS/pico-sdk/lib/cyw43-driver/src/cyw43_ll.c.o
                0x1000dd30                cyw43_ll_init
 .text.cyw43_ll_deinit
                0x1000dd48        0x4 CMakeFiles/simple_photo_frame.dir/mnt/c/Users/hra/Documents/github/OTHERS/pico-sdk/lib/cyw43-driver/src/cyw43_ll.c.o
                0x1000dd48                cyw43_ll_deinit
 .text.cyw43_ll_process_packets
                0x1000dd4c       0x44 CMakeFiles/simple_photo_frame.dir/mnt/c/Users/hra/Documents/github/OTHERS/pico-sdk/lib/cyw43-driver/src/cyw43_ll.c.o
                0x1000dd4c                cyw43_ll_process_packets
 .text.cyw43_ll_ioctl
                0x1000dd90       0x78 CMakeFiles/simple_photo_frame.dir/mnt/c/Users/hra/Documents/github/OTHERS/pico-sdk/lib/cyw43-driver/src/cyw43_ll.c.o
                0x1000dd90                cyw43_ll_ioctl
 .text.cyw43_ll_bus_sleep
                0x1000de08       0x30 CMakeFiles/simple_photo_frame.dir/mnt/c/Users/hra/Documents/github/OTHERS/pico-sdk/lib/cyw43-driver/src/cyw43_ll.c.o
                0x1000de08                cyw43_ll_bus_sleep
 .text.cyw43_ll_wifi_get_mac
                0x1000de38       0x78 CMakeFiles/simple_photo_frame.dir/mnt/c/Users/hra/Documents/github/OTHERS/pico-sdk/lib/cyw43-driver/src/cyw43_ll.c.o
                0x1000de38                cyw43_ll_wifi_get_mac
 .text.cyw43_ll_bus_init
                0x1000deb0      0x8b0 CMakeFiles/simple_photo_frame.dir/mnt/c/Users/hra/Documents/github/OTHERS/pico-sdk/lib/cyw43-driver/src/cyw43_ll.c.o
                0x1000deb0                cyw43_ll_bus_init
 .text.cyw43_ll_wifi_set_wpa_auth
                0x1000e760       0x48 CMakeFiles/simple_photo_frame.dir/mnt/c/Users/hra/Documents/github/OTHERS/pico-sdk/lib/cyw43-driver/src/cyw43_ll.c.o
                0x1000e760                cyw43_ll_wifi_set_wpa_auth
 .text.cyw43_ll_wifi_rejoin
                0x1000e7a8       0x74 CMakeFiles/simple_photo_frame.dir/mnt/c/Users/hra/Documents/github/OTHERS/pico-sdk/lib/cyw43-driver/src/cyw43_ll.c.o
                0x1000e7a8                cyw43_ll_wifi_rejoin
 .text.cyw43_ll_gpio_set
                0x1000e81c       0x9c CMakeFiles/simple_photo_frame.dir/mnt/c/Users/hra/Documents/github/OTHERS/pico-sdk/lib/cyw43-driver/src/cyw43_ll.c.o
                0x1000e81c                cyw43_ll_gpio_set
 .text.cyw43_ll_has_work
                0x1000e8b8       0x14 CMakeFiles/simple_photo_frame.dir/mnt/c/Users/hra/Documents/github/OTHERS/pico-sdk/lib/cyw43-driver/src/cyw43_ll.c.o
                0x1000e8b8                cyw43_ll_has_work
 .text.cyw43_poll_func
                0x1000e8cc       0xb8 CMakeFiles/simple_photo_frame.dir/mnt/c/Users/hra/Documents/github/OTHERS/pico-sdk/lib/cyw43-driver/src/cyw43_ctrl.c.o
 .text.cyw43_init
                0x1000e984       0x5c CMakeFiles/simple_photo_frame.dir/mnt/c/Users/hra/Documents/github/OTHERS/pico-sdk/lib/cyw43-driver/src/cyw43_ctrl.c.o
                0x1000e984                cyw43_init
 .text.cyw43_deinit
                0x1000e9e0       0x80 CMakeFiles/simple_photo_frame.dir/mnt/c/Users/hra/Documents/github/OTHERS/pico-sdk/lib/cyw43-driver/src/cyw43_ctrl.c.o
                0x1000e9e0                cyw43_deinit
 .text.cyw43_cb_read_host_interrupt_pin
                0x1000ea60        0xc CMakeFiles/simple_photo_frame.dir/mnt/c/Users/hra/Documents/github/OTHERS/pico-sdk/lib/cyw43-driver/src/cyw43_ctrl.c.o
                0x1000ea60                cyw43_cb_read_host_interrupt_pin
 .text.cyw43_cb_ensure_awake
                0x1000ea6c        0xc CMakeFiles/simple_photo_frame.dir/mnt/c/Users/hra/Documents/github/OTHERS/pico-sdk/lib/cyw43-driver/src/cyw43_ctrl.c.o
                0x1000ea6c                cyw43_cb_ensure_awake
 .text.cyw43_cb_process_async_event
                0x1000ea78      0x23c CMakeFiles/simple_photo_frame.dir/mnt/c/Users/hra/Documents/github/OTHERS/pico-sdk/lib/cyw43-driver/src/cyw43_ctrl.c.o
                0x1000ea78                cyw43_cb_process_async_event
 .text.cyw43_gpio_set
                0x1000ecb4       0x98 CMakeFiles/simple_photo_frame.dir/mnt/c/Users/hra/Documents/github/OTHERS/pico-sdk/lib/cyw43-driver/src/cyw43_ctrl.c.o
                0x1000ecb4                cyw43_gpio_set
 .text.pio_sm_set_pindirs_with_mask64
                0x1000ed4c       0x68 CMakeFiles/simple_photo_frame.dir/mnt/c/Users/hra/Documents/github/OTHERS/pico-sdk/src/rp2_common/hardware_pio/pio.c.o
                0x1000ed4c                pio_sm_set_pindirs_with_mask64
 .text.pio_sm_set_consecutive_pindirs
                0x1000edb4       0x8c CMakeFiles/simple_photo_frame.dir/mnt/c/Users/hra/Documents/github/OTHERS/pico-sdk/src/rp2_common/hardware_pio/pio.c.o
                0x1000edb4                pio_sm_set_consecutive_pindirs
 .text.pio_claim_free_sm_and_add_program_for_gpio_range
                0x1000ee40      0x17c CMakeFiles/simple_photo_frame.dir/mnt/c/Users/hra/Documents/github/OTHERS/pico-sdk/src/rp2_common/hardware_pio/pio.c.o
                0x1000ee40                pio_claim_free_sm_and_add_program_for_gpio_range
 .text.pio_remove_program_and_unclaim_sm
                0x1000efbc       0x4c CMakeFiles/simple_photo_frame.dir/mnt/c/Users/hra/Documents/github/OTHERS/pico-sdk/src/rp2_common/hardware_pio/pio.c.o
                0x1000efbc                pio_remove_program_and_unclaim_sm
 .text.dma_channel_unclaim
                0x1000f008        0xc CMakeFiles/simple_photo_frame.dir/mnt/c/Users/hra/Documents/github/OTHERS/pico-sdk/src/rp2_common/hardware_dma/dma.c.o
                0x1000f008                dma_channel_unclaim
 .text.dma_claim_unused_channel
                0x1000f014       0x20 CMakeFiles/simple_photo_frame.dir/mnt/c/Users/hra/Documents/github/OTHERS/pico-sdk/src/rp2_common/hardware_dma/dma.c.o
                0x1000f014                dma_claim_unused_channel
 .text.dma_channel_cleanup
                0x1000f034       0x50 CMakeFiles/simple_photo_frame.dir/mnt/c/Users/hra/Documents/github/OTHERS/pico-sdk/src/rp2_common/hardware_dma/dma.c.o
                0x1000f034                dma_channel_cleanup
 .text.cyw43_sleep_timeout_reached
                0x1000f084        0xc CMakeFiles/simple_photo_frame.dir/mnt/c/Users/hra/Documents/github/OTHERS/pico-sdk/src/rp2_common/pico_cyw43_driver/cyw43_driver.c.o
 .text.cyw43_irq_init
                0x1000f090       0x28 CMakeFiles/simple_photo_frame.dir/mnt/c/Users/hra/Documents/github/OTHERS/pico-sdk/src/rp2_common/pico_cyw43_driver/cyw43_driver.c.o
                0x1000f090                cyw43_irq_init
 .text.cyw43_irq_deinit
                0x1000f0b8       0x20 CMakeFiles/simple_photo_frame.dir/mnt/c/Users/hra/Documents/github/OTHERS/pico-sdk/src/rp2_common/pico_cyw43_driver/cyw43_driver.c.o
                0x1000f0b8                cyw43_irq_deinit
 .text.cyw43_gpio_irq_handler
                0x1000f0d8       0x44 CMakeFiles/simple_photo_frame.dir/mnt/c/Users/hra/Documents/github/OTHERS/pico-sdk/src/rp2_common/pico_cyw43_driver/cyw43_driver.c.o
 .text.cyw43_do_poll
                0x1000f11c       0x70 CMakeFiles/simple_photo_frame.dir/mnt/c/Users/hra/Documents/github/OTHERS/pico-sdk/src/rp2_common/pico_cyw43_driver/cyw43_driver.c.o
 .text.cyw43_post_poll_hook
                0x1000f18c        0xc CMakeFiles/simple_photo_frame.dir/mnt/c/Users/hra/Documents/github/OTHERS/pico-sdk/src/rp2_common/pico_cyw43_driver/cyw43_driver.c.o
                0x1000f18c                cyw43_post_poll_hook
 .text.cyw43_schedule_internal_poll_dispatch
                0x1000f198       0x14 CMakeFiles/simple_photo_frame.dir/mnt/c/Users/hra/Documents/github/OTHERS/pico-sdk/src/rp2_common/pico_cyw43_driver/cyw43_driver.c.o
                0x1000f198                cyw43_schedule_internal_poll_dispatch
 .text.cyw43_driver_init
                0x1000f1ac       0x38 CMakeFiles/simple_photo_frame.dir/mnt/c/Users/hra/Documents/github/OTHERS/pico-sdk/src/rp2_common/pico_cyw43_driver/cyw43_driver.c.o
                0x1000f1ac                cyw43_driver_init
 .text.cyw43_driver_deinit
                0x1000f1e4       0x48 CMakeFiles/simple_photo_frame.dir/mnt/c/Users/hra/Documents/github/OTHERS/pico-sdk/src/rp2_common/pico_cyw43_driver/cyw43_driver.c.o
                0x1000f1e4                cyw43_driver_deinit
 .text.cyw43_hal_generate_laa_mac
                0x1000f22c       0x28 CMakeFiles/simple_photo_frame.dir/mnt/c/Users/hra/Documents/github/OTHERS/pico-sdk/src/rp2_common/pico_cyw43_driver/cyw43_driver.c.o
                0x1000f22c                cyw43_hal_generate_laa_mac
 .text.cyw43_thread_enter
                0x1000f254       0x10 CMakeFiles/simple_photo_frame.dir/mnt/c/Users/hra/Documents/github/OTHERS/pico-sdk/src/rp2_common/pico_cyw43_driver/cyw43_driver.c.o
                0x1000f254                cyw43_thread_enter
 .text.cyw43_thread_exit
                0x1000f264       0x10 CMakeFiles/simple_photo_frame.dir/mnt/c/Users/hra/Documents/github/OTHERS/pico-sdk/src/rp2_common/pico_cyw43_driver/cyw43_driver.c.o
                0x1000f264                cyw43_thread_exit
 .text.cyw43_await_background_or_timeout_us
                0x1000f274       0x6c CMakeFiles/simple_photo_frame.dir/mnt/c/Users/hra/Documents/github/OTHERS/pico-sdk/src/rp2_common/pico_cyw43_driver/cyw43_driver.c.o
                0x1000f274                cyw43_await_background_or_timeout_us
 .text.cyw43_delay_ms
                0x1000f2e0       0x40 CMakeFiles/simple_photo_frame.dir/mnt/c/Users/hra/Documents/github/OTHERS/pico-sdk/src/rp2_common/pico_cyw43_driver/cyw43_driver.c.o
                0x1000f2e0                cyw43_delay_ms
 .text.cyw43_cb_tcpip_deinit
                0x1000f320        0x4 CMakeFiles/simple_photo_frame.dir/mnt/c/Users/hra/Documents/github/OTHERS/pico-sdk/src/rp2_common/pico_cyw43_driver/cyw43_driver.c.o
                0x1000f320                cyw43_cb_tcpip_deinit
 .text.cyw43_cb_tcpip_set_link_up
                0x1000f324        0xc CMakeFiles/simple_photo_frame.dir/mnt/c/Users/hra/Documents/github/OTHERS/pico-sdk/src/rp2_common/pico_cyw43_driver/cyw43_driver.c.o
                0x1000f324                cyw43_cb_tcpip_set_link_up
 .text.cyw43_cb_tcpip_set_link_down
                0x1000f330        0xc CMakeFiles/simple_photo_frame.dir/mnt/c/Users/hra/Documents/github/OTHERS/pico-sdk/src/rp2_common/pico_cyw43_driver/cyw43_driver.c.o
                0x1000f330                cyw43_cb_tcpip_set_link_down
 .text.cyw43_cb_process_ethernet
                0x1000f33c        0xc CMakeFiles/simple_photo_frame.dir/mnt/c/Users/hra/Documents/github/OTHERS/pico-sdk/src/rp2_common/pico_cyw43_driver/cyw43_driver.c.o
                0x1000f33c                cyw43_cb_process_ethernet
 .text.async_context_threadsafe_background_acquire_lock_blocking
                0x1000f348        0x8 CMakeFiles/simple_photo_frame.dir/mnt/c/Users/hra/Documents/github/OTHERS/pico-sdk/src/rp2_common/pico_async_context/async_context_threadsafe_background.c.o
 .text.alarm_handler
                0x1000f350       0x20 CMakeFiles/simple_photo_frame.dir/mnt/c/Users/hra/Documents/github/OTHERS/pico-sdk/src/rp2_common/pico_async_context/async_context_threadsafe_background.c.o
 .text.async_context_threadsafe_background_set_work_pending
                0x1000f370       0x1c CMakeFiles/simple_photo_frame.dir/mnt/c/Users/hra/Documents/github/OTHERS/pico-sdk/src/rp2_common/pico_async_context/async_context_threadsafe_background.c.o
 .text.process_under_lock
                0x1000f38c       0xb0 CMakeFiles/simple_photo_frame.dir/mnt/c/Users/hra/Documents/github/OTHERS/pico-sdk/src/rp2_common/pico_async_context/async_context_threadsafe_background.c.o
 .text.async_context_threadsafe_background_execute_sync
                0x1000f43c       0x3c CMakeFiles/simple_photo_frame.dir/mnt/c/Users/hra/Documents/github/OTHERS/pico-sdk/src/rp2_common/pico_async_context/async_context_threadsafe_background.c.o
                0x1000f43c                async_context_threadsafe_background_execute_sync
 .text.async_context_threadsafe_background_deinit
                0x1000f478       0x5c CMakeFiles/simple_photo_frame.dir/mnt/c/Users/hra/Documents/github/OTHERS/pico-sdk/src/rp2_common/pico_async_context/async_context_threadsafe_background.c.o
 .text.low_priority_irq_handler
                0x1000f4d4       0x40 CMakeFiles/simple_photo_frame.dir/mnt/c/Users/hra/Documents/github/OTHERS/pico-sdk/src/rp2_common/pico_async_context/async_context_threadsafe_background.c.o
 .text.async_context_threadsafe_background_wait_for_work_until
                0x1000f514        0x8 CMakeFiles/simple_photo_frame.dir/mnt/c/Users/hra/Documents/github/OTHERS/pico-sdk/src/rp2_common/pico_async_context/async_context_threadsafe_background.c.o
 .text.async_context_threadsafe_background_wait_until
                0x1000f51c       0x14 CMakeFiles/simple_photo_frame.dir/mnt/c/Users/hra/Documents/github/OTHERS/pico-sdk/src/rp2_common/pico_async_context/async_context_threadsafe_background.c.o
 .text.async_context_threadsafe_background_lock_check
                0x1000f530       0x24 CMakeFiles/simple_photo_frame.dir/mnt/c/Users/hra/Documents/github/OTHERS/pico-sdk/src/rp2_common/pico_async_context/async_context_threadsafe_background.c.o
 .text.async_context_threadsafe_background_release_lock
                0x1000f554       0x28 CMakeFiles/simple_photo_frame.dir/mnt/c/Users/hra/Documents/github/OTHERS/pico-sdk/src/rp2_common/pico_async_context/async_context_threadsafe_background.c.o
 .text.async_context_threadsafe_background_add_at_time_worker
                0x1000f57c       0x3c CMakeFiles/simple_photo_frame.dir/mnt/c/Users/hra/Documents/github/OTHERS/pico-sdk/src/rp2_common/pico_async_context/async_context_threadsafe_background.c.o
 .text.async_context_threadsafe_background_remove_at_time_worker
                0x1000f5b8       0x3c CMakeFiles/simple_photo_frame.dir/mnt/c/Users/hra/Documents/github/OTHERS/pico-sdk/src/rp2_common/pico_async_context/async_context_threadsafe_background.c.o
 .text.async_context_threadsafe_background_add_when_pending_worker
                0x1000f5f4       0x3c CMakeFiles/simple_photo_frame.dir/mnt/c/Users/hra/Documents/github/OTHERS/pico-sdk/src/rp2_common/pico_async_context/async_context_threadsafe_background.c.o
 .text.async_context_threadsafe_background_when_pending_worker
                0x1000f630       0x3c CMakeFiles/simple_photo_frame.dir/mnt/c/Users/hra/Documents/github/OTHERS/pico-sdk/src/rp2_common/pico_async_context/async_context_threadsafe_background.c.o
 .text.async_context_threadsafe_background_default_config
                0x1000f66c        0xc CMakeFiles/simple_photo_frame.dir/mnt/c/Users/hra/Documents/github/OTHERS/pico-sdk/src/rp2_common/pico_async_context/async_context_threadsafe_background.c.o
                0x1000f66c                async_context_threadsafe_background_default_config
 .text.async_context_threadsafe_background_init
                0x1000f678       0x8c CMakeFiles/simple_photo_frame.dir/mnt/c/Users/hra/Documents/github/OTHERS/pico-sdk/src/rp2_common/pico_async_context/async_context_threadsafe_background.c.o
                0x1000f678                async_context_threadsafe_background_init
 .text.async_context_base_add_at_time_worker
                0x1000f704       0x24 CMakeFiles/simple_photo_frame.dir/mnt/c/Users/hra/Documents/github/OTHERS/pico-sdk/src/rp2_common/pico_async_context/async_context_base.c.o
                0x1000f704                async_context_base_add_at_time_worker
 .text.async_context_base_remove_at_time_worker
                0x1000f728       0x28 CMakeFiles/simple_photo_frame.dir/mnt/c/Users/hra/Documents/github/OTHERS/pico-sdk/src/rp2_common/pico_async_context/async_context_base.c.o
                0x1000f728                async_context_base_remove_at_time_worker
 .text.async_context_base_add_when_pending_worker
                0x1000f750       0x20 CMakeFiles/simple_photo_frame.dir/mnt/c/Users/hra/Documents/github/OTHERS/pico-sdk/src/rp2_common/pico_async_context/async_context_base.c.o
                0x1000f750                async_context_base_add_when_pending_worker
 .text.async_context_base_remove_when_pending_worker
                0x1000f770       0x24 CMakeFiles/simple_photo_frame.dir/mnt/c/Users/hra/Documents/github/OTHERS/pico-sdk/src/rp2_common/pico_async_context/async_context_base.c.o
                0x1000f770                async_context_base_remove_when_pending_worker
 .text.async_context_base_execute_once
                0x1000f794       0xd8 CMakeFiles/simple_photo_frame.dir/mnt/c/Users/hra/Documents/github/OTHERS/pico-sdk/src/rp2_common/pico_async_context/async_context_base.c.o
                0x1000f794                async_context_base_execute_once
 .text          0x1000f86c       0x50 /usr/lib/gcc/arm-none-eabi/13.2.1/../../../arm-none-eabi/lib/thumb/v8-m.main+fp/softfp/libg.a(libc_a-rand.o)
                0x1000f86c                srand
                0x1000f87c                rand
 .text          0x1000f8bc       0xa4 /usr/lib/gcc/arm-none-eabi/13.2.1/../../../arm-none-eabi/lib/thumb/v8-m.main+fp/softfp/libg.a(libc_a-memset.o)
                0x1000f8bc                memset
 .text          0x1000f960       0xd0 /usr/lib/gcc/arm-none-eabi/13.2.1/../../../arm-none-eabi/lib/thumb/v8-m.main+fp/softfp/libg.a(libc_a-strchr.o)
                0x1000f960                strchr
 .text          0x1000fa30      0x1bc /usr/lib/gcc/arm-none-eabi/13.2.1/../../../arm-none-eabi/lib/thumb/v8-m.main+fp/softfp/libg.a(libc_a-strcmp.o)